08:24:25 **** Clean-only build of configuration Debug for project Lab1_20242 ****
make -j8 clean 
rm -rf ./Drivers/STM32F4xx_HAL_Driver/Src/stm32f4xx_hal.cyclo ./Drivers/STM32F4xx_HAL_Driver/Src/stm32f4xx_hal.d ./Drivers/STM32F4xx_HAL_Driver/Src/stm32f4xx_hal.o ./Drivers/STM32F4xx_HAL_Driver/Src/stm32f4xx_hal.su ./Drivers/STM32F4xx_HAL_Driver/Src/stm32f4xx_hal_cortex.cyclo ./Drivers/STM32F4xx_HAL_Driver/Src/stm32f4xx_hal_cortex.d ./Drivers/STM32F4xx_HAL_Driver/Src/stm32f4xx_hal_cortex.o ./Drivers/STM32F4xx_HAL_Driver/Src/stm32f4xx_hal_cortex.su ./Drivers/STM32F4xx_HAL_Driver/Src/stm32f4xx_hal_dma.cyclo ./Drivers/STM32F4xx_HAL_Driver/Src/stm32f4xx_hal_dma.d ./Drivers/STM32F4xx_HAL_Driver/Src/stm32f4xx_hal_dma.o ./Drivers/STM32F4xx_HAL_Driver/Src/stm32f4xx_hal_dma.su ./Drivers/STM32F4xx_HAL_Driver/Src/stm32f4xx_hal_dma_ex.cyclo ./Drivers/STM32F4xx_HAL_Driver/Src/stm32f4xx_hal_dma_ex.d ./Drivers/STM32F4xx_HAL_Driver/Src/stm32f4xx_hal_dma_ex.o ./Drivers/STM32F4xx_HAL_Driver/Src/stm32f4xx_hal_dma_ex.su ./Drivers/STM32F4xx_HAL_Driver/Src/stm32f4xx_hal_exti.cyclo ./Drivers/STM32F4xx_HAL_Driver/Src/stm32f4xx_hal_exti.d ./Drivers/STM32F4xx_HAL_Driver/Src/stm32f4xx_hal_exti.o ./Drivers/STM32F4xx_HAL_Driver/Src/stm32f4xx_hal_exti.su ./Drivers/STM32F4xx_HAL_Driver/Src/stm32f4xx_hal_flash.cyclo ./Drivers/STM32F4xx_HAL_Driver/Src/stm32f4xx_hal_flash.d ./Drivers/STM32F4xx_HAL_Driver/Src/stm32f4xx_hal_flash.o ./Drivers/STM32F4xx_HAL_Driver/Src/stm32f4xx_hal_flash.su ./Drivers/STM32F4xx_HAL_Driver/Src/stm32f4xx_hal_flash_ex.cyclo ./Drivers/STM32F4xx_HAL_Driver/Src/stm32f4xx_hal_flash_ex.d ./Drivers/STM32F4xx_HAL_Driver/Src/stm32f4xx_hal_flash_ex.o ./Drivers/STM32F4xx_HAL_Driver/Src/stm32f4xx_hal_flash_ex.su ./Drivers/STM32F4xx_HAL_Driver/Src/stm32f4xx_hal_flash_ramfunc.cyclo ./Drivers/STM32F4xx_HAL_Driver/Src/stm32f4xx_hal_flash_ramfunc.d ./Drivers/STM32F4xx_HAL_Driver/Src/stm32f4xx_hal_flash_ramfunc.o ./Drivers/STM32F4xx_HAL_Driver/Src/stm32f4xx_hal_flash_ramfunc.su ./Drivers/STM32F4xx_HAL_Driver/Src/stm32f4xx_hal_gpio.cyclo ./Drivers/STM32F4xx_HAL_Driver/Src/stm32f4xx_hal_gpio.d ./Drivers/STM32F4xx_HAL_Driver/Src/stm32f4xx_hal_gpio.o ./Drivers/STM32F4xx_HAL_Driver/Src/stm32f4xx_hal_gpio.su ./Drivers/STM32F4xx_HAL_Driver/Src/stm32f4xx_hal_pwr.cyclo ./Drivers/STM32F4xx_HAL_Driver/Src/stm32f4xx_hal_pwr.d ./Drivers/STM32F4xx_HAL_Driver/Src/stm32f4xx_hal_pwr.o ./Drivers/STM32F4xx_HAL_Driver/Src/stm32f4xx_hal_pwr.su ./Drivers/STM32F4xx_HAL_Driver/Src/stm32f4xx_hal_pwr_ex.cyclo ./Drivers/STM32F4xx_HAL_Driver/Src/stm32f4xx_hal_pwr_ex.d ./Drivers/STM32F4xx_HAL_Driver/Src/stm32f4xx_hal_pwr_ex.o ./Drivers/STM32F4xx_HAL_Driver/Src/stm32f4xx_hal_pwr_ex.su ./Drivers/STM32F4xx_HAL_Driver/Src/stm32f4xx_hal_rcc.cyclo ./Drivers/STM32F4xx_HAL_Driver/Src/stm32f4xx_hal_rcc.d ./Drivers/STM32F4xx_HAL_Driver/Src/stm32f4xx_hal_rcc.o ./Drivers/STM32F4xx_HAL_Driver/Src/stm32f4xx_hal_rcc.su ./Drivers/STM32F4xx_HAL_Driver/Src/stm32f4xx_hal_rcc_ex.cyclo ./Drivers/STM32F4xx_HAL_Driver/Src/stm32f4xx_hal_rcc_ex.d ./Drivers/STM32F4xx_HAL_Driver/Src/stm32f4xx_hal_rcc_ex.o ./Drivers/STM32F4xx_HAL_Driver/Src/stm32f4xx_hal_rcc_ex.su ./Drivers/STM32F4xx_HAL_Driver/Src/stm32f4xx_hal_tim.cyclo ./Drivers/STM32F4xx_HAL_Driver/Src/stm32f4xx_hal_tim.d ./Drivers/STM32F4xx_HAL_Driver/Src/stm32f4xx_hal_tim.o ./Drivers/STM32F4xx_HAL_Driver/Src/stm32f4xx_hal_tim.su ./Drivers/STM32F4xx_HAL_Driver/Src/stm32f4xx_hal_tim_ex.cyclo ./Drivers/STM32F4xx_HAL_Driver/Src/stm32f4xx_hal_tim_ex.d ./Drivers/STM32F4xx_HAL_Driver/Src/stm32f4xx_hal_tim_ex.o ./Drivers/STM32F4xx_HAL_Driver/Src/stm32f4xx_hal_tim_ex.su
rm -rf ./Core/Startup/startup_stm32f429zitx.d ./Core/Startup/startup_stm32f429zitx.o
rm -rf ./Core/Src/main.cyclo ./Core/Src/main.d ./Core/Src/main.o ./Core/Src/main.su ./Core/Src/stm32f4xx_hal_msp.cyclo ./Core/Src/stm32f4xx_hal_msp.d ./Core/Src/stm32f4xx_hal_msp.o ./Core/Src/stm32f4xx_hal_msp.su ./Core/Src/stm32f4xx_it.cyclo ./Core/Src/stm32f4xx_it.d ./Core/Src/stm32f4xx_it.o ./Core/Src/stm32f4xx_it.su ./Core/Src/syscalls.cyclo ./Core/Src/syscalls.d ./Core/Src/syscalls.o ./Core/Src/syscalls.su ./Core/Src/sysmem.cyclo ./Core/Src/sysmem.d ./Core/Src/sysmem.o ./Core/Src/sysmem.su ./Core/Src/system_stm32f4xx.cyclo ./Core/Src/system_stm32f4xx.d ./Core/Src/system_stm32f4xx.o ./Core/Src/system_stm32f4xx.su
rm -rf Lab1_20242.elf Lab1_20242.list Lab1_20242.map default.size.stdout
 
08:24:26 **** Build of configuration Debug for project Lab1_20242 ****
make -j8 all 
arm-none-eabi-gcc "../Drivers/STM32F4xx_HAL_Driver/Src/stm32f4xx_hal.c" -mcpu=cortex-m4 -std=gnu11 -g3 -DDEBUG -DUSE_HAL_DRIVER -DSTM32F429xx -c -I../Core/Inc -I../Drivers/STM32F4xx_HAL_Driver/Inc -I../Drivers/STM32F4xx_HAL_Driver/Inc/Legacy -I../Drivers/CMSIS/Device/ST/STM32F4xx/Include -I../Drivers/CMSIS/Include -O0 -ffunction-sections -fdata-sections -Wall -fstack-usage -fcyclomatic-complexity -MMD -MP -MF"Drivers/STM32F4xx_HAL_Driver/Src/stm32f4xx_hal.d" -MT"Drivers/STM32F4xx_HAL_Driver/Src/stm32f4xx_hal.o" --specs=nano.specs -mfpu=fpv4-sp-d16 -mfloat-abi=hard -mthumb -o "Drivers/STM32F4xx_HAL_Driver/Src/stm32f4xx_hal.o"
arm-none-eabi-gcc "../Drivers/STM32F4xx_HAL_Driver/Src/stm32f4xx_hal_cortex.c" -mcpu=cortex-m4 -std=gnu11 -g3 -DDEBUG -DUSE_HAL_DRIVER -DSTM32F429xx -c -I../Core/Inc -I../Drivers/STM32F4xx_HAL_Driver/Inc -I../Drivers/STM32F4xx_HAL_Driver/Inc/Legacy -I../Drivers/CMSIS/Device/ST/STM32F4xx/Include -I../Drivers/CMSIS/Include -O0 -ffunction-sections -fdata-sections -Wall -fstack-usage -fcyclomatic-complexity -MMD -MP -MF"Drivers/STM32F4xx_HAL_Driver/Src/stm32f4xx_hal_cortex.d" -MT"Drivers/STM32F4xx_HAL_Driver/Src/stm32f4xx_hal_cortex.o" --specs=nano.specs -mfpu=fpv4-sp-d16 -mfloat-abi=hard -mthumb -o "Drivers/STM32F4xx_HAL_Driver/Src/stm32f4xx_hal_cortex.o"
arm-none-eabi-gcc "../Drivers/STM32F4xx_HAL_Driver/Src/stm32f4xx_hal_dma.c" -mcpu=cortex-m4 -std=gnu11 -g3 -DDEBUG -DUSE_HAL_DRIVER -DSTM32F429xx -c -I../Core/Inc -I../Drivers/STM32F4xx_HAL_Driver/Inc -I../Drivers/STM32F4xx_HAL_Driver/Inc/Legacy -I../Drivers/CMSIS/Device/ST/STM32F4xx/Include -I../Drivers/CMSIS/Include -O0 -ffunction-sections -fdata-sections -Wall -fstack-usage -fcyclomatic-complexity -MMD -MP -MF"Drivers/STM32F4xx_HAL_Driver/Src/stm32f4xx_hal_dma.d" -MT"Drivers/STM32F4xx_HAL_Driver/Src/stm32f4xx_hal_dma.o" --specs=nano.specs -mfpu=fpv4-sp-d16 -mfloat-abi=hard -mthumb -o "Drivers/STM32F4xx_HAL_Driver/Src/stm32f4xx_hal_dma.o"
arm-none-eabi-gcc "../Drivers/STM32F4xx_HAL_Driver/Src/stm32f4xx_hal_dma_ex.c" -mcpu=cortex-m4 -std=gnu11 -g3 -DDEBUG -DUSE_HAL_DRIVER -DSTM32F429xx -c -I../Core/Inc -I../Drivers/STM32F4xx_HAL_Driver/Inc -I../Drivers/STM32F4xx_HAL_Driver/Inc/Legacy -I../Drivers/CMSIS/Device/ST/STM32F4xx/Include -I../Drivers/CMSIS/Include -O0 -ffunction-sections -fdata-sections -Wall -fstack-usage -fcyclomatic-complexity -MMD -MP -MF"Drivers/STM32F4xx_HAL_Driver/Src/stm32f4xx_hal_dma_ex.d" -MT"Drivers/STM32F4xx_HAL_Driver/Src/stm32f4xx_hal_dma_ex.o" --specs=nano.specs -mfpu=fpv4-sp-d16 -mfloat-abi=hard -mthumb -o "Drivers/STM32F4xx_HAL_Driver/Src/stm32f4xx_hal_dma_ex.o"
arm-none-eabi-gcc "../Drivers/STM32F4xx_HAL_Driver/Src/stm32f4xx_hal_exti.c" -mcpu=cortex-m4 -std=gnu11 -g3 -DDEBUG -DUSE_HAL_DRIVER -DSTM32F429xx -c -I../Core/Inc -I../Drivers/STM32F4xx_HAL_Driver/Inc -I../Drivers/STM32F4xx_HAL_Driver/Inc/Legacy -I../Drivers/CMSIS/Device/ST/STM32F4xx/Include -I../Drivers/CMSIS/Include -O0 -ffunction-sections -fdata-sections -Wall -fstack-usage -fcyclomatic-complexity -MMD -MP -MF"Drivers/STM32F4xx_HAL_Driver/Src/stm32f4xx_hal_exti.d" -MT"Drivers/STM32F4xx_HAL_Driver/Src/stm32f4xx_hal_exti.o" --specs=nano.specs -mfpu=fpv4-sp-d16 -mfloat-abi=hard -mthumb -o "Drivers/STM32F4xx_HAL_Driver/Src/stm32f4xx_hal_exti.o"
arm-none-eabi-gcc "../Drivers/STM32F4xx_HAL_Driver/Src/stm32f4xx_hal_flash.c" -mcpu=cortex-m4 -std=gnu11 -g3 -DDEBUG -DUSE_HAL_DRIVER -DSTM32F429xx -c -I../Core/Inc -I../Drivers/STM32F4xx_HAL_Driver/Inc -I../Drivers/STM32F4xx_HAL_Driver/Inc/Legacy -I../Drivers/CMSIS/Device/ST/STM32F4xx/Include -I../Drivers/CMSIS/Include -O0 -ffunction-sections -fdata-sections -Wall -fstack-usage -fcyclomatic-complexity -MMD -MP -MF"Drivers/STM32F4xx_HAL_Driver/Src/stm32f4xx_hal_flash.d" -MT"Drivers/STM32F4xx_HAL_Driver/Src/stm32f4xx_hal_flash.o" --specs=nano.specs -mfpu=fpv4-sp-d16 -mfloat-abi=hard -mthumb -o "Drivers/STM32F4xx_HAL_Driver/Src/stm32f4xx_hal_flash.o"
arm-none-eabi-gcc "../Drivers/STM32F4xx_HAL_Driver/Src/stm32f4xx_hal_flash_ex.c" -mcpu=cortex-m4 -std=gnu11 -g3 -DDEBUG -DUSE_HAL_DRIVER -DSTM32F429xx -c -I../Core/Inc -I../Drivers/STM32F4xx_HAL_Driver/Inc -I../Drivers/STM32F4xx_HAL_Driver/Inc/Legacy -I../Drivers/CMSIS/Device/ST/STM32F4xx/Include -I../Drivers/CMSIS/Include -O0 -ffunction-sections -fdata-sections -Wall -fstack-usage -fcyclomatic-complexity -MMD -MP -MF"Drivers/STM32F4xx_HAL_Driver/Src/stm32f4xx_hal_flash_ex.d" -MT"Drivers/STM32F4xx_HAL_Driver/Src/stm32f4xx_hal_flash_ex.o" --specs=nano.specs -mfpu=fpv4-sp-d16 -mfloat-abi=hard -mthumb -o "Drivers/STM32F4xx_HAL_Driver/Src/stm32f4xx_hal_flash_ex.o"
arm-none-eabi-gcc "../Drivers/STM32F4xx_HAL_Driver/Src/stm32f4xx_hal_flash_ramfunc.c" -mcpu=cortex-m4 -std=gnu11 -g3 -DDEBUG -DUSE_HAL_DRIVER -DSTM32F429xx -c -I../Core/Inc -I../Drivers/STM32F4xx_HAL_Driver/Inc -I../Drivers/STM32F4xx_HAL_Driver/Inc/Legacy -I../Drivers/CMSIS/Device/ST/STM32F4xx/Include -I../Drivers/CMSIS/Include -O0 -ffunction-sections -fdata-sections -Wall -fstack-usage -fcyclomatic-complexity -MMD -MP -MF"Drivers/STM32F4xx_HAL_Driver/Src/stm32f4xx_hal_flash_ramfunc.d" -MT"Drivers/STM32F4xx_HAL_Driver/Src/stm32f4xx_hal_flash_ramfunc.o" --specs=nano.specs -mfpu=fpv4-sp-d16 -mfloat-abi=hard -mthumb -o "Drivers/STM32F4xx_HAL_Driver/Src/stm32f4xx_hal_flash_ramfunc.o"
arm-none-eabi-gcc "../Drivers/STM32F4xx_HAL_Driver/Src/stm32f4xx_hal_gpio.c" -mcpu=cortex-m4 -std=gnu11 -g3 -DDEBUG -DUSE_HAL_DRIVER -DSTM32F429xx -c -I../Core/Inc -I../Drivers/STM32F4xx_HAL_Driver/Inc -I../Drivers/STM32F4xx_HAL_Driver/Inc/Legacy -I../Drivers/CMSIS/Device/ST/STM32F4xx/Include -I../Drivers/CMSIS/Include -O0 -ffunction-sections -fdata-sections -Wall -fstack-usage -fcyclomatic-complexity -MMD -MP -MF"Drivers/STM32F4xx_HAL_Driver/Src/stm32f4xx_hal_gpio.d" -MT"Drivers/STM32F4xx_HAL_Driver/Src/stm32f4xx_hal_gpio.o" --specs=nano.specs -mfpu=fpv4-sp-d16 -mfloat-abi=hard -mthumb -o "Drivers/STM32F4xx_HAL_Driver/Src/stm32f4xx_hal_gpio.o"
arm-none-eabi-gcc "../Drivers/STM32F4xx_HAL_Driver/Src/stm32f4xx_hal_pwr.c" -mcpu=cortex-m4 -std=gnu11 -g3 -DDEBUG -DUSE_HAL_DRIVER -DSTM32F429xx -c -I../Core/Inc -I../Drivers/STM32F4xx_HAL_Driver/Inc -I../Drivers/STM32F4xx_HAL_Driver/Inc/Legacy -I../Drivers/CMSIS/Device/ST/STM32F4xx/Include -I../Drivers/CMSIS/Include -O0 -ffunction-sections -fdata-sections -Wall -fstack-usage -fcyclomatic-complexity -MMD -MP -MF"Drivers/STM32F4xx_HAL_Driver/Src/stm32f4xx_hal_pwr.d" -MT"Drivers/STM32F4xx_HAL_Driver/Src/stm32f4xx_hal_pwr.o" --specs=nano.specs -mfpu=fpv4-sp-d16 -mfloat-abi=hard -mthumb -o "Drivers/STM32F4xx_HAL_Driver/Src/stm32f4xx_hal_pwr.o"
arm-none-eabi-gcc "../Drivers/STM32F4xx_HAL_Driver/Src/stm32f4xx_hal_pwr_ex.c" -mcpu=cortex-m4 -std=gnu11 -g3 -DDEBUG -DUSE_HAL_DRIVER -DSTM32F429xx -c -I../Core/Inc -I../Drivers/STM32F4xx_HAL_Driver/Inc -I../Drivers/STM32F4xx_HAL_Driver/Inc/Legacy -I../Drivers/CMSIS/Device/ST/STM32F4xx/Include -I../Drivers/CMSIS/Include -O0 -ffunction-sections -fdata-sections -Wall -fstack-usage -fcyclomatic-complexity -MMD -MP -MF"Drivers/STM32F4xx_HAL_Driver/Src/stm32f4xx_hal_pwr_ex.d" -MT"Drivers/STM32F4xx_HAL_Driver/Src/stm32f4xx_hal_pwr_ex.o" --specs=nano.specs -mfpu=fpv4-sp-d16 -mfloat-abi=hard -mthumb -o "Drivers/STM32F4xx_HAL_Driver/Src/stm32f4xx_hal_pwr_ex.o"
arm-none-eabi-gcc "../Drivers/STM32F4xx_HAL_Driver/Src/stm32f4xx_hal_rcc.c" -mcpu=cortex-m4 -std=gnu11 -g3 -DDEBUG -DUSE_HAL_DRIVER -DSTM32F429xx -c -I../Core/Inc -I../Drivers/STM32F4xx_HAL_Driver/Inc -I../Drivers/STM32F4xx_HAL_Driver/Inc/Legacy -I../Drivers/CMSIS/Device/ST/STM32F4xx/Include -I../Drivers/CMSIS/Include -O0 -ffunction-sections -fdata-sections -Wall -fstack-usage -fcyclomatic-complexity -MMD -MP -MF"Drivers/STM32F4xx_HAL_Driver/Src/stm32f4xx_hal_rcc.d" -MT"Drivers/STM32F4xx_HAL_Driver/Src/stm32f4xx_hal_rcc.o" --specs=nano.specs -mfpu=fpv4-sp-d16 -mfloat-abi=hard -mthumb -o "Drivers/STM32F4xx_HAL_Driver/Src/stm32f4xx_hal_rcc.o"
arm-none-eabi-gcc "../Drivers/STM32F4xx_HAL_Driver/Src/stm32f4xx_hal_rcc_ex.c" -mcpu=cortex-m4 -std=gnu11 -g3 -DDEBUG -DUSE_HAL_DRIVER -DSTM32F429xx -c -I../Core/Inc -I../Drivers/STM32F4xx_HAL_Driver/Inc -I../Drivers/STM32F4xx_HAL_Driver/Inc/Legacy -I../Drivers/CMSIS/Device/ST/STM32F4xx/Include -I../Drivers/CMSIS/Include -O0 -ffunction-sections -fdata-sections -Wall -fstack-usage -fcyclomatic-complexity -MMD -MP -MF"Drivers/STM32F4xx_HAL_Driver/Src/stm32f4xx_hal_rcc_ex.d" -MT"Drivers/STM32F4xx_HAL_Driver/Src/stm32f4xx_hal_rcc_ex.o" --specs=nano.specs -mfpu=fpv4-sp-d16 -mfloat-abi=hard -mthumb -o "Drivers/STM32F4xx_HAL_Driver/Src/stm32f4xx_hal_rcc_ex.o"
arm-none-eabi-gcc "../Drivers/STM32F4xx_HAL_Driver/Src/stm32f4xx_hal_tim.c" -mcpu=cortex-m4 -std=gnu11 -g3 -DDEBUG -DUSE_HAL_DRIVER -DSTM32F429xx -c -I../Core/Inc -I../Drivers/STM32F4xx_HAL_Driver/Inc -I../Drivers/STM32F4xx_HAL_Driver/Inc/Legacy -I../Drivers/CMSIS/Device/ST/STM32F4xx/Include -I../Drivers/CMSIS/Include -O0 -ffunction-sections -fdata-sections -Wall -fstack-usage -fcyclomatic-complexity -MMD -MP -MF"Drivers/STM32F4xx_HAL_Driver/Src/stm32f4xx_hal_tim.d" -MT"Drivers/STM32F4xx_HAL_Driver/Src/stm32f4xx_hal_tim.o" --specs=nano.specs -mfpu=fpv4-sp-d16 -mfloat-abi=hard -mthumb -o "Drivers/STM32F4xx_HAL_Driver/Src/stm32f4xx_hal_tim.o"
arm-none-eabi-gcc "../Drivers/STM32F4xx_HAL_Driver/Src/stm32f4xx_hal_tim_ex.c" -mcpu=cortex-m4 -std=gnu11 -g3 -DDEBUG -DUSE_HAL_DRIVER -DSTM32F429xx -c -I../Core/Inc -I../Drivers/STM32F4xx_HAL_Driver/Inc -I../Drivers/STM32F4xx_HAL_Driver/Inc/Legacy -I../Drivers/CMSIS/Device/ST/STM32F4xx/Include -I../Drivers/CMSIS/Include -O0 -ffunction-sections -fdata-sections -Wall -fstack-usage -fcyclomatic-complexity -MMD -MP -MF"Drivers/STM32F4xx_HAL_Driver/Src/stm32f4xx_hal_tim_ex.d" -MT"Drivers/STM32F4xx_HAL_Driver/Src/stm32f4xx_hal_tim_ex.o" --specs=nano.specs -mfpu=fpv4-sp-d16 -mfloat-abi=hard -mthumb -o "Drivers/STM32F4xx_HAL_Driver/Src/stm32f4xx_hal_tim_ex.o"
arm-none-eabi-gcc -mcpu=cortex-m4 -g3 -DDEBUG -c -x assembler-with-cpp -MMD -MP -MF"Core/Startup/startup_stm32f429zitx.d" -MT"Core/Startup/startup_stm32f429zitx.o" --specs=nano.specs -mfpu=fpv4-sp-d16 -mfloat-abi=hard -mthumb -o "Core/Startup/startup_stm32f429zitx.o" "../Core/Startup/startup_stm32f429zitx.s"
arm-none-eabi-gcc "../Core/Src/7ledmain.c" -mcpu=cortex-m4 -std=gnu11 -g3 -DDEBUG -DUSE_HAL_DRIVER -DSTM32F429xx -c -I../Core/Inc -I../Drivers/STM32F4xx_HAL_Driver/Inc -I../Drivers/STM32F4xx_HAL_Driver/Inc/Legacy -I../Drivers/CMSIS/Device/ST/STM32F4xx/Include -I../Drivers/CMSIS/Include -O0 -ffunction-sections -fdata-sections -Wall -fstack-usage -fcyclomatic-complexity -MMD -MP -MF"Core/Src/7ledmain.d" -MT"Core/Src/7ledmain.o" --specs=nano.specs -mfpu=fpv4-sp-d16 -mfloat-abi=hard -mthumb -o "Core/Src/7ledmain.o"
arm-none-eabi-gcc "../Core/Src/7seg.c" -mcpu=cortex-m4 -std=gnu11 -g3 -DDEBUG -DUSE_HAL_DRIVER -DSTM32F429xx -c -I../Core/Inc -I../Drivers/STM32F4xx_HAL_Driver/Inc -I../Drivers/STM32F4xx_HAL_Driver/Inc/Legacy -I../Drivers/CMSIS/Device/ST/STM32F4xx/Include -I../Drivers/CMSIS/Include -O0 -ffunction-sections -fdata-sections -Wall -fstack-usage -fcyclomatic-complexity -MMD -MP -MF"Core/Src/7seg.d" -MT"Core/Src/7seg.o" --specs=nano.specs -mfpu=fpv4-sp-d16 -mfloat-abi=hard -mthumb -o "Core/Src/7seg.o"
arm-none-eabi-gcc "../Core/Src/8led.c" -mcpu=cortex-m4 -std=gnu11 -g3 -DDEBUG -DUSE_HAL_DRIVER -DSTM32F429xx -c -I../Core/Inc -I../Drivers/STM32F4xx_HAL_Driver/Inc -I../Drivers/STM32F4xx_HAL_Driver/Inc/Legacy -I../Drivers/CMSIS/Device/ST/STM32F4xx/Include -I../Drivers/CMSIS/Include -O0 -ffunction-sections -fdata-sections -Wall -fstack-usage -fcyclomatic-complexity -MMD -MP -MF"Core/Src/8led.d" -MT"Core/Src/8led.o" --specs=nano.specs -mfpu=fpv4-sp-d16 -mfloat-abi=hard -mthumb -o "Core/Src/8led.o"
arm-none-eabi-gcc "../Core/Src/main.c" -mcpu=cortex-m4 -std=gnu11 -g3 -DDEBUG -DUSE_HAL_DRIVER -DSTM32F429xx -c -I../Core/Inc -I../Drivers/STM32F4xx_HAL_Driver/Inc -I../Drivers/STM32F4xx_HAL_Driver/Inc/Legacy -I../Drivers/CMSIS/Device/ST/STM32F4xx/Include -I../Drivers/CMSIS/Include -O0 -ffunction-sections -fdata-sections -Wall -fstack-usage -fcyclomatic-complexity -MMD -MP -MF"Core/Src/main.d" -MT"Core/Src/main.o" --specs=nano.specs -mfpu=fpv4-sp-d16 -mfloat-abi=hard -mthumb -o "Core/Src/main.o"
arm-none-eabi-gcc "../Core/Src/stm32f4xx_hal_msp.c" -mcpu=cortex-m4 -std=gnu11 -g3 -DDEBUG -DUSE_HAL_DRIVER -DSTM32F429xx -c -I../Core/Inc -I../Drivers/STM32F4xx_HAL_Driver/Inc -I../Drivers/STM32F4xx_HAL_Driver/Inc/Legacy -I../Drivers/CMSIS/Device/ST/STM32F4xx/Include -I../Drivers/CMSIS/Include -O0 -ffunction-sections -fdata-sections -Wall -fstack-usage -fcyclomatic-complexity -MMD -MP -MF"Core/Src/stm32f4xx_hal_msp.d" -MT"Core/Src/stm32f4xx_hal_msp.o" --specs=nano.specs -mfpu=fpv4-sp-d16 -mfloat-abi=hard -mthumb -o "Core/Src/stm32f4xx_hal_msp.o"
../Core/Src/7ledmain.c: In function 'EXTI0_IRQHandler':
../Core/Src/7ledmain.c:225:3: warning: implicit declaration of function 'Set7SegDisplayValue' [-Wimplicit-function-declaration]
  225 |   Set7SegDisplayValue(counter);
      |   ^~~~~~~~~~~~~~~~~~~
arm-none-eabi-gcc "../Core/Src/stm32f4xx_it.c" -mcpu=cortex-m4 -std=gnu11 -g3 -DDEBUG -DUSE_HAL_DRIVER -DSTM32F429xx -c -I../Core/Inc -I../Drivers/STM32F4xx_HAL_Driver/Inc -I../Drivers/STM32F4xx_HAL_Driver/Inc/Legacy -I../Drivers/CMSIS/Device/ST/STM32F4xx/Include -I../Drivers/CMSIS/Include -O0 -ffunction-sections -fdata-sections -Wall -fstack-usage -fcyclomatic-complexity -MMD -MP -MF"Core/Src/stm32f4xx_it.d" -MT"Core/Src/stm32f4xx_it.o" --specs=nano.specs -mfpu=fpv4-sp-d16 -mfloat-abi=hard -mthumb -o "Core/Src/stm32f4xx_it.o"
arm-none-eabi-gcc "../Core/Src/syscalls.c" -mcpu=cortex-m4 -std=gnu11 -g3 -DDEBUG -DUSE_HAL_DRIVER -DSTM32F429xx -c -I../Core/Inc -I../Drivers/STM32F4xx_HAL_Driver/Inc -I../Drivers/STM32F4xx_HAL_Driver/Inc/Legacy -I../Drivers/CMSIS/Device/ST/STM32F4xx/Include -I../Drivers/CMSIS/Include -O0 -ffunction-sections -fdata-sections -Wall -fstack-usage -fcyclomatic-complexity -MMD -MP -MF"Core/Src/syscalls.d" -MT"Core/Src/syscalls.o" --specs=nano.specs -mfpu=fpv4-sp-d16 -mfloat-abi=hard -mthumb -o "Core/Src/syscalls.o"
../Core/Src/8led.c: In function 'DisplayLEDs':
../Core/Src/8led.c:75:25: warning: implicit declaration of function 'DisplayLEDsRaw'; did you mean 'DisplayLEDs'? [-Wimplicit-function-declaration]
   75 |                         DisplayLEDsRaw();
      |                         ^~~~~~~~~~~~~~
      |                         DisplayLEDs
../Core/Src/8led.c:76:25: warning: implicit declaration of function 'HAL_DELAY'; did you mean 'HAL_Delay'? [-Wimplicit-function-declaration]
   76 |                         HAL_DELAY(200);
      |                         ^~~~~~~~~
      |                         HAL_Delay
../Core/Src/8led.c: At top level:
../Core/Src/8led.c:104:6: warning: conflicting types for 'DisplayLEDsRaw'; have 'void()'
  104 | void DisplayLEDsRaw(){
      |      ^~~~~~~~~~~~~~
../Core/Src/8led.c:75:25: note: previous implicit declaration of 'DisplayLEDsRaw' with type 'void()'
   75 |                         DisplayLEDsRaw();
      |                         ^~~~~~~~~~~~~~
../Core/Src/8led.c: In function 'main':
../Core/Src/8led.c:176:3: error: 'LED_value' undeclared (first use in this function); did you mean 'LED_Value'?
  176 |   LED_value = 1;
      |   ^~~~~~~~~
      |   LED_Value
../Core/Src/8led.c:176:3: note: each undeclared identifier is reported only once for each function it appears in
../Core/Src/8led.c:183:11: error: 'repeat' undeclared (first use in this function)
  183 |           repeat++;
      |           ^~~~~~
make: *** [Core/Src/subdir.mk:43: Core/Src/8led.o] Error 1
make: *** Waiting for unfinished jobs....
"make -j8 all" terminated with exit code 2. Build might be incomplete.
08:27:20 **** Incremental Build of configuration Debug for project Lab1_20242 ****
make -j8 all 
arm-none-eabi-gcc "../Core/Src/main.c" -mcpu=cortex-m4 -std=gnu11 -g3 -DDEBUG -DUSE_HAL_DRIVER -DSTM32F429xx -c -I../Core/Inc -I../Drivers/STM32F4xx_HAL_Driver/Inc -I../Drivers/STM32F4xx_HAL_Driver/Inc/Legacy -I../Drivers/CMSIS/Device/ST/STM32F4xx/Include -I../Drivers/CMSIS/Include -O0 -ffunction-sections -fdata-sections -Wall -fstack-usage -fcyclomatic-complexity -MMD -MP -MF"Core/Src/main.d" -MT"Core/Src/main.o" --specs=nano.specs -mfpu=fpv4-sp-d16 -mfloat-abi=hard -mthumb -o "Core/Src/main.o"
arm-none-eabi-gcc "../Core/Src/stm32f4xx_hal_msp.c" -mcpu=cortex-m4 -std=gnu11 -g3 -DDEBUG -DUSE_HAL_DRIVER -DSTM32F429xx -c -I../Core/Inc -I../Drivers/STM32F4xx_HAL_Driver/Inc -I../Drivers/STM32F4xx_HAL_Driver/Inc/Legacy -I../Drivers/CMSIS/Device/ST/STM32F4xx/Include -I../Drivers/CMSIS/Include -O0 -ffunction-sections -fdata-sections -Wall -fstack-usage -fcyclomatic-complexity -MMD -MP -MF"Core/Src/stm32f4xx_hal_msp.d" -MT"Core/Src/stm32f4xx_hal_msp.o" --specs=nano.specs -mfpu=fpv4-sp-d16 -mfloat-abi=hard -mthumb -o "Core/Src/stm32f4xx_hal_msp.o"
arm-none-eabi-gcc "../Core/Src/stm32f4xx_it.c" -mcpu=cortex-m4 -std=gnu11 -g3 -DDEBUG -DUSE_HAL_DRIVER -DSTM32F429xx -c -I../Core/Inc -I../Drivers/STM32F4xx_HAL_Driver/Inc -I../Drivers/STM32F4xx_HAL_Driver/Inc/Legacy -I../Drivers/CMSIS/Device/ST/STM32F4xx/Include -I../Drivers/CMSIS/Include -O0 -ffunction-sections -fdata-sections -Wall -fstack-usage -fcyclomatic-complexity -MMD -MP -MF"Core/Src/stm32f4xx_it.d" -MT"Core/Src/stm32f4xx_it.o" --specs=nano.specs -mfpu=fpv4-sp-d16 -mfloat-abi=hard -mthumb -o "Core/Src/stm32f4xx_it.o"
arm-none-eabi-gcc "../Core/Src/syscalls.c" -mcpu=cortex-m4 -std=gnu11 -g3 -DDEBUG -DUSE_HAL_DRIVER -DSTM32F429xx -c -I../Core/Inc -I../Drivers/STM32F4xx_HAL_Driver/Inc -I../Drivers/STM32F4xx_HAL_Driver/Inc/Legacy -I../Drivers/CMSIS/Device/ST/STM32F4xx/Include -I../Drivers/CMSIS/Include -O0 -ffunction-sections -fdata-sections -Wall -fstack-usage -fcyclomatic-complexity -MMD -MP -MF"Core/Src/syscalls.d" -MT"Core/Src/syscalls.o" --specs=nano.specs -mfpu=fpv4-sp-d16 -mfloat-abi=hard -mthumb -o "Core/Src/syscalls.o"
arm-none-eabi-gcc "../Core/Src/sysmem.c" -mcpu=cortex-m4 -std=gnu11 -g3 -DDEBUG -DUSE_HAL_DRIVER -DSTM32F429xx -c -I../Core/Inc -I../Drivers/STM32F4xx_HAL_Driver/Inc -I../Drivers/STM32F4xx_HAL_Driver/Inc/Legacy -I../Drivers/CMSIS/Device/ST/STM32F4xx/Include -I../Drivers/CMSIS/Include -O0 -ffunction-sections -fdata-sections -Wall -fstack-usage -fcyclomatic-complexity -MMD -MP -MF"Core/Src/sysmem.d" -MT"Core/Src/sysmem.o" --specs=nano.specs -mfpu=fpv4-sp-d16 -mfloat-abi=hard -mthumb -o "Core/Src/sysmem.o"
arm-none-eabi-gcc "../Core/Src/system_stm32f4xx.c" -mcpu=cortex-m4 -std=gnu11 -g3 -DDEBUG -DUSE_HAL_DRIVER -DSTM32F429xx -c -I../Core/Inc -I../Drivers/STM32F4xx_HAL_Driver/Inc -I../Drivers/STM32F4xx_HAL_Driver/Inc/Legacy -I../Drivers/CMSIS/Device/ST/STM32F4xx/Include -I../Drivers/CMSIS/Include -O0 -ffunction-sections -fdata-sections -Wall -fstack-usage -fcyclomatic-complexity -MMD -MP -MF"Core/Src/system_stm32f4xx.d" -MT"Core/Src/system_stm32f4xx.o" --specs=nano.specs -mfpu=fpv4-sp-d16 -mfloat-abi=hard -mthumb -o "Core/Src/system_stm32f4xx.o"
arm-none-eabi-gcc -o "Lab1_20242.elf" @"objects.list"   -mcpu=cortex-m4 -T"D:\HUST\Embedded NLT\Labs\Lab 1\Lab1_20242\STM32F429ZITX_FLASH.ld" --specs=nosys.specs -Wl,-Map="Lab1_20242.map" -Wl,--gc-sections -static --specs=nano.specs -mfpu=fpv4-sp-d16 -mfloat-abi=hard -mthumb -Wl,--start-group -lc -lm -Wl,--end-group
Finished building target: Lab1_20242.elf
 
arm-none-eabi-size  Lab1_20242.elf 
arm-none-eabi-objdump -h -S Lab1_20242.elf  > "Lab1_20242.list"
   text	   data	    bss	    dec	    hex	filename
   8412	     12	   1644	  10068	   2754	Lab1_20242.elf
Finished building: default.size.stdout
 
Finished building: Lab1_20242.list
 
08:31:04 **** Incremental Build of configuration Debug for project Lab1_20242 ****
make -j8 all 
arm-none-eabi-size  Lab1_20242.elf 
   text	   data	    bss	    dec	    hex	filename
   8412	     12	   1644	  10068	   2754	Lab1_20242.elf
Finished building: default.size.stdout
 
08:32:41 **** Incremental Build of configuration Debug for project Lab1_20242 ****
make -j8 all 
arm-none-eabi-size  Lab1_20242.elf 
   text	   data	    bss	    dec	    hex	filename
   8412	     12	   1644	  10068	   2754	Lab1_20242.elf
Finished building: default.size.stdout
 
08:52:06 **** Incremental Build of configuration Debug for project Lab1_20242 ****
make -j8 all 
arm-none-eabi-gcc "../Core/Src/main.c" -mcpu=cortex-m4 -std=gnu11 -g3 -DDEBUG -DUSE_HAL_DRIVER -DSTM32F429xx -c -I../Core/Inc -I../Drivers/STM32F4xx_HAL_Driver/Inc -I../Drivers/STM32F4xx_HAL_Driver/Inc/Legacy -I../Drivers/CMSIS/Device/ST/STM32F4xx/Include -I../Drivers/CMSIS/Include -O0 -ffunction-sections -fdata-sections -Wall -fstack-usage -fcyclomatic-complexity -MMD -MP -MF"Core/Src/main.d" -MT"Core/Src/main.o" --specs=nano.specs -mfpu=fpv4-sp-d16 -mfloat-abi=hard -mthumb -o "Core/Src/main.o"
../Core/Src/main.c: In function 'DisplayLEDs':
../Core/Src/main.c:75:25: warning: implicit declaration of function 'DisplayLEDsRaw'; did you mean 'DisplayLEDs'? [-Wimplicit-function-declaration]
   75 |                         DisplayLEDsRaw();
      |                         ^~~~~~~~~~~~~~
      |                         DisplayLEDs
../Core/Src/main.c:76:25: warning: implicit declaration of function 'HAL_DELAY'; did you mean 'HAL_Delay'? [-Wimplicit-function-declaration]
   76 |                         HAL_DELAY(200);
      |                         ^~~~~~~~~
      |                         HAL_Delay
../Core/Src/main.c: At top level:
../Core/Src/main.c:104:6: warning: conflicting types for 'DisplayLEDsRaw'; have 'void()'
  104 | void DisplayLEDsRaw(){
      |      ^~~~~~~~~~~~~~
../Core/Src/main.c:75:25: note: previous implicit declaration of 'DisplayLEDsRaw' with type 'void()'
   75 |                         DisplayLEDsRaw();
      |                         ^~~~~~~~~~~~~~
../Core/Src/main.c: In function 'main':
../Core/Src/main.c:176:3: error: 'LED_value' undeclared (first use in this function); did you mean 'LED_Value'?
  176 |   LED_value = 1;
      |   ^~~~~~~~~
      |   LED_Value
../Core/Src/main.c:176:3: note: each undeclared identifier is reported only once for each function it appears in
../Core/Src/main.c:183:11: error: 'repeat' undeclared (first use in this function)
  183 |           repeat++;
      |           ^~~~~~
make: *** [Core/Src/subdir.mk:34: Core/Src/main.o] Error 1
"make -j8 all" terminated with exit code 2. Build might be incomplete.
08:55:32 **** Incremental Build of configuration Debug for project Lab1_20242 ****
make -j8 all 
arm-none-eabi-gcc "../Core/Src/main.c" -mcpu=cortex-m4 -std=gnu11 -g3 -DDEBUG -DUSE_HAL_DRIVER -DSTM32F429xx -c -I../Core/Inc -I../Drivers/STM32F4xx_HAL_Driver/Inc -I../Drivers/STM32F4xx_HAL_Driver/Inc/Legacy -I../Drivers/CMSIS/Device/ST/STM32F4xx/Include -I../Drivers/CMSIS/Include -O0 -ffunction-sections -fdata-sections -Wall -fstack-usage -fcyclomatic-complexity -MMD -MP -MF"Core/Src/main.d" -MT"Core/Src/main.o" --specs=nano.specs -mfpu=fpv4-sp-d16 -mfloat-abi=hard -mthumb -o "Core/Src/main.o"
../Core/Src/main.c: In function 'DisplayLEDs':
../Core/Src/main.c:112:25: warning: implicit declaration of function 'HAL_DELAY'; did you mean 'HAL_Delay'? [-Wimplicit-function-declaration]
  112 |                         HAL_DELAY(200);
      |                         ^~~~~~~~~
      |                         HAL_Delay
../Core/Src/main.c: In function 'main':
../Core/Src/main.c:186:11: error: 'repeat' undeclared (first use in this function)
  186 |           repeat++;
      |           ^~~~~~
../Core/Src/main.c:186:11: note: each undeclared identifier is reported only once for each function it appears in
make: *** [Core/Src/subdir.mk:34: Core/Src/main.o] Error 1
"make -j8 all" terminated with exit code 2. Build might be incomplete.
08:56:07 **** Incremental Build of configuration Debug for project Lab1_20242 ****
make -j8 all 
arm-none-eabi-gcc "../Core/Src/main.c" -mcpu=cortex-m4 -std=gnu11 -g3 -DDEBUG -DUSE_HAL_DRIVER -DSTM32F429xx -c -I../Core/Inc -I../Drivers/STM32F4xx_HAL_Driver/Inc -I../Drivers/STM32F4xx_HAL_Driver/Inc/Legacy -I../Drivers/CMSIS/Device/ST/STM32F4xx/Include -I../Drivers/CMSIS/Include -O0 -ffunction-sections -fdata-sections -Wall -fstack-usage -fcyclomatic-complexity -MMD -MP -MF"Core/Src/main.d" -MT"Core/Src/main.o" --specs=nano.specs -mfpu=fpv4-sp-d16 -mfloat-abi=hard -mthumb -o "Core/Src/main.o"
../Core/Src/main.c: In function 'DisplayLEDs':
../Core/Src/main.c:112:25: warning: implicit declaration of function 'HAL_DELAY'; did you mean 'HAL_Delay'? [-Wimplicit-function-declaration]
  112 |                         HAL_DELAY(200);
      |                         ^~~~~~~~~
      |                         HAL_Delay
arm-none-eabi-gcc -o "Lab1_20242.elf" @"objects.list"   -mcpu=cortex-m4 -T"D:\HUST\Embedded NLT\Labs\Lab 1\Lab1_20242\STM32F429ZITX_FLASH.ld" --specs=nosys.specs -Wl,-Map="Lab1_20242.map" -Wl,--gc-sections -static --specs=nano.specs -mfpu=fpv4-sp-d16 -mfloat-abi=hard -mthumb -Wl,--start-group -lc -lm -Wl,--end-group
D:/CODIng/Embedded C/MCU1/SETUP/STM32CubeIDE_1.16.0/STM32CubeIDE/plugins/com.st.stm32cube.ide.mcu.externaltools.gnu-tools-for-stm32.13.3.rel1.win32_1.0.0.202411081344/tools/bin/../lib/gcc/arm-none-eabi/13.3.1/../../../../arm-none-eabi/bin/ld.exe: ./Core/Src/main.o: in function `DisplayLEDs':
D:/HUST/Embedded NLT/Labs/Lab 1/Lab1_20242/Debug/../Core/Src/main.c:112:(.text.DisplayLEDs+0x74): undefined reference to `HAL_DELAY'
collect2.exe: error: ld returned 1 exit status
make: *** [makefile:64: Lab1_20242.elf] Error 1
"make -j8 all" terminated with exit code 2. Build might be incomplete.
08:56:37 **** Incremental Build of configuration Debug for project Lab1_20242 ****
make -j8 all 
arm-none-eabi-gcc "../Core/Src/main.c" -mcpu=cortex-m4 -std=gnu11 -g3 -DDEBUG -DUSE_HAL_DRIVER -DSTM32F429xx -c -I../Core/Inc -I../Drivers/STM32F4xx_HAL_Driver/Inc -I../Drivers/STM32F4xx_HAL_Driver/Inc/Legacy -I../Drivers/CMSIS/Device/ST/STM32F4xx/Include -I../Drivers/CMSIS/Include -O0 -ffunction-sections -fdata-sections -Wall -fstack-usage -fcyclomatic-complexity -MMD -MP -MF"Core/Src/main.d" -MT"Core/Src/main.o" --specs=nano.specs -mfpu=fpv4-sp-d16 -mfloat-abi=hard -mthumb -o "Core/Src/main.o"
arm-none-eabi-gcc -o "Lab1_20242.elf" @"objects.list"   -mcpu=cortex-m4 -T"D:\HUST\Embedded NLT\Labs\Lab 1\Lab1_20242\STM32F429ZITX_FLASH.ld" --specs=nosys.specs -Wl,-Map="Lab1_20242.map" -Wl,--gc-sections -static --specs=nano.specs -mfpu=fpv4-sp-d16 -mfloat-abi=hard -mthumb -Wl,--start-group -lc -lm -Wl,--end-group
Finished building target: Lab1_20242.elf
 
arm-none-eabi-size  Lab1_20242.elf 
arm-none-eabi-objdump -h -S Lab1_20242.elf  > "Lab1_20242.list"
   text	   data	    bss	    dec	    hex	filename
   9132	     12	   1660	  10804	   2a34	Lab1_20242.elf
Finished building: default.size.stdout
 
Finished building: Lab1_20242.list
 
08:58:07 **** Incremental Build of configuration Debug for project Lab1_20242 ****
make -j8 all 
arm-none-eabi-gcc "../Core/Src/main.c" -mcpu=cortex-m4 -std=gnu11 -g3 -DDEBUG -DUSE_HAL_DRIVER -DSTM32F429xx -c -I../Core/Inc -I../Drivers/STM32F4xx_HAL_Driver/Inc -I../Drivers/STM32F4xx_HAL_Driver/Inc/Legacy -I../Drivers/CMSIS/Device/ST/STM32F4xx/Include -I../Drivers/CMSIS/Include -O0 -ffunction-sections -fdata-sections -Wall -fstack-usage -fcyclomatic-complexity -MMD -MP -MF"Core/Src/main.d" -MT"Core/Src/main.o" --specs=nano.specs -mfpu=fpv4-sp-d16 -mfloat-abi=hard -mthumb -o "Core/Src/main.o"
arm-none-eabi-gcc -o "Lab1_20242.elf" @"objects.list"   -mcpu=cortex-m4 -T"D:\HUST\Embedded NLT\Labs\Lab 1\Lab1_20242\STM32F429ZITX_FLASH.ld" --specs=nosys.specs -Wl,-Map="Lab1_20242.map" -Wl,--gc-sections -static --specs=nano.specs -mfpu=fpv4-sp-d16 -mfloat-abi=hard -mthumb -Wl,--start-group -lc -lm -Wl,--end-group
Finished building target: Lab1_20242.elf
 
arm-none-eabi-size  Lab1_20242.elf 
arm-none-eabi-objdump -h -S Lab1_20242.elf  > "Lab1_20242.list"
   text	   data	    bss	    dec	    hex	filename
   9132	     16	   1656	  10804	   2a34	Lab1_20242.elf
Finished building: default.size.stdout
 
Finished building: Lab1_20242.list
 
09:12:40 **** Incremental Build of configuration Debug for project Lab1_20242 ****
make -j8 all 
arm-none-eabi-size  Lab1_20242.elf 
   text	   data	    bss	    dec	    hex	filename
   9132	     16	   1656	  10804	   2a34	Lab1_20242.elf
Finished building: default.size.stdout
 
09:12:50 **** Incremental Build of configuration Debug for project Lab1_20242 ****
make -j8 all 
arm-none-eabi-size  Lab1_20242.elf 
   text	   data	    bss	    dec	    hex	filename
   9132	     16	   1656	  10804	   2a34	Lab1_20242.elf
Finished building: default.size.stdout
 
09:27:18 **** Incremental Build of configuration Debug for project Lab1_20242 ****
make -j8 all 
arm-none-eabi-gcc "../Core/Src/main.c" -mcpu=cortex-m4 -std=gnu11 -g3 -DDEBUG -DUSE_HAL_DRIVER -DSTM32F429xx -c -I../Core/Inc -I../Drivers/STM32F4xx_HAL_Driver/Inc -I../Drivers/STM32F4xx_HAL_Driver/Inc/Legacy -I../Drivers/CMSIS/Device/ST/STM32F4xx/Include -I../Drivers/CMSIS/Include -O0 -ffunction-sections -fdata-sections -Wall -fstack-usage -fcyclomatic-complexity -MMD -MP -MF"Core/Src/main.d" -MT"Core/Src/main.o" --specs=nano.specs -mfpu=fpv4-sp-d16 -mfloat-abi=hard -mthumb -o "Core/Src/main.o"
arm-none-eabi-gcc -o "Lab1_20242.elf" @"objects.list"   -mcpu=cortex-m4 -T"D:\HUST\Embedded NLT\Labs\Lab 1\Lab1_20242\STM32F429ZITX_FLASH.ld" --specs=nosys.specs -Wl,-Map="Lab1_20242.map" -Wl,--gc-sections -static --specs=nano.specs -mfpu=fpv4-sp-d16 -mfloat-abi=hard -mthumb -Wl,--start-group -lc -lm -Wl,--end-group
Finished building target: Lab1_20242.elf
 
arm-none-eabi-size  Lab1_20242.elf 
arm-none-eabi-objdump -h -S Lab1_20242.elf  > "Lab1_20242.list"
   text	   data	    bss	    dec	    hex	filename
   9132	     12	   1660	  10804	   2a34	Lab1_20242.elf
Finished building: default.size.stdout
 
Finished building: Lab1_20242.list
 
09:30:15 **** Incremental Build of configuration Debug for project Lab1_20242 ****
make -j8 all 
arm-none-eabi-gcc "../Core/Src/main.c" -mcpu=cortex-m4 -std=gnu11 -g3 -DDEBUG -DUSE_HAL_DRIVER -DSTM32F429xx -c -I../Core/Inc -I../Drivers/STM32F4xx_HAL_Driver/Inc -I../Drivers/STM32F4xx_HAL_Driver/Inc/Legacy -I../Drivers/CMSIS/Device/ST/STM32F4xx/Include -I../Drivers/CMSIS/Include -O0 -ffunction-sections -fdata-sections -Wall -fstack-usage -fcyclomatic-complexity -MMD -MP -MF"Core/Src/main.d" -MT"Core/Src/main.o" --specs=nano.specs -mfpu=fpv4-sp-d16 -mfloat-abi=hard -mthumb -o "Core/Src/main.o"
arm-none-eabi-gcc -o "Lab1_20242.elf" @"objects.list"   -mcpu=cortex-m4 -T"D:\HUST\Embedded NLT\Labs\Lab 1\Lab1_20242\STM32F429ZITX_FLASH.ld" --specs=nosys.specs -Wl,-Map="Lab1_20242.map" -Wl,--gc-sections -static --specs=nano.specs -mfpu=fpv4-sp-d16 -mfloat-abi=hard -mthumb -Wl,--start-group -lc -lm -Wl,--end-group
Finished building target: Lab1_20242.elf
 
arm-none-eabi-size  Lab1_20242.elf 
arm-none-eabi-objdump -h -S Lab1_20242.elf  > "Lab1_20242.list"
   text	   data	    bss	    dec	    hex	filename
   9148	     12	   1660	  10820	   2a44	Lab1_20242.elf
Finished building: default.size.stdout
 
Finished building: Lab1_20242.list
 
09:31:12 **** Incremental Build of configuration Debug for project Lab1_20242 ****
make -j8 all 
arm-none-eabi-gcc "../Core/Src/main.c" -mcpu=cortex-m4 -std=gnu11 -g3 -DDEBUG -DUSE_HAL_DRIVER -DSTM32F429xx -c -I../Core/Inc -I../Drivers/STM32F4xx_HAL_Driver/Inc -I../Drivers/STM32F4xx_HAL_Driver/Inc/Legacy -I../Drivers/CMSIS/Device/ST/STM32F4xx/Include -I../Drivers/CMSIS/Include -O0 -ffunction-sections -fdata-sections -Wall -fstack-usage -fcyclomatic-complexity -MMD -MP -MF"Core/Src/main.d" -MT"Core/Src/main.o" --specs=nano.specs -mfpu=fpv4-sp-d16 -mfloat-abi=hard -mthumb -o "Core/Src/main.o"
arm-none-eabi-gcc -o "Lab1_20242.elf" @"objects.list"   -mcpu=cortex-m4 -T"D:\HUST\Embedded NLT\Labs\Lab 1\Lab1_20242\STM32F429ZITX_FLASH.ld" --specs=nosys.specs -Wl,-Map="Lab1_20242.map" -Wl,--gc-sections -static --specs=nano.specs -mfpu=fpv4-sp-d16 -mfloat-abi=hard -mthumb -Wl,--start-group -lc -lm -Wl,--end-group
Finished building target: Lab1_20242.elf
 
arm-none-eabi-size  Lab1_20242.elf 
arm-none-eabi-objdump -h -S Lab1_20242.elf  > "Lab1_20242.list"
   text	   data	    bss	    dec	    hex	filename
   9156	     12	   1660	  10828	   2a4c	Lab1_20242.elf
Finished building: default.size.stdout
 
Finished building: Lab1_20242.list
 
09:33:01 **** Incremental Build of configuration Debug for project Lab1_20242 ****
make -j8 all 
arm-none-eabi-gcc "../Core/Src/main.c" -mcpu=cortex-m4 -std=gnu11 -g3 -DDEBUG -DUSE_HAL_DRIVER -DSTM32F429xx -c -I../Core/Inc -I../Drivers/STM32F4xx_HAL_Driver/Inc -I../Drivers/STM32F4xx_HAL_Driver/Inc/Legacy -I../Drivers/CMSIS/Device/ST/STM32F4xx/Include -I../Drivers/CMSIS/Include -O0 -ffunction-sections -fdata-sections -Wall -fstack-usage -fcyclomatic-complexity -MMD -MP -MF"Core/Src/main.d" -MT"Core/Src/main.o" --specs=nano.specs -mfpu=fpv4-sp-d16 -mfloat-abi=hard -mthumb -o "Core/Src/main.o"
arm-none-eabi-gcc -o "Lab1_20242.elf" @"objects.list"   -mcpu=cortex-m4 -T"D:\HUST\Embedded NLT\Labs\Lab 1\Lab1_20242\STM32F429ZITX_FLASH.ld" --specs=nosys.specs -Wl,-Map="Lab1_20242.map" -Wl,--gc-sections -static --specs=nano.specs -mfpu=fpv4-sp-d16 -mfloat-abi=hard -mthumb -Wl,--start-group -lc -lm -Wl,--end-group
Finished building target: Lab1_20242.elf
 
arm-none-eabi-size  Lab1_20242.elf 
arm-none-eabi-objdump -h -S Lab1_20242.elf  > "Lab1_20242.list"
   text	   data	    bss	    dec	    hex	filename
   9192	     12	   1668	  10872	   2a78	Lab1_20242.elf
Finished building: default.size.stdout
 
Finished building: Lab1_20242.list
 
09:36:25 **** Incremental Build of configuration Debug for project Lab1_20242 ****
make -j8 all 
arm-none-eabi-gcc "../Core/Src/main.c" -mcpu=cortex-m4 -std=gnu11 -g3 -DDEBUG -DUSE_HAL_DRIVER -DSTM32F429xx -c -I../Core/Inc -I../Drivers/STM32F4xx_HAL_Driver/Inc -I../Drivers/STM32F4xx_HAL_Driver/Inc/Legacy -I../Drivers/CMSIS/Device/ST/STM32F4xx/Include -I../Drivers/CMSIS/Include -O0 -ffunction-sections -fdata-sections -Wall -fstack-usage -fcyclomatic-complexity -MMD -MP -MF"Core/Src/main.d" -MT"Core/Src/main.o" --specs=nano.specs -mfpu=fpv4-sp-d16 -mfloat-abi=hard -mthumb -o "Core/Src/main.o"
arm-none-eabi-gcc -o "Lab1_20242.elf" @"objects.list"   -mcpu=cortex-m4 -T"D:\HUST\Embedded NLT\Labs\Lab 1\Lab1_20242\STM32F429ZITX_FLASH.ld" --specs=nosys.specs -Wl,-Map="Lab1_20242.map" -Wl,--gc-sections -static --specs=nano.specs -mfpu=fpv4-sp-d16 -mfloat-abi=hard -mthumb -Wl,--start-group -lc -lm -Wl,--end-group
Finished building target: Lab1_20242.elf
 
arm-none-eabi-size  Lab1_20242.elf 
arm-none-eabi-objdump -h -S Lab1_20242.elf  > "Lab1_20242.list"
   text	   data	    bss	    dec	    hex	filename
   9180	     12	   1668	  10860	   2a6c	Lab1_20242.elf
Finished building: default.size.stdout
 
Finished building: Lab1_20242.list
 
09:38:31 **** Incremental Build of configuration Debug for project Lab1_20242 ****
make -j8 all 
arm-none-eabi-gcc "../Core/Src/main.c" -mcpu=cortex-m4 -std=gnu11 -g3 -DDEBUG -DUSE_HAL_DRIVER -DSTM32F429xx -c -I../Core/Inc -I../Drivers/STM32F4xx_HAL_Driver/Inc -I../Drivers/STM32F4xx_HAL_Driver/Inc/Legacy -I../Drivers/CMSIS/Device/ST/STM32F4xx/Include -I../Drivers/CMSIS/Include -O0 -ffunction-sections -fdata-sections -Wall -fstack-usage -fcyclomatic-complexity -MMD -MP -MF"Core/Src/main.d" -MT"Core/Src/main.o" --specs=nano.specs -mfpu=fpv4-sp-d16 -mfloat-abi=hard -mthumb -o "Core/Src/main.o"
arm-none-eabi-gcc -o "Lab1_20242.elf" @"objects.list"   -mcpu=cortex-m4 -T"D:\HUST\Embedded NLT\Labs\Lab 1\Lab1_20242\STM32F429ZITX_FLASH.ld" --specs=nosys.specs -Wl,-Map="Lab1_20242.map" -Wl,--gc-sections -static --specs=nano.specs -mfpu=fpv4-sp-d16 -mfloat-abi=hard -mthumb -Wl,--start-group -lc -lm -Wl,--end-group
Finished building target: Lab1_20242.elf
 
arm-none-eabi-size  Lab1_20242.elf 
arm-none-eabi-objdump -h -S Lab1_20242.elf  > "Lab1_20242.list"
   text	   data	    bss	    dec	    hex	filename
   9180	     12	   1668	  10860	   2a6c	Lab1_20242.elf
Finished building: default.size.stdout
 
Finished building: Lab1_20242.list
 
09:40:01 **** Incremental Build of configuration Debug for project Lab1_20242 ****
make -j8 all 
arm-none-eabi-gcc "../Core/Src/main.c" -mcpu=cortex-m4 -std=gnu11 -g3 -DDEBUG -DUSE_HAL_DRIVER -DSTM32F429xx -c -I../Core/Inc -I../Drivers/STM32F4xx_HAL_Driver/Inc -I../Drivers/STM32F4xx_HAL_Driver/Inc/Legacy -I../Drivers/CMSIS/Device/ST/STM32F4xx/Include -I../Drivers/CMSIS/Include -O0 -ffunction-sections -fdata-sections -Wall -fstack-usage -fcyclomatic-complexity -MMD -MP -MF"Core/Src/main.d" -MT"Core/Src/main.o" --specs=nano.specs -mfpu=fpv4-sp-d16 -mfloat-abi=hard -mthumb -o "Core/Src/main.o"
arm-none-eabi-gcc -o "Lab1_20242.elf" @"objects.list"   -mcpu=cortex-m4 -T"D:\HUST\Embedded NLT\Labs\Lab 1\Lab1_20242\STM32F429ZITX_FLASH.ld" --specs=nosys.specs -Wl,-Map="Lab1_20242.map" -Wl,--gc-sections -static --specs=nano.specs -mfpu=fpv4-sp-d16 -mfloat-abi=hard -mthumb -Wl,--start-group -lc -lm -Wl,--end-group
Finished building target: Lab1_20242.elf
 
arm-none-eabi-size  Lab1_20242.elf 
arm-none-eabi-objdump -h -S Lab1_20242.elf  > "Lab1_20242.list"
   text	   data	    bss	    dec	    hex	filename
   9188	     12	   1668	  10868	   2a74	Lab1_20242.elf
Finished building: default.size.stdout
 
Finished building: Lab1_20242.list
 
09:41:05 **** Incremental Build of configuration Debug for project Lab1_20242 ****
make -j8 all 
arm-none-eabi-gcc "../Core/Src/main.c" -mcpu=cortex-m4 -std=gnu11 -g3 -DDEBUG -DUSE_HAL_DRIVER -DSTM32F429xx -c -I../Core/Inc -I../Drivers/STM32F4xx_HAL_Driver/Inc -I../Drivers/STM32F4xx_HAL_Driver/Inc/Legacy -I../Drivers/CMSIS/Device/ST/STM32F4xx/Include -I../Drivers/CMSIS/Include -O0 -ffunction-sections -fdata-sections -Wall -fstack-usage -fcyclomatic-complexity -MMD -MP -MF"Core/Src/main.d" -MT"Core/Src/main.o" --specs=nano.specs -mfpu=fpv4-sp-d16 -mfloat-abi=hard -mthumb -o "Core/Src/main.o"
arm-none-eabi-gcc -o "Lab1_20242.elf" @"objects.list"   -mcpu=cortex-m4 -T"D:\HUST\Embedded NLT\Labs\Lab 1\Lab1_20242\STM32F429ZITX_FLASH.ld" --specs=nosys.specs -Wl,-Map="Lab1_20242.map" -Wl,--gc-sections -static --specs=nano.specs -mfpu=fpv4-sp-d16 -mfloat-abi=hard -mthumb -Wl,--start-group -lc -lm -Wl,--end-group
Finished building target: Lab1_20242.elf
 
arm-none-eabi-size  Lab1_20242.elf 
arm-none-eabi-objdump -h -S Lab1_20242.elf  > "Lab1_20242.list"
   text	   data	    bss	    dec	    hex	filename
   9188	     12	   1668	  10868	   2a74	Lab1_20242.elf
Finished building: default.size.stdout
 
Finished building: Lab1_20242.list
 
09:41:42 **** Incremental Build of configuration Debug for project Lab1_20242 ****
make -j8 all 
arm-none-eabi-gcc "../Core/Src/main.c" -mcpu=cortex-m4 -std=gnu11 -g3 -DDEBUG -DUSE_HAL_DRIVER -DSTM32F429xx -c -I../Core/Inc -I../Drivers/STM32F4xx_HAL_Driver/Inc -I../Drivers/STM32F4xx_HAL_Driver/Inc/Legacy -I../Drivers/CMSIS/Device/ST/STM32F4xx/Include -I../Drivers/CMSIS/Include -O0 -ffunction-sections -fdata-sections -Wall -fstack-usage -fcyclomatic-complexity -MMD -MP -MF"Core/Src/main.d" -MT"Core/Src/main.o" --specs=nano.specs -mfpu=fpv4-sp-d16 -mfloat-abi=hard -mthumb -o "Core/Src/main.o"
arm-none-eabi-gcc -o "Lab1_20242.elf" @"objects.list"   -mcpu=cortex-m4 -T"D:\HUST\Embedded NLT\Labs\Lab 1\Lab1_20242\STM32F429ZITX_FLASH.ld" --specs=nosys.specs -Wl,-Map="Lab1_20242.map" -Wl,--gc-sections -static --specs=nano.specs -mfpu=fpv4-sp-d16 -mfloat-abi=hard -mthumb -Wl,--start-group -lc -lm -Wl,--end-group
Finished building target: Lab1_20242.elf
 
arm-none-eabi-size  Lab1_20242.elf 
arm-none-eabi-objdump -h -S Lab1_20242.elf  > "Lab1_20242.list"
   text	   data	    bss	    dec	    hex	filename
   9216	     12	   1668	  10896	   2a90	Lab1_20242.elf
Finished building: default.size.stdout
 
Finished building: Lab1_20242.list
 
09:42:56 **** Incremental Build of configuration Debug for project Lab1_20242 ****
make -j8 all 
arm-none-eabi-gcc "../Core/Src/main.c" -mcpu=cortex-m4 -std=gnu11 -g3 -DDEBUG -DUSE_HAL_DRIVER -DSTM32F429xx -c -I../Core/Inc -I../Drivers/STM32F4xx_HAL_Driver/Inc -I../Drivers/STM32F4xx_HAL_Driver/Inc/Legacy -I../Drivers/CMSIS/Device/ST/STM32F4xx/Include -I../Drivers/CMSIS/Include -O0 -ffunction-sections -fdata-sections -Wall -fstack-usage -fcyclomatic-complexity -MMD -MP -MF"Core/Src/main.d" -MT"Core/Src/main.o" --specs=nano.specs -mfpu=fpv4-sp-d16 -mfloat-abi=hard -mthumb -o "Core/Src/main.o"
arm-none-eabi-gcc -o "Lab1_20242.elf" @"objects.list"   -mcpu=cortex-m4 -T"D:\HUST\Embedded NLT\Labs\Lab 1\Lab1_20242\STM32F429ZITX_FLASH.ld" --specs=nosys.specs -Wl,-Map="Lab1_20242.map" -Wl,--gc-sections -static --specs=nano.specs -mfpu=fpv4-sp-d16 -mfloat-abi=hard -mthumb -Wl,--start-group -lc -lm -Wl,--end-group
Finished building target: Lab1_20242.elf
 
arm-none-eabi-size  Lab1_20242.elf 
arm-none-eabi-objdump -h -S Lab1_20242.elf  > "Lab1_20242.list"
   text	   data	    bss	    dec	    hex	filename
   9208	     12	   1668	  10888	   2a88	Lab1_20242.elf
Finished building: default.size.stdout
 
Finished building: Lab1_20242.list
 
09:44:19 **** Incremental Build of configuration Debug for project Lab1_20242 ****
make -j8 all 
arm-none-eabi-gcc "../Core/Src/main.c" -mcpu=cortex-m4 -std=gnu11 -g3 -DDEBUG -DUSE_HAL_DRIVER -DSTM32F429xx -c -I../Core/Inc -I../Drivers/STM32F4xx_HAL_Driver/Inc -I../Drivers/STM32F4xx_HAL_Driver/Inc/Legacy -I../Drivers/CMSIS/Device/ST/STM32F4xx/Include -I../Drivers/CMSIS/Include -O0 -ffunction-sections -fdata-sections -Wall -fstack-usage -fcyclomatic-complexity -MMD -MP -MF"Core/Src/main.d" -MT"Core/Src/main.o" --specs=nano.specs -mfpu=fpv4-sp-d16 -mfloat-abi=hard -mthumb -o "Core/Src/main.o"
arm-none-eabi-gcc -o "Lab1_20242.elf" @"objects.list"   -mcpu=cortex-m4 -T"D:\HUST\Embedded NLT\Labs\Lab 1\Lab1_20242\STM32F429ZITX_FLASH.ld" --specs=nosys.specs -Wl,-Map="Lab1_20242.map" -Wl,--gc-sections -static --specs=nano.specs -mfpu=fpv4-sp-d16 -mfloat-abi=hard -mthumb -Wl,--start-group -lc -lm -Wl,--end-group
Finished building target: Lab1_20242.elf
 
arm-none-eabi-size  Lab1_20242.elf 
arm-none-eabi-objdump -h -S Lab1_20242.elf  > "Lab1_20242.list"
   text	   data	    bss	    dec	    hex	filename
   9208	     12	   1668	  10888	   2a88	Lab1_20242.elf
Finished building: default.size.stdout
 
Finished building: Lab1_20242.list
 
10:15:18 **** Incremental Build of configuration Debug for project Lab1_20242 ****
make -j8 all 
arm-none-eabi-gcc "../Core/Src/7seg.c" -mcpu=cortex-m4 -std=gnu11 -g3 -DDEBUG -DUSE_HAL_DRIVER -DSTM32F429xx -c -I../Core/Inc -I../Drivers/STM32F4xx_HAL_Driver/Inc -I../Drivers/STM32F4xx_HAL_Driver/Inc/Legacy -I../Drivers/CMSIS/Device/ST/STM32F4xx/Include -I../Drivers/CMSIS/Include -O0 -ffunction-sections -fdata-sections -Wall -fstack-usage -fcyclomatic-complexity -MMD -MP -MF"Core/Src/7seg.d" -MT"Core/Src/7seg.o" --specs=nano.specs -mfpu=fpv4-sp-d16 -mfloat-abi=hard -mthumb -o "Core/Src/7seg.o"
arm-none-eabi-gcc "../Core/Src/main.c" -mcpu=cortex-m4 -std=gnu11 -g3 -DDEBUG -DUSE_HAL_DRIVER -DSTM32F429xx -c -I../Core/Inc -I../Drivers/STM32F4xx_HAL_Driver/Inc -I../Drivers/STM32F4xx_HAL_Driver/Inc/Legacy -I../Drivers/CMSIS/Device/ST/STM32F4xx/Include -I../Drivers/CMSIS/Include -O0 -ffunction-sections -fdata-sections -Wall -fstack-usage -fcyclomatic-complexity -MMD -MP -MF"Core/Src/main.d" -MT"Core/Src/main.o" --specs=nano.specs -mfpu=fpv4-sp-d16 -mfloat-abi=hard -mthumb -o "Core/Src/main.o"
arm-none-eabi-gcc "../Core/Src/stm32f4xx_hal_msp.c" -mcpu=cortex-m4 -std=gnu11 -g3 -DDEBUG -DUSE_HAL_DRIVER -DSTM32F429xx -c -I../Core/Inc -I../Drivers/STM32F4xx_HAL_Driver/Inc -I../Drivers/STM32F4xx_HAL_Driver/Inc/Legacy -I../Drivers/CMSIS/Device/ST/STM32F4xx/Include -I../Drivers/CMSIS/Include -O0 -ffunction-sections -fdata-sections -Wall -fstack-usage -fcyclomatic-complexity -MMD -MP -MF"Core/Src/stm32f4xx_hal_msp.d" -MT"Core/Src/stm32f4xx_hal_msp.o" --specs=nano.specs -mfpu=fpv4-sp-d16 -mfloat-abi=hard -mthumb -o "Core/Src/stm32f4xx_hal_msp.o"
arm-none-eabi-gcc "../Core/Src/stm32f4xx_it.c" -mcpu=cortex-m4 -std=gnu11 -g3 -DDEBUG -DUSE_HAL_DRIVER -DSTM32F429xx -c -I../Core/Inc -I../Drivers/STM32F4xx_HAL_Driver/Inc -I../Drivers/STM32F4xx_HAL_Driver/Inc/Legacy -I../Drivers/CMSIS/Device/ST/STM32F4xx/Include -I../Drivers/CMSIS/Include -O0 -ffunction-sections -fdata-sections -Wall -fstack-usage -fcyclomatic-complexity -MMD -MP -MF"Core/Src/stm32f4xx_it.d" -MT"Core/Src/stm32f4xx_it.o" --specs=nano.specs -mfpu=fpv4-sp-d16 -mfloat-abi=hard -mthumb -o "Core/Src/stm32f4xx_it.o"
arm-none-eabi-gcc "../Core/Src/syscalls.c" -mcpu=cortex-m4 -std=gnu11 -g3 -DDEBUG -DUSE_HAL_DRIVER -DSTM32F429xx -c -I../Core/Inc -I../Drivers/STM32F4xx_HAL_Driver/Inc -I../Drivers/STM32F4xx_HAL_Driver/Inc/Legacy -I../Drivers/CMSIS/Device/ST/STM32F4xx/Include -I../Drivers/CMSIS/Include -O0 -ffunction-sections -fdata-sections -Wall -fstack-usage -fcyclomatic-complexity -MMD -MP -MF"Core/Src/syscalls.d" -MT"Core/Src/syscalls.o" --specs=nano.specs -mfpu=fpv4-sp-d16 -mfloat-abi=hard -mthumb -o "Core/Src/syscalls.o"
arm-none-eabi-gcc "../Core/Src/sysmem.c" -mcpu=cortex-m4 -std=gnu11 -g3 -DDEBUG -DUSE_HAL_DRIVER -DSTM32F429xx -c -I../Core/Inc -I../Drivers/STM32F4xx_HAL_Driver/Inc -I../Drivers/STM32F4xx_HAL_Driver/Inc/Legacy -I../Drivers/CMSIS/Device/ST/STM32F4xx/Include -I../Drivers/CMSIS/Include -O0 -ffunction-sections -fdata-sections -Wall -fstack-usage -fcyclomatic-complexity -MMD -MP -MF"Core/Src/sysmem.d" -MT"Core/Src/sysmem.o" --specs=nano.specs -mfpu=fpv4-sp-d16 -mfloat-abi=hard -mthumb -o "Core/Src/sysmem.o"
arm-none-eabi-gcc "../Core/Src/system_stm32f4xx.c" -mcpu=cortex-m4 -std=gnu11 -g3 -DDEBUG -DUSE_HAL_DRIVER -DSTM32F429xx -c -I../Core/Inc -I../Drivers/STM32F4xx_HAL_Driver/Inc -I../Drivers/STM32F4xx_HAL_Driver/Inc/Legacy -I../Drivers/CMSIS/Device/ST/STM32F4xx/Include -I../Drivers/CMSIS/Include -O0 -ffunction-sections -fdata-sections -Wall -fstack-usage -fcyclomatic-complexity -MMD -MP -MF"Core/Src/system_stm32f4xx.d" -MT"Core/Src/system_stm32f4xx.o" --specs=nano.specs -mfpu=fpv4-sp-d16 -mfloat-abi=hard -mthumb -o "Core/Src/system_stm32f4xx.o"
../Core/Src/stm32f4xx_it.c: In function 'EXTI0_IRQHandler':
../Core/Src/stm32f4xx_it.c:209:7: error: 'TIM6_Count' undeclared (first use in this function)
  209 |   if (TIM6_Count < 3000)
      |       ^~~~~~~~~~
../Core/Src/stm32f4xx_it.c:209:7: note: each undeclared identifier is reported only once for each function it appears in
../Core/Src/main.c: In function 'main':
../Core/Src/main.c:187:3: warning: implicit declaration of function 'Set7SegDisplayValue' [-Wimplicit-function-declaration]
  187 |   Set7SegDisplayValue(25);
      |   ^~~~~~~~~~~~~~~~~~~
../Core/Src/stm32f4xx_it.c:224:3: warning: implicit declaration of function 'Set7SegDisplayValue' [-Wimplicit-function-declaration]
  224 |   Set7SegDisplayValue(counter);
      |   ^~~~~~~~~~~~~~~~~~~
../Core/Src/main.c:196:11: warning: implicit declaration of function 'Run7SegDisplay' [-Wimplicit-function-declaration]
  196 |           Run7SegDisplay();
      |           ^~~~~~~~~~~~~~
../Core/Src/stm32f4xx_it.c: In function 'TIM6_DAC_IRQHandler':
../Core/Src/stm32f4xx_it.c:238:3: error: 'TIM6_Count' undeclared (first use in this function)
  238 |   TIM6_Count++;
      |   ^~~~~~~~~~
make: *** [Core/Src/subdir.mk:37: Core/Src/stm32f4xx_it.o] Error 1
make: *** Waiting for unfinished jobs....
"make -j8 all" terminated with exit code 2. Build might be incomplete.
10:16:40 **** Incremental Build of configuration Debug for project Lab1_20242 ****
make -j8 all 
arm-none-eabi-gcc "../Core/Src/main.c" -mcpu=cortex-m4 -std=gnu11 -g3 -DDEBUG -DUSE_HAL_DRIVER -DSTM32F429xx -c -I../Core/Inc -I../Drivers/STM32F4xx_HAL_Driver/Inc -I../Drivers/STM32F4xx_HAL_Driver/Inc/Legacy -I../Drivers/CMSIS/Device/ST/STM32F4xx/Include -I../Drivers/CMSIS/Include -O0 -ffunction-sections -fdata-sections -Wall -fstack-usage -fcyclomatic-complexity -MMD -MP -MF"Core/Src/main.d" -MT"Core/Src/main.o" --specs=nano.specs -mfpu=fpv4-sp-d16 -mfloat-abi=hard -mthumb -o "Core/Src/main.o"
arm-none-eabi-gcc "../Core/Src/stm32f4xx_it.c" -mcpu=cortex-m4 -std=gnu11 -g3 -DDEBUG -DUSE_HAL_DRIVER -DSTM32F429xx -c -I../Core/Inc -I../Drivers/STM32F4xx_HAL_Driver/Inc -I../Drivers/STM32F4xx_HAL_Driver/Inc/Legacy -I../Drivers/CMSIS/Device/ST/STM32F4xx/Include -I../Drivers/CMSIS/Include -O0 -ffunction-sections -fdata-sections -Wall -fstack-usage -fcyclomatic-complexity -MMD -MP -MF"Core/Src/stm32f4xx_it.d" -MT"Core/Src/stm32f4xx_it.o" --specs=nano.specs -mfpu=fpv4-sp-d16 -mfloat-abi=hard -mthumb -o "Core/Src/stm32f4xx_it.o"
../Core/Src/main.c: In function 'main':
../Core/Src/main.c:187:3: warning: implicit declaration of function 'Set7SegDisplayValue' [-Wimplicit-function-declaration]
  187 |   Set7SegDisplayValue(25);
      |   ^~~~~~~~~~~~~~~~~~~
../Core/Src/stm32f4xx_it.c: In function 'EXTI0_IRQHandler':
../Core/Src/stm32f4xx_it.c:226:3: warning: implicit declaration of function 'Set7SegDisplayValue' [-Wimplicit-function-declaration]
  226 |   Set7SegDisplayValue(counter);
      |   ^~~~~~~~~~~~~~~~~~~
../Core/Src/main.c:196:11: warning: implicit declaration of function 'Run7SegDisplay' [-Wimplicit-function-declaration]
  196 |           Run7SegDisplay();
      |           ^~~~~~~~~~~~~~
arm-none-eabi-gcc -o "Lab1_20242.elf" @"objects.list"   -mcpu=cortex-m4 -T"D:\HUST\Embedded NLT\Labs\Lab 1\Lab1_20242\STM32F429ZITX_FLASH.ld" --specs=nosys.specs -Wl,-Map="Lab1_20242.map" -Wl,--gc-sections -static --specs=nano.specs -mfpu=fpv4-sp-d16 -mfloat-abi=hard -mthumb -Wl,--start-group -lc -lm -Wl,--end-group
Finished building target: Lab1_20242.elf
 
arm-none-eabi-size  Lab1_20242.elf 
arm-none-eabi-objdump -h -S Lab1_20242.elf  > "Lab1_20242.list"
   text	   data	    bss	    dec	    hex	filename
   9908	     28	   1676	  11612	   2d5c	Lab1_20242.elf
Finished building: default.size.stdout
 
Finished building: Lab1_20242.list
 
10:17:39 **** Incremental Build of configuration Debug for project Lab1_20242 ****
make -j8 all 
arm-none-eabi-gcc "../Core/Src/main.c" -mcpu=cortex-m4 -std=gnu11 -g3 -DDEBUG -DUSE_HAL_DRIVER -DSTM32F429xx -c -I../Core/Inc -I../Drivers/STM32F4xx_HAL_Driver/Inc -I../Drivers/STM32F4xx_HAL_Driver/Inc/Legacy -I../Drivers/CMSIS/Device/ST/STM32F4xx/Include -I../Drivers/CMSIS/Include -O0 -ffunction-sections -fdata-sections -Wall -fstack-usage -fcyclomatic-complexity -MMD -MP -MF"Core/Src/main.d" -MT"Core/Src/main.o" --specs=nano.specs -mfpu=fpv4-sp-d16 -mfloat-abi=hard -mthumb -o "Core/Src/main.o"
../Core/Src/main.c: In function 'main':
../Core/Src/main.c:186:3: warning: implicit declaration of function 'Set7SegDisplayValue' [-Wimplicit-function-declaration]
  186 |   Set7SegDisplayValue(25);
      |   ^~~~~~~~~~~~~~~~~~~
../Core/Src/main.c:195:11: warning: implicit declaration of function 'Run7SegDisplay' [-Wimplicit-function-declaration]
  195 |           Run7SegDisplay();
      |           ^~~~~~~~~~~~~~
arm-none-eabi-gcc -o "Lab1_20242.elf" @"objects.list"   -mcpu=cortex-m4 -T"D:\HUST\Embedded NLT\Labs\Lab 1\Lab1_20242\STM32F429ZITX_FLASH.ld" --specs=nosys.specs -Wl,-Map="Lab1_20242.map" -Wl,--gc-sections -static --specs=nano.specs -mfpu=fpv4-sp-d16 -mfloat-abi=hard -mthumb -Wl,--start-group -lc -lm -Wl,--end-group
Finished building target: Lab1_20242.elf
 
arm-none-eabi-size  Lab1_20242.elf 
arm-none-eabi-objdump -h -S Lab1_20242.elf  > "Lab1_20242.list"
   text	   data	    bss	    dec	    hex	filename
   9908	     28	   1676	  11612	   2d5c	Lab1_20242.elf
Finished building: default.size.stdout
 
Finished building: Lab1_20242.list
 
10:20:27 **** Incremental Build of configuration Debug for project Lab1_20242 ****
make -j8 all 
arm-none-eabi-gcc "../Core/Src/main.c" -mcpu=cortex-m4 -std=gnu11 -g3 -DDEBUG -DUSE_HAL_DRIVER -DSTM32F429xx -c -I../Core/Inc -I../Drivers/STM32F4xx_HAL_Driver/Inc -I../Drivers/STM32F4xx_HAL_Driver/Inc/Legacy -I../Drivers/CMSIS/Device/ST/STM32F4xx/Include -I../Drivers/CMSIS/Include -O0 -ffunction-sections -fdata-sections -Wall -fstack-usage -fcyclomatic-complexity -MMD -MP -MF"Core/Src/main.d" -MT"Core/Src/main.o" --specs=nano.specs -mfpu=fpv4-sp-d16 -mfloat-abi=hard -mthumb -o "Core/Src/main.o"
../Core/Src/main.c: In function 'main':
../Core/Src/main.c:186:3: warning: implicit declaration of function 'Set7SegDisplayValue' [-Wimplicit-function-declaration]
  186 |   Set7SegDisplayValue(25);
      |   ^~~~~~~~~~~~~~~~~~~
../Core/Src/main.c:195:11: warning: implicit declaration of function 'Run7SegDisplay' [-Wimplicit-function-declaration]
  195 |           Run7SegDisplay();
      |           ^~~~~~~~~~~~~~
arm-none-eabi-gcc -o "Lab1_20242.elf" @"objects.list"   -mcpu=cortex-m4 -T"D:\HUST\Embedded NLT\Labs\Lab 1\Lab1_20242\STM32F429ZITX_FLASH.ld" --specs=nosys.specs -Wl,-Map="Lab1_20242.map" -Wl,--gc-sections -static --specs=nano.specs -mfpu=fpv4-sp-d16 -mfloat-abi=hard -mthumb -Wl,--start-group -lc -lm -Wl,--end-group
Finished building target: Lab1_20242.elf
 
arm-none-eabi-size  Lab1_20242.elf 
arm-none-eabi-objdump -h -S Lab1_20242.elf  > "Lab1_20242.list"
   text	   data	    bss	    dec	    hex	filename
   9904	     28	   1676	  11608	   2d58	Lab1_20242.elf
Finished building: default.size.stdout
 
Finished building: Lab1_20242.list
 
10:21:20 **** Incremental Build of configuration Debug for project Lab1_20242 ****
make -j8 all 
arm-none-eabi-gcc "../Core/Src/main.c" -mcpu=cortex-m4 -std=gnu11 -g3 -DDEBUG -DUSE_HAL_DRIVER -DSTM32F429xx -c -I../Core/Inc -I../Drivers/STM32F4xx_HAL_Driver/Inc -I../Drivers/STM32F4xx_HAL_Driver/Inc/Legacy -I../Drivers/CMSIS/Device/ST/STM32F4xx/Include -I../Drivers/CMSIS/Include -O0 -ffunction-sections -fdata-sections -Wall -fstack-usage -fcyclomatic-complexity -MMD -MP -MF"Core/Src/main.d" -MT"Core/Src/main.o" --specs=nano.specs -mfpu=fpv4-sp-d16 -mfloat-abi=hard -mthumb -o "Core/Src/main.o"
../Core/Src/main.c: In function 'main':
../Core/Src/main.c:186:3: warning: implicit declaration of function 'Set7SegDisplayValue' [-Wimplicit-function-declaration]
  186 |   Set7SegDisplayValue(25);
      |   ^~~~~~~~~~~~~~~~~~~
../Core/Src/main.c:195:11: warning: implicit declaration of function 'Run7SegDisplay' [-Wimplicit-function-declaration]
  195 |           Run7SegDisplay();
      |           ^~~~~~~~~~~~~~
arm-none-eabi-gcc -o "Lab1_20242.elf" @"objects.list"   -mcpu=cortex-m4 -T"D:\HUST\Embedded NLT\Labs\Lab 1\Lab1_20242\STM32F429ZITX_FLASH.ld" --specs=nosys.specs -Wl,-Map="Lab1_20242.map" -Wl,--gc-sections -static --specs=nano.specs -mfpu=fpv4-sp-d16 -mfloat-abi=hard -mthumb -Wl,--start-group -lc -lm -Wl,--end-group
Finished building target: Lab1_20242.elf
 
arm-none-eabi-size  Lab1_20242.elf 
arm-none-eabi-objdump -h -S Lab1_20242.elf  > "Lab1_20242.list"
   text	   data	    bss	    dec	    hex	filename
   9836	     28	   1676	  11540	   2d14	Lab1_20242.elf
Finished building: default.size.stdout
 
Finished building: Lab1_20242.list
 
10:22:30 **** Incremental Build of configuration Debug for project Lab1_20242 ****
make -j8 all 
arm-none-eabi-gcc "../Core/Src/main.c" -mcpu=cortex-m4 -std=gnu11 -g3 -DDEBUG -DUSE_HAL_DRIVER -DSTM32F429xx -c -I../Core/Inc -I../Drivers/STM32F4xx_HAL_Driver/Inc -I../Drivers/STM32F4xx_HAL_Driver/Inc/Legacy -I../Drivers/CMSIS/Device/ST/STM32F4xx/Include -I../Drivers/CMSIS/Include -O0 -ffunction-sections -fdata-sections -Wall -fstack-usage -fcyclomatic-complexity -MMD -MP -MF"Core/Src/main.d" -MT"Core/Src/main.o" --specs=nano.specs -mfpu=fpv4-sp-d16 -mfloat-abi=hard -mthumb -o "Core/Src/main.o"
../Core/Src/main.c: In function 'main':
../Core/Src/main.c:186:3: warning: implicit declaration of function 'Set7SegDisplayValue' [-Wimplicit-function-declaration]
  186 |   Set7SegDisplayValue(25);
      |   ^~~~~~~~~~~~~~~~~~~
../Core/Src/main.c:196:11: warning: implicit declaration of function 'Run7SegDisplay' [-Wimplicit-function-declaration]
  196 |           Run7SegDisplay();
      |           ^~~~~~~~~~~~~~
arm-none-eabi-gcc -o "Lab1_20242.elf" @"objects.list"   -mcpu=cortex-m4 -T"D:\HUST\Embedded NLT\Labs\Lab 1\Lab1_20242\STM32F429ZITX_FLASH.ld" --specs=nosys.specs -Wl,-Map="Lab1_20242.map" -Wl,--gc-sections -static --specs=nano.specs -mfpu=fpv4-sp-d16 -mfloat-abi=hard -mthumb -Wl,--start-group -lc -lm -Wl,--end-group
Finished building target: Lab1_20242.elf
 
arm-none-eabi-size  Lab1_20242.elf 
arm-none-eabi-objdump -h -S Lab1_20242.elf  > "Lab1_20242.list"
   text	   data	    bss	    dec	    hex	filename
   9196	     28	   1660	  10884	   2a84	Lab1_20242.elf
Finished building: default.size.stdout
 
Finished building: Lab1_20242.list
 
10:23:33 **** Incremental Build of configuration Debug for project Lab1_20242 ****
make -j8 all 
arm-none-eabi-gcc "../Core/Src/stm32f4xx_it.c" -mcpu=cortex-m4 -std=gnu11 -g3 -DDEBUG -DUSE_HAL_DRIVER -DSTM32F429xx -c -I../Core/Inc -I../Drivers/STM32F4xx_HAL_Driver/Inc -I../Drivers/STM32F4xx_HAL_Driver/Inc/Legacy -I../Drivers/CMSIS/Device/ST/STM32F4xx/Include -I../Drivers/CMSIS/Include -O0 -ffunction-sections -fdata-sections -Wall -fstack-usage -fcyclomatic-complexity -MMD -MP -MF"Core/Src/stm32f4xx_it.d" -MT"Core/Src/stm32f4xx_it.o" --specs=nano.specs -mfpu=fpv4-sp-d16 -mfloat-abi=hard -mthumb -o "Core/Src/stm32f4xx_it.o"
../Core/Src/stm32f4xx_it.c: In function 'EXTI0_IRQHandler':
../Core/Src/stm32f4xx_it.c:227:3: warning: implicit declaration of function 'Set7SegDisplayValue' [-Wimplicit-function-declaration]
  227 |   Set7SegDisplayValue(counter);
      |   ^~~~~~~~~~~~~~~~~~~
arm-none-eabi-gcc -o "Lab1_20242.elf" @"objects.list"   -mcpu=cortex-m4 -T"D:\HUST\Embedded NLT\Labs\Lab 1\Lab1_20242\STM32F429ZITX_FLASH.ld" --specs=nosys.specs -Wl,-Map="Lab1_20242.map" -Wl,--gc-sections -static --specs=nano.specs -mfpu=fpv4-sp-d16 -mfloat-abi=hard -mthumb -Wl,--start-group -lc -lm -Wl,--end-group
Finished building target: Lab1_20242.elf
 
arm-none-eabi-size  Lab1_20242.elf 
arm-none-eabi-objdump -h -S Lab1_20242.elf  > "Lab1_20242.list"
   text	   data	    bss	    dec	    hex	filename
   9204	     28	   1660	  10892	   2a8c	Lab1_20242.elf
Finished building: default.size.stdout
 
Finished building: Lab1_20242.list
 
10:24:15 **** Incremental Build of configuration Debug for project Lab1_20242 ****
make -j8 all 
arm-none-eabi-gcc "../Core/Src/stm32f4xx_it.c" -mcpu=cortex-m4 -std=gnu11 -g3 -DDEBUG -DUSE_HAL_DRIVER -DSTM32F429xx -c -I../Core/Inc -I../Drivers/STM32F4xx_HAL_Driver/Inc -I../Drivers/STM32F4xx_HAL_Driver/Inc/Legacy -I../Drivers/CMSIS/Device/ST/STM32F4xx/Include -I../Drivers/CMSIS/Include -O0 -ffunction-sections -fdata-sections -Wall -fstack-usage -fcyclomatic-complexity -MMD -MP -MF"Core/Src/stm32f4xx_it.d" -MT"Core/Src/stm32f4xx_it.o" --specs=nano.specs -mfpu=fpv4-sp-d16 -mfloat-abi=hard -mthumb -o "Core/Src/stm32f4xx_it.o"
../Core/Src/stm32f4xx_it.c: In function 'EXTI0_IRQHandler':
../Core/Src/stm32f4xx_it.c:227:3: warning: implicit declaration of function 'Set7SegDisplayValue' [-Wimplicit-function-declaration]
  227 |   Set7SegDisplayValue(counter);
      |   ^~~~~~~~~~~~~~~~~~~
arm-none-eabi-gcc -o "Lab1_20242.elf" @"objects.list"   -mcpu=cortex-m4 -T"D:\HUST\Embedded NLT\Labs\Lab 1\Lab1_20242\STM32F429ZITX_FLASH.ld" --specs=nosys.specs -Wl,-Map="Lab1_20242.map" -Wl,--gc-sections -static --specs=nano.specs -mfpu=fpv4-sp-d16 -mfloat-abi=hard -mthumb -Wl,--start-group -lc -lm -Wl,--end-group
Finished building target: Lab1_20242.elf
 
arm-none-eabi-size  Lab1_20242.elf 
arm-none-eabi-objdump -h -S Lab1_20242.elf  > "Lab1_20242.list"
   text	   data	    bss	    dec	    hex	filename
   9208	     28	   1660	  10896	   2a90	Lab1_20242.elf
Finished building: default.size.stdout
 
Finished building: Lab1_20242.list
 
10:26:01 **** Incremental Build of configuration Debug for project Lab1_20242 ****
make -j8 all 
arm-none-eabi-gcc "../Core/Src/stm32f4xx_it.c" -mcpu=cortex-m4 -std=gnu11 -g3 -DDEBUG -DUSE_HAL_DRIVER -DSTM32F429xx -c -I../Core/Inc -I../Drivers/STM32F4xx_HAL_Driver/Inc -I../Drivers/STM32F4xx_HAL_Driver/Inc/Legacy -I../Drivers/CMSIS/Device/ST/STM32F4xx/Include -I../Drivers/CMSIS/Include -O0 -ffunction-sections -fdata-sections -Wall -fstack-usage -fcyclomatic-complexity -MMD -MP -MF"Core/Src/stm32f4xx_it.d" -MT"Core/Src/stm32f4xx_it.o" --specs=nano.specs -mfpu=fpv4-sp-d16 -mfloat-abi=hard -mthumb -o "Core/Src/stm32f4xx_it.o"
../Core/Src/stm32f4xx_it.c: In function 'EXTI0_IRQHandler':
../Core/Src/stm32f4xx_it.c:227:3: warning: implicit declaration of function 'Set7SegDisplayValue' [-Wimplicit-function-declaration]
  227 |   Set7SegDisplayValue(counter);
      |   ^~~~~~~~~~~~~~~~~~~
arm-none-eabi-gcc -o "Lab1_20242.elf" @"objects.list"   -mcpu=cortex-m4 -T"D:\HUST\Embedded NLT\Labs\Lab 1\Lab1_20242\STM32F429ZITX_FLASH.ld" --specs=nosys.specs -Wl,-Map="Lab1_20242.map" -Wl,--gc-sections -static --specs=nano.specs -mfpu=fpv4-sp-d16 -mfloat-abi=hard -mthumb -Wl,--start-group -lc -lm -Wl,--end-group
Finished building target: Lab1_20242.elf
 
arm-none-eabi-size  Lab1_20242.elf 
arm-none-eabi-objdump -h -S Lab1_20242.elf  > "Lab1_20242.list"
   text	   data	    bss	    dec	    hex	filename
   9208	     28	   1660	  10896	   2a90	Lab1_20242.elf
Finished building: default.size.stdout
 
Finished building: Lab1_20242.list
 
10:27:18 **** Incremental Build of configuration Debug for project Lab1_20242 ****
make -j8 all 
arm-none-eabi-gcc "../Core/Src/stm32f4xx_it.c" -mcpu=cortex-m4 -std=gnu11 -g3 -DDEBUG -DUSE_HAL_DRIVER -DSTM32F429xx -c -I../Core/Inc -I../Drivers/STM32F4xx_HAL_Driver/Inc -I../Drivers/STM32F4xx_HAL_Driver/Inc/Legacy -I../Drivers/CMSIS/Device/ST/STM32F4xx/Include -I../Drivers/CMSIS/Include -O0 -ffunction-sections -fdata-sections -Wall -fstack-usage -fcyclomatic-complexity -MMD -MP -MF"Core/Src/stm32f4xx_it.d" -MT"Core/Src/stm32f4xx_it.o" --specs=nano.specs -mfpu=fpv4-sp-d16 -mfloat-abi=hard -mthumb -o "Core/Src/stm32f4xx_it.o"
../Core/Src/stm32f4xx_it.c: In function 'EXTI0_IRQHandler':
../Core/Src/stm32f4xx_it.c:228:3: warning: implicit declaration of function 'Set7SegDisplayValue' [-Wimplicit-function-declaration]
  228 |   Set7SegDisplayValue(counter);
      |   ^~~~~~~~~~~~~~~~~~~
arm-none-eabi-gcc -o "Lab1_20242.elf" @"objects.list"   -mcpu=cortex-m4 -T"D:\HUST\Embedded NLT\Labs\Lab 1\Lab1_20242\STM32F429ZITX_FLASH.ld" --specs=nosys.specs -Wl,-Map="Lab1_20242.map" -Wl,--gc-sections -static --specs=nano.specs -mfpu=fpv4-sp-d16 -mfloat-abi=hard -mthumb -Wl,--start-group -lc -lm -Wl,--end-group
Finished building target: Lab1_20242.elf
 
arm-none-eabi-size  Lab1_20242.elf 
arm-none-eabi-objdump -h -S Lab1_20242.elf  > "Lab1_20242.list"
   text	   data	    bss	    dec	    hex	filename
   9156	     28	   1660	  10844	   2a5c	Lab1_20242.elf
Finished building: default.size.stdout
 
Finished building: Lab1_20242.list
 
10:28:21 **** Incremental Build of configuration Debug for project Lab1_20242 ****
make -j8 all 
arm-none-eabi-gcc "../Core/Src/stm32f4xx_it.c" -mcpu=cortex-m4 -std=gnu11 -g3 -DDEBUG -DUSE_HAL_DRIVER -DSTM32F429xx -c -I../Core/Inc -I../Drivers/STM32F4xx_HAL_Driver/Inc -I../Drivers/STM32F4xx_HAL_Driver/Inc/Legacy -I../Drivers/CMSIS/Device/ST/STM32F4xx/Include -I../Drivers/CMSIS/Include -O0 -ffunction-sections -fdata-sections -Wall -fstack-usage -fcyclomatic-complexity -MMD -MP -MF"Core/Src/stm32f4xx_it.d" -MT"Core/Src/stm32f4xx_it.o" --specs=nano.specs -mfpu=fpv4-sp-d16 -mfloat-abi=hard -mthumb -o "Core/Src/stm32f4xx_it.o"
../Core/Src/stm32f4xx_it.c: In function 'EXTI0_IRQHandler':
../Core/Src/stm32f4xx_it.c:228:3: warning: implicit declaration of function 'Set7SegDisplayValue' [-Wimplicit-function-declaration]
  228 |   Set7SegDisplayValue(counter);
      |   ^~~~~~~~~~~~~~~~~~~
arm-none-eabi-gcc -o "Lab1_20242.elf" @"objects.list"   -mcpu=cortex-m4 -T"D:\HUST\Embedded NLT\Labs\Lab 1\Lab1_20242\STM32F429ZITX_FLASH.ld" --specs=nosys.specs -Wl,-Map="Lab1_20242.map" -Wl,--gc-sections -static --specs=nano.specs -mfpu=fpv4-sp-d16 -mfloat-abi=hard -mthumb -Wl,--start-group -lc -lm -Wl,--end-group
Finished building target: Lab1_20242.elf
 
arm-none-eabi-size  Lab1_20242.elf 
arm-none-eabi-objdump -h -S Lab1_20242.elf  > "Lab1_20242.list"
   text	   data	    bss	    dec	    hex	filename
   9156	     24	   1664	  10844	   2a5c	Lab1_20242.elf
Finished building: default.size.stdout
 
Finished building: Lab1_20242.list
 
10:32:42 **** Incremental Build of configuration Debug for project Lab1_20242 ****
make -j8 all 
arm-none-eabi-gcc "../Core/Src/7seg.c" -mcpu=cortex-m4 -std=gnu11 -g3 -DDEBUG -DUSE_HAL_DRIVER -DSTM32F429xx -c -I../Core/Inc -I../Drivers/STM32F4xx_HAL_Driver/Inc -I../Drivers/STM32F4xx_HAL_Driver/Inc/Legacy -I../Drivers/CMSIS/Device/ST/STM32F4xx/Include -I../Drivers/CMSIS/Include -O0 -ffunction-sections -fdata-sections -Wall -fstack-usage -fcyclomatic-complexity -MMD -MP -MF"Core/Src/7seg.d" -MT"Core/Src/7seg.o" --specs=nano.specs -mfpu=fpv4-sp-d16 -mfloat-abi=hard -mthumb -o "Core/Src/7seg.o"
arm-none-eabi-gcc -o "Lab1_20242.elf" @"objects.list"   -mcpu=cortex-m4 -T"D:\HUST\Embedded NLT\Labs\Lab 1\Lab1_20242\STM32F429ZITX_FLASH.ld" --specs=nosys.specs -Wl,-Map="Lab1_20242.map" -Wl,--gc-sections -static --specs=nano.specs -mfpu=fpv4-sp-d16 -mfloat-abi=hard -mthumb -Wl,--start-group -lc -lm -Wl,--end-group
Finished building target: Lab1_20242.elf
 
arm-none-eabi-size  Lab1_20242.elf 
arm-none-eabi-objdump -h -S Lab1_20242.elf  > "Lab1_20242.list"
   text	   data	    bss	    dec	    hex	filename
   9156	     24	   1664	  10844	   2a5c	Lab1_20242.elf
Finished building: default.size.stdout
 
Finished building: Lab1_20242.list
 
10:33:53 **** Incremental Build of configuration Debug for project Lab1_20242 ****
make -j8 all 
arm-none-eabi-gcc "../Core/Src/7seg.c" -mcpu=cortex-m4 -std=gnu11 -g3 -DDEBUG -DUSE_HAL_DRIVER -DSTM32F429xx -c -I../Core/Inc -I../Drivers/STM32F4xx_HAL_Driver/Inc -I../Drivers/STM32F4xx_HAL_Driver/Inc/Legacy -I../Drivers/CMSIS/Device/ST/STM32F4xx/Include -I../Drivers/CMSIS/Include -O0 -ffunction-sections -fdata-sections -Wall -fstack-usage -fcyclomatic-complexity -MMD -MP -MF"Core/Src/7seg.d" -MT"Core/Src/7seg.o" --specs=nano.specs -mfpu=fpv4-sp-d16 -mfloat-abi=hard -mthumb -o "Core/Src/7seg.o"
arm-none-eabi-gcc -o "Lab1_20242.elf" @"objects.list"   -mcpu=cortex-m4 -T"D:\HUST\Embedded NLT\Labs\Lab 1\Lab1_20242\STM32F429ZITX_FLASH.ld" --specs=nosys.specs -Wl,-Map="Lab1_20242.map" -Wl,--gc-sections -static --specs=nano.specs -mfpu=fpv4-sp-d16 -mfloat-abi=hard -mthumb -Wl,--start-group -lc -lm -Wl,--end-group
Finished building target: Lab1_20242.elf
 
arm-none-eabi-size  Lab1_20242.elf 
arm-none-eabi-objdump -h -S Lab1_20242.elf  > "Lab1_20242.list"
   text	   data	    bss	    dec	    hex	filename
   9156	     24	   1664	  10844	   2a5c	Lab1_20242.elf
Finished building: default.size.stdout
 
Finished building: Lab1_20242.list
 
10:34:56 **** Incremental Build of configuration Debug for project Lab1_20242 ****
make -j8 all 
arm-none-eabi-gcc "../Core/Src/7seg.c" -mcpu=cortex-m4 -std=gnu11 -g3 -DDEBUG -DUSE_HAL_DRIVER -DSTM32F429xx -c -I../Core/Inc -I../Drivers/STM32F4xx_HAL_Driver/Inc -I../Drivers/STM32F4xx_HAL_Driver/Inc/Legacy -I../Drivers/CMSIS/Device/ST/STM32F4xx/Include -I../Drivers/CMSIS/Include -O0 -ffunction-sections -fdata-sections -Wall -fstack-usage -fcyclomatic-complexity -MMD -MP -MF"Core/Src/7seg.d" -MT"Core/Src/7seg.o" --specs=nano.specs -mfpu=fpv4-sp-d16 -mfloat-abi=hard -mthumb -o "Core/Src/7seg.o"
arm-none-eabi-gcc -o "Lab1_20242.elf" @"objects.list"   -mcpu=cortex-m4 -T"D:\HUST\Embedded NLT\Labs\Lab 1\Lab1_20242\STM32F429ZITX_FLASH.ld" --specs=nosys.specs -Wl,-Map="Lab1_20242.map" -Wl,--gc-sections -static --specs=nano.specs -mfpu=fpv4-sp-d16 -mfloat-abi=hard -mthumb -Wl,--start-group -lc -lm -Wl,--end-group
Finished building target: Lab1_20242.elf
 
arm-none-eabi-size  Lab1_20242.elf 
arm-none-eabi-objdump -h -S Lab1_20242.elf  > "Lab1_20242.list"
   text	   data	    bss	    dec	    hex	filename
   9156	     24	   1664	  10844	   2a5c	Lab1_20242.elf
Finished building: default.size.stdout
 
Finished building: Lab1_20242.list
 
10:35:38 **** Incremental Build of configuration Debug for project Lab1_20242 ****
make -j8 all 
arm-none-eabi-gcc "../Core/Src/7seg.c" -mcpu=cortex-m4 -std=gnu11 -g3 -DDEBUG -DUSE_HAL_DRIVER -DSTM32F429xx -c -I../Core/Inc -I../Drivers/STM32F4xx_HAL_Driver/Inc -I../Drivers/STM32F4xx_HAL_Driver/Inc/Legacy -I../Drivers/CMSIS/Device/ST/STM32F4xx/Include -I../Drivers/CMSIS/Include -O0 -ffunction-sections -fdata-sections -Wall -fstack-usage -fcyclomatic-complexity -MMD -MP -MF"Core/Src/7seg.d" -MT"Core/Src/7seg.o" --specs=nano.specs -mfpu=fpv4-sp-d16 -mfloat-abi=hard -mthumb -o "Core/Src/7seg.o"
arm-none-eabi-gcc -o "Lab1_20242.elf" @"objects.list"   -mcpu=cortex-m4 -T"D:\HUST\Embedded NLT\Labs\Lab 1\Lab1_20242\STM32F429ZITX_FLASH.ld" --specs=nosys.specs -Wl,-Map="Lab1_20242.map" -Wl,--gc-sections -static --specs=nano.specs -mfpu=fpv4-sp-d16 -mfloat-abi=hard -mthumb -Wl,--start-group -lc -lm -Wl,--end-group
Finished building target: Lab1_20242.elf
 
arm-none-eabi-size  Lab1_20242.elf 
arm-none-eabi-objdump -h -S Lab1_20242.elf  > "Lab1_20242.list"
   text	   data	    bss	    dec	    hex	filename
   9156	     24	   1664	  10844	   2a5c	Lab1_20242.elf
Finished building: default.size.stdout
 
Finished building: Lab1_20242.list
 
10:36:11 **** Incremental Build of configuration Debug for project Lab1_20242 ****
make -j8 all 
arm-none-eabi-gcc "../Core/Src/7seg.c" -mcpu=cortex-m4 -std=gnu11 -g3 -DDEBUG -DUSE_HAL_DRIVER -DSTM32F429xx -c -I../Core/Inc -I../Drivers/STM32F4xx_HAL_Driver/Inc -I../Drivers/STM32F4xx_HAL_Driver/Inc/Legacy -I../Drivers/CMSIS/Device/ST/STM32F4xx/Include -I../Drivers/CMSIS/Include -O0 -ffunction-sections -fdata-sections -Wall -fstack-usage -fcyclomatic-complexity -MMD -MP -MF"Core/Src/7seg.d" -MT"Core/Src/7seg.o" --specs=nano.specs -mfpu=fpv4-sp-d16 -mfloat-abi=hard -mthumb -o "Core/Src/7seg.o"
arm-none-eabi-gcc -o "Lab1_20242.elf" @"objects.list"   -mcpu=cortex-m4 -T"D:\HUST\Embedded NLT\Labs\Lab 1\Lab1_20242\STM32F429ZITX_FLASH.ld" --specs=nosys.specs -Wl,-Map="Lab1_20242.map" -Wl,--gc-sections -static --specs=nano.specs -mfpu=fpv4-sp-d16 -mfloat-abi=hard -mthumb -Wl,--start-group -lc -lm -Wl,--end-group
Finished building target: Lab1_20242.elf
 
arm-none-eabi-size  Lab1_20242.elf 
arm-none-eabi-objdump -h -S Lab1_20242.elf  > "Lab1_20242.list"
   text	   data	    bss	    dec	    hex	filename
   9156	     24	   1664	  10844	   2a5c	Lab1_20242.elf
Finished building: default.size.stdout
 
Finished building: Lab1_20242.list
 
10:37:40 **** Incremental Build of configuration Debug for project Lab1_20242 ****
make -j8 all 
arm-none-eabi-gcc "../Core/Src/7seg.c" -mcpu=cortex-m4 -std=gnu11 -g3 -DDEBUG -DUSE_HAL_DRIVER -DSTM32F429xx -c -I../Core/Inc -I../Drivers/STM32F4xx_HAL_Driver/Inc -I../Drivers/STM32F4xx_HAL_Driver/Inc/Legacy -I../Drivers/CMSIS/Device/ST/STM32F4xx/Include -I../Drivers/CMSIS/Include -O0 -ffunction-sections -fdata-sections -Wall -fstack-usage -fcyclomatic-complexity -MMD -MP -MF"Core/Src/7seg.d" -MT"Core/Src/7seg.o" --specs=nano.specs -mfpu=fpv4-sp-d16 -mfloat-abi=hard -mthumb -o "Core/Src/7seg.o"
../Core/Src/7seg.c: In function 'Run7SegDisplay':
../Core/Src/7seg.c:35:65: error: expected ')' before 'GPIO_PIN_RESET'
   35 |         HAL_GPIO_WritePin(PORT_7SEG_CONTROL0, PIN_7SEG_CONTROL0 GPIO_PIN_RESET);
      |                          ~                                      ^~~~~~~~~~~~~~
../Core/Src/7seg.c:35:9: error: too few arguments to function 'HAL_GPIO_WritePin'
   35 |         HAL_GPIO_WritePin(PORT_7SEG_CONTROL0, PIN_7SEG_CONTROL0 GPIO_PIN_RESET);
      |         ^~~~~~~~~~~~~~~~~
In file included from ../Core/Inc/stm32f4xx_hal_conf.h:279,
                 from ../Drivers/STM32F4xx_HAL_Driver/Inc/stm32f4xx_hal.h:29,
                 from ../Core/Inc/main.h:30,
                 from ../Core/Src/7seg.c:7:
../Drivers/STM32F4xx_HAL_Driver/Inc/stm32f4xx_hal_gpio.h:235:6: note: declared here
  235 | void HAL_GPIO_WritePin(GPIO_TypeDef* GPIOx, uint16_t GPIO_Pin, GPIO_PinState PinState);
      |      ^~~~~~~~~~~~~~~~~
make: *** [Core/Src/subdir.mk:37: Core/Src/7seg.o] Error 1
"make -j8 all" terminated with exit code 2. Build might be incomplete.
10:38:04 **** Incremental Build of configuration Debug for project Lab1_20242 ****
make -j8 all 
arm-none-eabi-gcc "../Core/Src/7seg.c" -mcpu=cortex-m4 -std=gnu11 -g3 -DDEBUG -DUSE_HAL_DRIVER -DSTM32F429xx -c -I../Core/Inc -I../Drivers/STM32F4xx_HAL_Driver/Inc -I../Drivers/STM32F4xx_HAL_Driver/Inc/Legacy -I../Drivers/CMSIS/Device/ST/STM32F4xx/Include -I../Drivers/CMSIS/Include -O0 -ffunction-sections -fdata-sections -Wall -fstack-usage -fcyclomatic-complexity -MMD -MP -MF"Core/Src/7seg.d" -MT"Core/Src/7seg.o" --specs=nano.specs -mfpu=fpv4-sp-d16 -mfloat-abi=hard -mthumb -o "Core/Src/7seg.o"
arm-none-eabi-gcc -o "Lab1_20242.elf" @"objects.list"   -mcpu=cortex-m4 -T"D:\HUST\Embedded NLT\Labs\Lab 1\Lab1_20242\STM32F429ZITX_FLASH.ld" --specs=nosys.specs -Wl,-Map="Lab1_20242.map" -Wl,--gc-sections -static --specs=nano.specs -mfpu=fpv4-sp-d16 -mfloat-abi=hard -mthumb -Wl,--start-group -lc -lm -Wl,--end-group
Finished building target: Lab1_20242.elf
 
arm-none-eabi-size  Lab1_20242.elf 
arm-none-eabi-objdump -h -S Lab1_20242.elf  > "Lab1_20242.list"
   text	   data	    bss	    dec	    hex	filename
   9156	     24	   1664	  10844	   2a5c	Lab1_20242.elf
Finished building: default.size.stdout
 
Finished building: Lab1_20242.list
 
10:49:36 **** Clean-only build of configuration Debug for project IrRemoteControl ****
make -j8 clean 
rm -rf ./Drivers/STM32F4xx_HAL_Driver/Src/stm32f4xx_hal.cyclo ./Drivers/STM32F4xx_HAL_Driver/Src/stm32f4xx_hal.d ./Drivers/STM32F4xx_HAL_Driver/Src/stm32f4xx_hal.o ./Drivers/STM32F4xx_HAL_Driver/Src/stm32f4xx_hal.su ./Drivers/STM32F4xx_HAL_Driver/Src/stm32f4xx_hal_cortex.cyclo ./Drivers/STM32F4xx_HAL_Driver/Src/stm32f4xx_hal_cortex.d ./Drivers/STM32F4xx_HAL_Driver/Src/stm32f4xx_hal_cortex.o ./Drivers/STM32F4xx_HAL_Driver/Src/stm32f4xx_hal_cortex.su ./Drivers/STM32F4xx_HAL_Driver/Src/stm32f4xx_hal_dma.cyclo ./Drivers/STM32F4xx_HAL_Driver/Src/stm32f4xx_hal_dma.d ./Drivers/STM32F4xx_HAL_Driver/Src/stm32f4xx_hal_dma.o ./Drivers/STM32F4xx_HAL_Driver/Src/stm32f4xx_hal_dma.su ./Drivers/STM32F4xx_HAL_Driver/Src/stm32f4xx_hal_dma_ex.cyclo ./Drivers/STM32F4xx_HAL_Driver/Src/stm32f4xx_hal_dma_ex.d ./Drivers/STM32F4xx_HAL_Driver/Src/stm32f4xx_hal_dma_ex.o ./Drivers/STM32F4xx_HAL_Driver/Src/stm32f4xx_hal_dma_ex.su ./Drivers/STM32F4xx_HAL_Driver/Src/stm32f4xx_hal_exti.cyclo ./Drivers/STM32F4xx_HAL_Driver/Src/stm32f4xx_hal_exti.d ./Drivers/STM32F4xx_HAL_Driver/Src/stm32f4xx_hal_exti.o ./Drivers/STM32F4xx_HAL_Driver/Src/stm32f4xx_hal_exti.su ./Drivers/STM32F4xx_HAL_Driver/Src/stm32f4xx_hal_flash.cyclo ./Drivers/STM32F4xx_HAL_Driver/Src/stm32f4xx_hal_flash.d ./Drivers/STM32F4xx_HAL_Driver/Src/stm32f4xx_hal_flash.o ./Drivers/STM32F4xx_HAL_Driver/Src/stm32f4xx_hal_flash.su ./Drivers/STM32F4xx_HAL_Driver/Src/stm32f4xx_hal_flash_ex.cyclo ./Drivers/STM32F4xx_HAL_Driver/Src/stm32f4xx_hal_flash_ex.d ./Drivers/STM32F4xx_HAL_Driver/Src/stm32f4xx_hal_flash_ex.o ./Drivers/STM32F4xx_HAL_Driver/Src/stm32f4xx_hal_flash_ex.su ./Drivers/STM32F4xx_HAL_Driver/Src/stm32f4xx_hal_flash_ramfunc.cyclo ./Drivers/STM32F4xx_HAL_Driver/Src/stm32f4xx_hal_flash_ramfunc.d ./Drivers/STM32F4xx_HAL_Driver/Src/stm32f4xx_hal_flash_ramfunc.o ./Drivers/STM32F4xx_HAL_Driver/Src/stm32f4xx_hal_flash_ramfunc.su ./Drivers/STM32F4xx_HAL_Driver/Src/stm32f4xx_hal_gpio.cyclo ./Drivers/STM32F4xx_HAL_Driver/Src/stm32f4xx_hal_gpio.d ./Drivers/STM32F4xx_HAL_Driver/Src/stm32f4xx_hal_gpio.o ./Drivers/STM32F4xx_HAL_Driver/Src/stm32f4xx_hal_gpio.su ./Drivers/STM32F4xx_HAL_Driver/Src/stm32f4xx_hal_pwr.cyclo ./Drivers/STM32F4xx_HAL_Driver/Src/stm32f4xx_hal_pwr.d ./Drivers/STM32F4xx_HAL_Driver/Src/stm32f4xx_hal_pwr.o ./
[...]
arm-none-eabi-gcc "../Drivers/STM32F4xx_HAL_Driver/Src/stm32f4xx_hal_tim.c" -mcpu=cortex-m4 -std=gnu11 -g3 -DDEBUG -DUSE_HAL_DRIVER -DSTM32F429xx -c -I../Core/Inc -I../Drivers/STM32F4xx_HAL_Driver/Inc -I../Drivers/STM32F4xx_HAL_Driver/Inc/Legacy -I../Drivers/CMSIS/Device/ST/STM32F4xx/Include -I../Drivers/CMSIS/Include -O0 -ffunction-sections -fdata-sections -Wall -fstack-usage -fcyclomatic-complexity -MMD -MP -MF"Drivers/STM32F4xx_HAL_Driver/Src/stm32f4xx_hal_tim.d" -MT"Drivers/STM32F4xx_HAL_Driver/Src/stm32f4xx_hal_tim.o" --specs=nano.specs -mfpu=fpv4-sp-d16 -mfloat-abi=hard -mthumb -o "Drivers/STM32F4xx_HAL_Driver/Src/stm32f4xx_hal_tim.o"
arm-none-eabi-gcc "../Drivers/STM32F4xx_HAL_Driver/Src/stm32f4xx_hal_tim_ex.c" -mcpu=cortex-m4 -std=gnu11 -g3 -DDEBUG -DUSE_HAL_DRIVER -DSTM32F429xx -c -I../Core/Inc -I../Drivers/STM32F4xx_HAL_Driver/Inc -I../Drivers/STM32F4xx_HAL_Driver/Inc/Legacy -I../Drivers/CMSIS/Device/ST/STM32F4xx/Include -I../Drivers/CMSIS/Include -O0 -ffunction-sections -fdata-sections -Wall -fstack-usage -fcyclomatic-complexity -MMD -MP -MF"Drivers/STM32F4xx_HAL_Driver/Src/stm32f4xx_hal_tim_ex.d" -MT"Drivers/STM32F4xx_HAL_Driver/Src/stm32f4xx_hal_tim_ex.o" --specs=nano.specs -mfpu=fpv4-sp-d16 -mfloat-abi=hard -mthumb -o "Drivers/STM32F4xx_HAL_Driver/Src/stm32f4xx_hal_tim_ex.o"
arm-none-eabi-gcc "../Drivers/STM32F4xx_HAL_Driver/Src/stm32f4xx_hal_uart.c" -mcpu=cortex-m4 -std=gnu11 -g3 -DDEBUG -DUSE_HAL_DRIVER -DSTM32F429xx -c -I../Core/Inc -I../Drivers/STM32F4xx_HAL_Driver/Inc -I../Drivers/STM32F4xx_HAL_Driver/Inc/Legacy -I../Drivers/CMSIS/Device/ST/STM32F4xx/Include -I../Drivers/CMSIS/Include -O0 -ffunction-sections -fdata-sections -Wall -fstack-usage -fcyclomatic-complexity -MMD -MP -MF"Drivers/STM32F4xx_HAL_Driver/Src/stm32f4xx_hal_uart.d" -MT"Drivers/STM32F4xx_HAL_Driver/Src/stm32f4xx_hal_uart.o" --specs=nano.specs -mfpu=fpv4-sp-d16 -mfloat-abi=hard -mthumb -o "Drivers/STM32F4xx_HAL_Driver/Src/stm32f4xx_hal_uart.o"
arm-none-eabi-gcc -mcpu=cortex-m4 -g3 -DDEBUG -c -x assembler-with-cpp -MMD -MP -MF"Core/Startup/startup_stm32f429zitx.d" -MT"Core/Startup/startup_stm32f429zitx.o" --specs=nano.specs -mfpu=fpv4-sp-d16 -mfloat-abi=hard -mthumb -o "Core/Startup/startup_stm32f429zitx.o" "../Core/Startup/startup_stm32f429zitx.s"
arm-none-eabi-gcc "../Core/Src/7seg.c" -mcpu=cortex-m4 -std=gnu11 -g3 -DDEBUG -DUSE_HAL_DRIVER -DSTM32F429xx -c -I../Core/Inc -I../Drivers/STM32F4xx_HAL_Driver/Inc -I../Drivers/STM32F4xx_HAL_Driver/Inc/Legacy -I../Drivers/CMSIS/Device/ST/STM32F4xx/Include -I../Drivers/CMSIS/Include -O0 -ffunction-sections -fdata-sections -Wall -fstack-usage -fcyclomatic-complexity -MMD -MP -MF"Core/Src/7seg.d" -MT"Core/Src/7seg.o" --specs=nano.specs -mfpu=fpv4-sp-d16 -mfloat-abi=hard -mthumb -o "Core/Src/7seg.o"
arm-none-eabi-gcc "../Core/Src/irda.c" -mcpu=cortex-m4 -std=gnu11 -g3 -DDEBUG -DUSE_HAL_DRIVER -DSTM32F429xx -c -I../Core/Inc -I../Drivers/STM32F4xx_HAL_Driver/Inc -I../Drivers/STM32F4xx_HAL_Driver/Inc/Legacy -I../Drivers/CMSIS/Device/ST/STM32F4xx/Include -I../Drivers/CMSIS/Include -O0 -ffunction-sections -fdata-sections -Wall -fstack-usage -fcyclomatic-complexity -MMD -MP -MF"Core/Src/irda.d" -MT"Core/Src/irda.o" --specs=nano.specs -mfpu=fpv4-sp-d16 -mfloat-abi=hard -mthumb -o "Core/Src/irda.o"
arm-none-eabi-gcc "../Core/Src/main.c" -mcpu=cortex-m4 -std=gnu11 -g3 -DDEBUG -DUSE_HAL_DRIVER -DSTM32F429xx -c -I../Core/Inc -I../Drivers/STM32F4xx_HAL_Driver/Inc -I../Drivers/STM32F4xx_HAL_Driver/Inc/Legacy -I../Drivers/CMSIS/Device/ST/STM32F4xx/Include -I../Drivers/CMSIS/Include -O0 -ffunction-sections -fdata-sections -Wall -fstack-usage -fcyclomatic-complexity -MMD -MP -MF"Core/Src/main.d" -MT"Core/Src/main.o" --specs=nano.specs -mfpu=fpv4-sp-d16 -mfloat-abi=hard -mthumb -o "Core/Src/main.o"
arm-none-eabi-gcc "../Core/Src/stm32f4xx_hal_msp.c" -mcpu=cortex-m4 -std=gnu11 -g3 -DDEBUG -DUSE_HAL_DRIVER -DSTM32F429xx -c -I../Core/Inc -I../Drivers/STM32F4xx_HAL_Driver/Inc -I../Drivers/STM32F4xx_HAL_Driver/Inc/Legacy -I../Drivers/CMSIS/Device/ST/STM32F4xx/Include -I../Drivers/CMSIS/Include -O0 -ffunction-sections -fdata-sections -Wall -fstack-usage -fcyclomatic-complexity -MMD -MP -MF"Core/Src/stm32f4xx_hal_msp.d" -MT"Core/Src/stm32f4xx_hal_msp.o" --specs=nano.specs -mfpu=fpv4-sp-d16 -mfloat-abi=hard -mthumb -o "Core/Src/stm32f4xx_hal_msp.o"
arm-none-eabi-gcc "../Core/Src/stm32f4xx_it.c" -mcpu=cortex-m4 -std=gnu11 -g3 -DDEBUG -DUSE_HAL_DRIVER -DSTM32F429xx -c -I../Core/Inc -I../Drivers/STM32F4xx_HAL_Driver/Inc -I../Drivers/STM32F4xx_HAL_Driver/Inc/Legacy -I../Drivers/CMSIS/Device/ST/STM32F4xx/Include -I../Drivers/CMSIS/Include -O0 -ffunction-sections -fdata-sections -Wall -fstack-usage -fcyclomatic-complexity -MMD -MP -MF"Core/Src/stm32f4xx_it.d" -MT"Core/Src/stm32f4xx_it.o" --specs=nano.specs -mfpu=fpv4-sp-d16 -mfloat-abi=hard -mthumb -o "Core/Src/stm32f4xx_it.o"
arm-none-eabi-gcc "../Core/Src/syscalls.c" -mcpu=cortex-m4 -std=gnu11 -g3 -DDEBUG -DUSE_HAL_DRIVER -DSTM32F429xx -c -I../Core/Inc -I../Drivers/STM32F4xx_HAL_Driver/Inc -I../Drivers/STM32F4xx_HAL_Driver/Inc/Legacy -I../Drivers/CMSIS/Device/ST/STM32F4xx/Include -I../Drivers/CMSIS/Include -O0 -ffunction-sections -fdata-sections -Wall -fstack-usage -fcyclomatic-complexity -MMD -MP -MF"Core/Src/syscalls.d" -MT"Core/Src/syscalls.o" --specs=nano.specs -mfpu=fpv4-sp-d16 -mfloat-abi=hard -mthumb -o "Core/Src/syscalls.o"
arm-none-eabi-gcc "../Core/Src/sysmem.c" -mcpu=cortex-m4 -std=gnu11 -g3 -DDEBUG -DUSE_HAL_DRIVER -DSTM32F429xx -c -I../Core/Inc -I../Drivers/STM32F4xx_HAL_Driver/Inc -I../Drivers/STM32F4xx_HAL_Driver/Inc/Legacy -I../Drivers/CMSIS/Device/ST/STM32F4xx/Include -I../Drivers/CMSIS/Include -O0 -ffunction-sections -fdata-sections -Wall -fstack-usage -fcyclomatic-complexity -MMD -MP -MF"Core/Src/sysmem.d" -MT"Core/Src/sysmem.o" --specs=nano.specs -mfpu=fpv4-sp-d16 -mfloat-abi=hard -mthumb -o "Core/Src/sysmem.o"
../Core/Src/main.c: In function 'main':
../Core/Src/main.c:123:11: warning: implicit declaration of function 'Set7SegDisplayValue' [-Wimplicit-function-declaration]
  123 |           Set7SegDisplayValue(irda_cmd[2]);
      |           ^~~~~~~~~~~~~~~~~~~
../Core/Src/main.c:124:11: warning: implicit declaration of function 'Run7SegDisplay' [-Wimplicit-function-declaration]
  124 |           Run7SegDisplay();
      |           ^~~~~~~~~~~~~~
arm-none-eabi-gcc "../Core/Src/system_stm32f4xx.c" -mcpu=cortex-m4 -std=gnu11 -g3 -DDEBUG -DUSE_HAL_DRIVER -DSTM32F429xx -c -I../Core/Inc -I../Drivers/STM32F4xx_HAL_Driver/Inc -I../Drivers/STM32F4xx_HAL_Driver/Inc/Legacy -I../Drivers/CMSIS/Device/ST/STM32F4xx/Include -I../Drivers/CMSIS/Include -O0 -ffunction-sections -fdata-sections -Wall -fstack-usage -fcyclomatic-complexity -MMD -MP -MF"Core/Src/system_stm32f4xx.d" -MT"Core/Src/system_stm32f4xx.o" --specs=nano.specs -mfpu=fpv4-sp-d16 -mfloat-abi=hard -mthumb -o "Core/Src/system_stm32f4xx.o"
arm-none-eabi-gcc -o "IrRemoteControl.elf" @"objects.list"   -mcpu=cortex-m4 -T"D:\HUST\Embedded NLT\Labs\Lab 1\IrRemoteControl\STM32F429ZITX_FLASH.ld" --specs=nosys.specs -Wl,-Map="IrRemoteControl.map" -Wl,--gc-sections -static --specs=nano.specs -mfpu=fpv4-sp-d16 -mfloat-abi=hard -mthumb -Wl,--start-group -lc -lm -Wl,--end-group
Finished building target: IrRemoteControl.elf
 
arm-none-eabi-size  IrRemoteControl.elf 
arm-none-eabi-objdump -h -S IrRemoteControl.elf  > "IrRemoteControl.list"
   text	   data	    bss	    dec	    hex	filename
  14284	    104	   2200	  16588	   40cc	IrRemoteControl.elf
Finished building: default.size.stdout
 
Finished building: IrRemoteControl.list
 
10:51:26 **** Incremental Build of configuration Debug for project IrRemoteControl ****
make -j8 all 
arm-none-eabi-gcc "../Core/Src/main.c" -mcpu=cortex-m4 -std=gnu11 -g3 -DDEBUG -DUSE_HAL_DRIVER -DSTM32F429xx -c -I../Core/Inc -I../Drivers/STM32F4xx_HAL_Driver/Inc -I../Drivers/STM32F4xx_HAL_Driver/Inc/Legacy -I../Drivers/CMSIS/Device/ST/STM32F4xx/Include -I../Drivers/CMSIS/Include -O0 -ffunction-sections -fdata-sections -Wall -fstack-usage -fcyclomatic-complexity -MMD -MP -MF"Core/Src/main.d" -MT"Core/Src/main.o" --specs=nano.specs -mfpu=fpv4-sp-d16 -mfloat-abi=hard -mthumb -o "Core/Src/main.o"
../Core/Src/main.c: In function 'main':
../Core/Src/main.c:123:11: warning: implicit declaration of function 'Set7SegDisplayValue' [-Wimplicit-function-declaration]
  123 |           Set7SegDisplayValue(irda_cmd[2]);
      |           ^~~~~~~~~~~~~~~~~~~
../Core/Src/main.c:124:11: warning: implicit declaration of function 'Run7SegDisplay' [-Wimplicit-function-declaration]
  124 |           Run7SegDisplay();
      |           ^~~~~~~~~~~~~~
arm-none-eabi-gcc -o "IrRemoteControl.elf" @"objects.list"   -mcpu=cortex-m4 -T"D:\HUST\Embedded NLT\Labs\Lab 1\IrRemoteControl\STM32F429ZITX_FLASH.ld" --specs=nosys.specs -Wl,-Map="IrRemoteControl.map" -Wl,--gc-sections -static --specs=nano.specs -mfpu=fpv4-sp-d16 -mfloat-abi=hard -mthumb -Wl,--start-group -lc -lm -Wl,--end-group
Finished building target: IrRemoteControl.elf
 
arm-none-eabi-size  IrRemoteControl.elf 
arm-none-eabi-objdump -h -S IrRemoteControl.elf  > "IrRemoteControl.list"
   text	   data	    bss	    dec	    hex	filename
  14356	    104	   2200	  16660	   4114	IrRemoteControl.elf
Finished building: default.size.stdout
 
Finished building: IrRemoteControl.list
 
10:53:40 **** Incremental Build of configuration Debug for project IrRemoteControl ****
make -j8 all 
arm-none-eabi-gcc "../Core/Src/main.c" -mcpu=cortex-m4 -std=gnu11 -g3 -DDEBUG -DUSE_HAL_DRIVER -DSTM32F429xx -c -I../Core/Inc -I../Drivers/STM32F4xx_HAL_Driver/Inc -I../Drivers/STM32F4xx_HAL_Driver/Inc/Legacy -I../Drivers/CMSIS/Device/ST/STM32F4xx/Include -I../Drivers/CMSIS/Include -O0 -ffunction-sections -fdata-sections -Wall -fstack-usage -fcyclomatic-complexity -MMD -MP -MF"Core/Src/main.d" -MT"Core/Src/main.o" --specs=nano.specs -mfpu=fpv4-sp-d16 -mfloat-abi=hard -mthumb -o "Core/Src/main.o"
../Core/Src/main.c: In function 'main':
../Core/Src/main.c:123:11: warning: implicit declaration of function 'Set7SegDisplayValue' [-Wimplicit-function-declaration]
  123 |           Set7SegDisplayValue(irda_cmd[2]);
      |           ^~~~~~~~~~~~~~~~~~~
../Core/Src/main.c:124:11: warning: implicit declaration of function 'Run7SegDisplay' [-Wimplicit-function-declaration]
  124 |           Run7SegDisplay();
      |           ^~~~~~~~~~~~~~
arm-none-eabi-gcc -o "IrRemoteControl.elf" @"objects.list"   -mcpu=cortex-m4 -T"D:\HUST\Embedded NLT\Labs\Lab 1\IrRemoteControl\STM32F429ZITX_FLASH.ld" --specs=nosys.specs -Wl,-Map="IrRemoteControl.map" -Wl,--gc-sections -static --specs=nano.specs -mfpu=fpv4-sp-d16 -mfloat-abi=hard -mthumb -Wl,--start-group -lc -lm -Wl,--end-group
Finished building target: IrRemoteControl.elf
 
arm-none-eabi-size  IrRemoteControl.elf 
arm-none-eabi-objdump -h -S IrRemoteControl.elf  > "IrRemoteControl.list"
   text	   data	    bss	    dec	    hex	filename
  14356	    104	   2200	  16660	   4114	IrRemoteControl.elf
Finished building: default.size.stdout
 
Finished building: IrRemoteControl.list
 
10:55:23 **** Incremental Build of configuration Debug for project IrRemoteControl ****
make -j8 all 
arm-none-eabi-gcc "../Core/Src/main.c" -mcpu=cortex-m4 -std=gnu11 -g3 -DDEBUG -DUSE_HAL_DRIVER -DSTM32F429xx -c -I../Core/Inc -I../Drivers/STM32F4xx_HAL_Driver/Inc -I../Drivers/STM32F4xx_HAL_Driver/Inc/Legacy -I../Drivers/CMSIS/Device/ST/STM32F4xx/Include -I../Drivers/CMSIS/Include -O0 -ffunction-sections -fdata-sections -Wall -fstack-usage -fcyclomatic-complexity -MMD -MP -MF"Core/Src/main.d" -MT"Core/Src/main.o" --specs=nano.specs -mfpu=fpv4-sp-d16 -mfloat-abi=hard -mthumb -o "Core/Src/main.o"
../Core/Src/main.c: In function 'main':
../Core/Src/main.c:104:3: warning: implicit declaration of function 'Set7SegDisplayValue' [-Wimplicit-function-declaration]
  104 |   Set7SegDisplayValue(22);
      |   ^~~~~~~~~~~~~~~~~~~
../Core/Src/main.c:124:11: warning: implicit declaration of function 'Run7SegDisplay' [-Wimplicit-function-declaration]
  124 |           Run7SegDisplay();
      |           ^~~~~~~~~~~~~~
arm-none-eabi-gcc -o "IrRemoteControl.elf" @"objects.list"   -mcpu=cortex-m4 -T"D:\HUST\Embedded NLT\Labs\Lab 1\IrRemoteControl\STM32F429ZITX_FLASH.ld" --specs=nosys.specs -Wl,-Map="IrRemoteControl.map" -Wl,--gc-sections -static --specs=nano.specs -mfpu=fpv4-sp-d16 -mfloat-abi=hard -mthumb -Wl,--start-group -lc -lm -Wl,--end-group
Finished building target: IrRemoteControl.elf
 
arm-none-eabi-size  IrRemoteControl.elf 
arm-none-eabi-objdump -h -S IrRemoteControl.elf  > "IrRemoteControl.list"
   text	   data	    bss	    dec	    hex	filename
  14360	    104	   2200	  16664	   4118	IrRemoteControl.elf
Finished building: default.size.stdout
 
Finished building: IrRemoteControl.list
 
10:56:31 **** Incremental Build of configuration Debug for project IrRemoteControl ****
make -j8 all 
arm-none-eabi-gcc "../Core/Src/main.c" -mcpu=cortex-m4 -std=gnu11 -g3 -DDEBUG -DUSE_HAL_DRIVER -DSTM32F429xx -c -I../Core/Inc -I../Drivers/STM32F4xx_HAL_Driver/Inc -I../Drivers/STM32F4xx_HAL_Driver/Inc/Legacy -I../Drivers/CMSIS/Device/ST/STM32F4xx/Include -I../Drivers/CMSIS/Include -O0 -ffunction-sections -fdata-sections -Wall -fstack-usage -fcyclomatic-complexity -MMD -MP -MF"Core/Src/main.d" -MT"Core/Src/main.o" --specs=nano.specs -mfpu=fpv4-sp-d16 -mfloat-abi=hard -mthumb -o "Core/Src/main.o"
../Core/Src/main.c: In function 'main':
../Core/Src/main.c:104:3: warning: implicit declaration of function 'Set7SegDisplayValue' [-Wimplicit-function-declaration]
  104 |   Set7SegDisplayValue(22);
      |   ^~~~~~~~~~~~~~~~~~~
../Core/Src/main.c:105:3: warning: implicit declaration of function 'Run7SegDisplay' [-Wimplicit-function-declaration]
  105 |   Run7SegDisplay();
      |   ^~~~~~~~~~~~~~
arm-none-eabi-gcc -o "IrRemoteControl.elf" @"objects.list"   -mcpu=cortex-m4 -T"D:\HUST\Embedded NLT\Labs\Lab 1\IrRemoteControl\STM32F429ZITX_FLASH.ld" --specs=nosys.specs -Wl,-Map="IrRemoteControl.map" -Wl,--gc-sections -static --specs=nano.specs -mfpu=fpv4-sp-d16 -mfloat-abi=hard -mthumb -Wl,--start-group -lc -lm -Wl,--end-group
Finished building target: IrRemoteControl.elf
 
arm-none-eabi-size  IrRemoteControl.elf 
arm-none-eabi-objdump -h -S IrRemoteControl.elf  > "IrRemoteControl.list"
   text	   data	    bss	    dec	    hex	filename
  14364	    104	   2200	  16668	   411c	IrRemoteControl.elf
Finished building: default.size.stdout
 
Finished building: IrRemoteControl.list
 
10:58:06 **** Incremental Build of configuration Debug for project Lab1_20242 ****
make -j8 all 
arm-none-eabi-size  Lab1_20242.elf 
   text	   data	    bss	    dec	    hex	filename
   9156	     24	   1664	  10844	   2a5c	Lab1_20242.elf
Finished building: default.size.stdout
 
10:58:46 **** Incremental Build of configuration Debug for project IrRemoteControl ****
make -j8 all 
arm-none-eabi-size  IrRemoteControl.elf 
   text	   data	    bss	    dec	    hex	filename
  14364	    104	   2200	  16668	   411c	IrRemoteControl.elf
Finished building: default.size.stdout
 
11:01:51 **** Incremental Build of configuration Debug for project IrRemoteControl ****
make -j8 all 
arm-none-eabi-size  IrRemoteControl.elf 
   text	   data	    bss	    dec	    hex	filename
  14364	    104	   2200	  16668	   411c	IrRemoteControl.elf
Finished building: default.size.stdout
 
11:05:51 **** Incremental Build of configuration Debug for project IrRemoteControl ****
make -j8 all 
arm-none-eabi-gcc "../Core/Src/7seg.c" -mcpu=cortex-m4 -std=gnu11 -g3 -DDEBUG -DUSE_HAL_DRIVER -DSTM32F429xx -c -I../Core/Inc -I../Drivers/STM32F4xx_HAL_Driver/Inc -I../Drivers/STM32F4xx_HAL_Driver/Inc/Legacy -I../Drivers/CMSIS/Device/ST/STM32F4xx/Include -I../Drivers/CMSIS/Include -O0 -ffunction-sections -fdata-sections -Wall -fstack-usage -fcyclomatic-complexity -MMD -MP -MF"Core/Src/7seg.d" -MT"Core/Src/7seg.o" --specs=nano.specs -mfpu=fpv4-sp-d16 -mfloat-abi=hard -mthumb -o "Core/Src/7seg.o"
arm-none-eabi-gcc "../Core/Src/stm32f4xx_it.c" -mcpu=cortex-m4 -std=gnu11 -g3 -DDEBUG -DUSE_HAL_DRIVER -DSTM32F429xx -c -I../Core/Inc -I../Drivers/STM32F4xx_HAL_Driver/Inc -I../Drivers/STM32F4xx_HAL_Driver/Inc/Legacy -I../Drivers/CMSIS/Device/ST/STM32F4xx/Include -I../Drivers/CMSIS/Include -O0 -ffunction-sections -fdata-sections -Wall -fstack-usage -fcyclomatic-complexity -MMD -MP -MF"Core/Src/stm32f4xx_it.d" -MT"Core/Src/stm32f4xx_it.o" --specs=nano.specs -mfpu=fpv4-sp-d16 -mfloat-abi=hard -mthumb -o "Core/Src/stm32f4xx_it.o"
arm-none-eabi-gcc -o "IrRemoteControl.elf" @"objects.list"   -mcpu=cortex-m4 -T"D:\HUST\Embedded NLT\Labs\Lab 1\IrRemoteControl\STM32F429ZITX_FLASH.ld" --specs=nosys.specs -Wl,-Map="IrRemoteControl.map" -Wl,--gc-sections -static --specs=nano.specs -mfpu=fpv4-sp-d16 -mfloat-abi=hard -mthumb -Wl,--start-group -lc -lm -Wl,--end-group
Finished building target: IrRemoteControl.elf
 
arm-none-eabi-size  IrRemoteControl.elf 
arm-none-eabi-objdump -h -S IrRemoteControl.elf  > "IrRemoteControl.list"
   text	   data	    bss	    dec	    hex	filename
  14364	    104	   2200	  16668	   411c	IrRemoteControl.elf
Finished building: default.size.stdout
 
Finished building: IrRemoteControl.list
 
11:17:55 **** Incremental Build of configuration Debug for project Lab1_20242 ****
make -j8 all 
arm-none-eabi-size  Lab1_20242.elf 
   text	   data	    bss	    dec	    hex	filename
   9156	     24	   1664	  10844	   2a5c	Lab1_20242.elf
Finished building: default.size.stdout
 
11:18:19 **** Incremental Build of configuration Debug for project IrRemoteControl ****
make -j8 all 
arm-none-eabi-size  IrRemoteControl.elf 
   text	   data	    bss	    dec	    hex	filename
  14364	    104	   2200	  16668	   411c	IrRemoteControl.elf
Finished building: default.size.stdout
 
11:20:34 **** Incremental Build of configuration Debug for project IrRemoteControl ****
make -j8 all 
arm-none-eabi-gcc "../Core/Src/main.c" -mcpu=cortex-m4 -std=gnu11 -g3 -DDEBUG -DUSE_HAL_DRIVER -DSTM32F429xx -c -I../Core/Inc -I../Drivers/STM32F4xx_HAL_Driver/Inc -I../Drivers/STM32F4xx_HAL_Driver/Inc/Legacy -I../Drivers/CMSIS/Device/ST/STM32F4xx/Include -I../Drivers/CMSIS/Include -O0 -ffunction-sections -fdata-sections -Wall -fstack-usage -fcyclomatic-complexity -MMD -MP -MF"Core/Src/main.d" -MT"Core/Src/main.o" --specs=nano.specs -mfpu=fpv4-sp-d16 -mfloat-abi=hard -mthumb -o "Core/Src/main.o"
../Core/Src/main.c: In function 'main':
../Core/Src/main.c:104:3: warning: implicit declaration of function 'Set7SegDisplayValue' [-Wimplicit-function-declaration]
  104 |   Set7SegDisplayValue(22);
      |   ^~~~~~~~~~~~~~~~~~~
../Core/Src/main.c:105:3: warning: implicit declaration of function 'Run7SegDisplay' [-Wimplicit-function-declaration]
  105 |   Run7SegDisplay();
      |   ^~~~~~~~~~~~~~
arm-none-eabi-gcc -o "IrRemoteControl.elf" @"objects.list"   -mcpu=cortex-m4 -T"D:\HUST\Embedded NLT\Labs\Lab 1\IrRemoteControl\STM32F429ZITX_FLASH.ld" --specs=nosys.specs -Wl,-Map="IrRemoteControl.map" -Wl,--gc-sections -static --specs=nano.specs -mfpu=fpv4-sp-d16 -mfloat-abi=hard -mthumb -Wl,--start-group -lc -lm -Wl,--end-group
Finished building target: IrRemoteControl.elf
 
arm-none-eabi-size  IrRemoteControl.elf 
arm-none-eabi-objdump -h -S IrRemoteControl.elf  > "IrRemoteControl.list"
   text	   data	    bss	    dec	    hex	filename
  16860	    116	   2204	  19180	   4aec	IrRemoteControl.elf
Finished building: default.size.stdout
 
Finished building: IrRemoteControl.list
 
