11:20:34 **** Incremental Build of configuration Debug for project IrRemoteControl ****
make -j8 all 
arm-none-eabi-gcc "../Core/Src/main.c" -mcpu=cortex-m4 -std=gnu11 -g3 -DDEBUG -DUSE_HAL_DRIVER -DSTM32F429xx -c -I../Core/Inc -I../Drivers/STM32F4xx_HAL_Driver/Inc -I../Drivers/STM32F4xx_HAL_Driver/Inc/Legacy -I../Drivers/CMSIS/Device/ST/STM32F4xx/Include -I../Drivers/CMSIS/Include -O0 -ffunction-sections -fdata-sections -Wall -fstack-usage -fcyclomatic-complexity -MMD -MP -MF"Core/Src/main.d" -MT"Core/Src/main.o" --specs=nano.specs -mfpu=fpv4-sp-d16 -mfloat-abi=hard -mthumb -o "Core/Src/main.o"
../Core/Src/main.c: In function 'main':
../Core/Src/main.c:104:3: warning: implicit declaration of function 'Set7SegDisplayValue' [-Wimplicit-function-declaration]
  104 |   Set7SegDisplayValue(22);
      |   ^~~~~~~~~~~~~~~~~~~
../Core/Src/main.c:105:3: warning: implicit declaration of function 'Run7SegDisplay' [-Wimplicit-function-declaration]
  105 |   Run7SegDisplay();
      |   ^~~~~~~~~~~~~~
arm-none-eabi-gcc -o "IrRemoteControl.elf" @"objects.list"   -mcpu=cortex-m4 -T"D:\HUST\Embedded NLT\Labs\Lab 1\IrRemoteControl\STM32F429ZITX_FLASH.ld" --specs=nosys.specs -Wl,-Map="IrRemoteControl.map" -Wl,--gc-sections -static --specs=nano.specs -mfpu=fpv4-sp-d16 -mfloat-abi=hard -mthumb -Wl,--start-group -lc -lm -Wl,--end-group
Finished building target: IrRemoteControl.elf
 
arm-none-eabi-size  IrRemoteControl.elf 
arm-none-eabi-objdump -h -S IrRemoteControl.elf  > "IrRemoteControl.list"
   text	   data	    bss	    dec	    hex	filename
  16860	    116	   2204	  19180	   4aec	IrRemoteControl.elf
Finished building: default.size.stdout
 
Finished building: IrRemoteControl.list
 

11:20:36 Build Finished. 0 errors, 2 warnings. (took 1s.420ms)

