Archive member included to satisfy reference by file (symbol)

D:/CODIng/Embedded C/MCU1/SETUP/STM32CubeIDE_1.16.0/STM32CubeIDE/plugins/com.st.stm32cube.ide.mcu.externaltools.gnu-tools-for-stm32.13.3.rel1.win32_1.0.0.202411081344/tools/bin/../lib/gcc/arm-none-eabi/13.3.1/../../../../arm-none-eabi/lib/thumb/v7e-m+fp/hard\libc_nano.a(libc_a-exit.o)
                              D:/CODIng/Embedded C/MCU1/SETUP/STM32CubeIDE_1.16.0/STM32CubeIDE/plugins/com.st.stm32cube.ide.mcu.externaltools.gnu-tools-for-stm32.13.3.rel1.win32_1.0.0.202411081344/tools/bin/../lib/gcc/arm-none-eabi/13.3.1/../../../../arm-none-eabi/lib/thumb/v7e-m+fp/hard/crt0.o (exit)
D:/CODIng/Embedded C/MCU1/SETUP/STM32CubeIDE_1.16.0/STM32CubeIDE/plugins/com.st.stm32cube.ide.mcu.externaltools.gnu-tools-for-stm32.13.3.rel1.win32_1.0.0.202411081344/tools/bin/../lib/gcc/arm-none-eabi/13.3.1/../../../../arm-none-eabi/lib/thumb/v7e-m+fp/hard\libc_nano.a(libc_a-findfp.o)
                              D:/CODIng/Embedded C/MCU1/SETUP/STM32CubeIDE_1.16.0/STM32CubeIDE/plugins/com.st.stm32cube.ide.mcu.externaltools.gnu-tools-for-stm32.13.3.rel1.win32_1.0.0.202411081344/tools/bin/../lib/gcc/arm-none-eabi/13.3.1/../../../../arm-none-eabi/lib/thumb/v7e-m+fp/hard\libc_nano.a(libc_a-exit.o) (__stdio_exit_handler)
D:/CODIng/Embedded C/MCU1/SETUP/STM32CubeIDE_1.16.0/STM32CubeIDE/plugins/com.st.stm32cube.ide.mcu.externaltools.gnu-tools-for-stm32.13.3.rel1.win32_1.0.0.202411081344/tools/bin/../lib/gcc/arm-none-eabi/13.3.1/../../../../arm-none-eabi/lib/thumb/v7e-m+fp/hard\libc_nano.a(libc_a-fwalk.o)
                              D:/CODIng/Embedded C/MCU1/SETUP/STM32CubeIDE_1.16.0/STM32CubeIDE/plugins/com.st.stm32cube.ide.mcu.externaltools.gnu-tools-for-stm32.13.3.rel1.win32_1.0.0.202411081344/tools/bin/../lib/gcc/arm-none-eabi/13.3.1/../../../../arm-none-eabi/lib/thumb/v7e-m+fp/hard\libc_nano.a(libc_a-findfp.o) (_fwalk_sglue)
D:/CODIng/Embedded C/MCU1/SETUP/STM32CubeIDE_1.16.0/STM32CubeIDE/plugins/com.st.stm32cube.ide.mcu.externaltools.gnu-tools-for-stm32.13.3.rel1.win32_1.0.0.202411081344/tools/bin/../lib/gcc/arm-none-eabi/13.3.1/../../../../arm-none-eabi/lib/thumb/v7e-m+fp/hard\libc_nano.a(libc_a-sprintf.o)
                              ./Core/Src/main.o (sprintf)
D:/CODIng/Embedded C/MCU1/SETUP/STM32CubeIDE_1.16.0/STM32CubeIDE/plugins/com.st.stm32cube.ide.mcu.externaltools.gnu-tools-for-stm32.13.3.rel1.win32_1.0.0.202411081344/tools/bin/../lib/gcc/arm-none-eabi/13.3.1/../../../../arm-none-eabi/lib/thumb/v7e-m+fp/hard\libc_nano.a(libc_a-stdio.o)
                              D:/CODIng/Embedded C/MCU1/SETUP/STM32CubeIDE_1.16.0/STM32CubeIDE/plugins/com.st.stm32cube.ide.mcu.externaltools.gnu-tools-for-stm32.13.3.rel1.win32_1.0.0.202411081344/tools/bin/../lib/gcc/arm-none-eabi/13.3.1/../../../../arm-none-eabi/lib/thumb/v7e-m+fp/hard\libc_nano.a(libc_a-findfp.o) (__sread)
D:/CODIng/Embedded C/MCU1/SETUP/STM32CubeIDE_1.16.0/STM32CubeIDE/plugins/com.st.stm32cube.ide.mcu.externaltools.gnu-tools-for-stm32.13.3.rel1.win32_1.0.0.202411081344/tools/bin/../lib/gcc/arm-none-eabi/13.3.1/../../../../arm-none-eabi/lib/thumb/v7e-m+fp/hard\libc_nano.a(libc_a-memset.o)
                              D:/CODIng/Embedded C/MCU1/SETUP/STM32CubeIDE_1.16.0/STM32CubeIDE/plugins/com.st.stm32cube.ide.mcu.externaltools.gnu-tools-for-stm32.13.3.rel1.win32_1.0.0.202411081344/tools/bin/../lib/gcc/arm-none-eabi/13.3.1/../../../../arm-none-eabi/lib/thumb/v7e-m+fp/hard/crt0.o (memset)
D:/CODIng/Embedded C/MCU1/SETUP/STM32CubeIDE_1.16.0/STM32CubeIDE/plugins/com.st.stm32cube.ide.mcu.externaltools.gnu-tools-for-stm32.13.3.rel1.win32_1.0.0.202411081344/tools/bin/../lib/gcc/arm-none-eabi/13.3.1/../../../../arm-none-eabi/lib/thumb/v7e-m+fp/hard\libc_nano.a(libc_a-closer.o)
                              D:/CODIng/Embedded C/MCU1/SETUP/STM32CubeIDE_1.16.0/STM32CubeIDE/plugins/com.st.stm32cube.ide.mcu.externaltools.gnu-tools-for-stm32.13.3.rel1.win32_1.0.0.202411081344/tools/bin/../lib/gcc/arm-none-eabi/13.3.1/../../../../arm-none-eabi/lib/thumb/v7e-m+fp/hard\libc_nano.a(libc_a-stdio.o) (_close_r)
D:/CODIng/Embedded C/MCU1/SETUP/STM32CubeIDE_1.16.0/STM32CubeIDE/plugins/com.st.stm32cube.ide.mcu.externaltools.gnu-tools-for-stm32.13.3.rel1.win32_1.0.0.202411081344/tools/bin/../lib/gcc/arm-none-eabi/13.3.1/../../../../arm-none-eabi/lib/thumb/v7e-m+fp/hard\libc_nano.a(libc_a-reent.o)
                              D:/CODIng/Embedded C/MCU1/SETUP/STM32CubeIDE_1.16.0/STM32CubeIDE/plugins/com.st.stm32cube.ide.mcu.externaltools.gnu-tools-for-stm32.13.3.rel1.win32_1.0.0.202411081344/tools/bin/../lib/gcc/arm-none-eabi/13.3.1/../../../../arm-none-eabi/lib/thumb/v7e-m+fp/hard\libc_nano.a(libc_a-closer.o) (errno)
D:/CODIng/Embedded C/MCU1/SETUP/STM32CubeIDE_1.16.0/STM32CubeIDE/plugins/com.st.stm32cube.ide.mcu.externaltools.gnu-tools-for-stm32.13.3.rel1.win32_1.0.0.202411081344/tools/bin/../lib/gcc/arm-none-eabi/13.3.1/../../../../arm-none-eabi/lib/thumb/v7e-m+fp/hard\libc_nano.a(libc_a-impure.o)
[...]
Memory Configuration

Name             Origin             Length             Attributes
CCMRAM           0x10000000         0x00010000         xrw
RAM              0x20000000         0x00030000         xrw
FLASH            0x08000000         0x00200000         xr
*default*        0x00000000         0xffffffff

Linker script and memory map

LOAD D:/CODIng/Embedded C/MCU1/SETUP/STM32CubeIDE_1.16.0/STM32CubeIDE/plugins/com.st.stm32cube.ide.mcu.externaltools.gnu-tools-for-stm32.13.3.rel1.win32_1.0.0.202411081344/tools/bin/../lib/gcc/arm-none-eabi/13.3.1/thumb/v7e-m+fp/hard/crti.o
LOAD D:/CODIng/Embedded C/MCU1/SETUP/STM32CubeIDE_1.16.0/STM32CubeIDE/plugins/com.st.stm32cube.ide.mcu.externaltools.gnu-tools-for-stm32.13.3.rel1.win32_1.0.0.202411081344/tools/bin/../lib/gcc/arm-none-eabi/13.3.1/thumb/v7e-m+fp/hard/crtbegin.o
LOAD D:/CODIng/Embedded C/MCU1/SETUP/STM32CubeIDE_1.16.0/STM32CubeIDE/plugins/com.st.stm32cube.ide.mcu.externaltools.gnu-tools-for-stm32.13.3.rel1.win32_1.0.0.202411081344/tools/bin/../lib/gcc/arm-none-eabi/13.3.1/../../../../arm-none-eabi/lib/thumb/v7e-m+fp/hard/crt0.o
LOAD ./Core/Src/7seg.o
LOAD ./Core/Src/irda.o
LOAD ./Core/Src/main.o
LOAD ./Core/Src/stm32f4xx_hal_msp.o
LOAD ./Core/Src/stm32f4xx_it.o
LOAD ./Core/Src/syscalls.o
LOAD ./Core/Src/sysmem.o
LOAD ./Core/Src/system_stm32f4xx.o
LOAD ./Core/Startup/startup_stm32f429zitx.o
LOAD ./Drivers/STM32F4xx_HAL_Driver/Src/stm32f4xx_hal.o
LOAD ./Drivers/STM32F4xx_HAL_Driver/Src/stm32f4xx_hal_cortex.o
LOAD ./Drivers/STM32F4xx_HAL_Driver/Src/stm32f4xx_hal_dma.o
LOAD ./Drivers/STM32F4xx_HAL_Driver/Src/stm32f4xx_hal_dma_ex.o
LOAD ./Drivers/STM32F4xx_HAL_Driver/Src/stm32f4xx_hal_exti.o
LOAD ./Drivers/STM32F4xx_HAL_Driver/Src/stm32f4xx_hal_flash.o
LOAD ./Drivers/STM32F4xx_HAL_Driver/Src/stm32f4xx_hal_flash_ex.o
LOAD ./Drivers/STM32F4xx_HAL_Driver/Src/stm32f4xx_hal_flash_ramfunc.o
LOAD ./Drivers/STM32F4xx_HAL_Driver/Src/stm32f4xx_hal_gpio.o
LOAD ./Drivers/STM32F4xx_HAL_Driver/Src/stm32f4xx_hal_pwr.o
LOAD ./Drivers/STM32F4xx_HAL_Driver/Src/stm32f4xx_hal_pwr_ex.o
LOAD ./Drivers/STM32F4xx_HAL_Driver/Src/stm32f4xx_hal_rcc.o
LOAD ./Drivers/STM32F4xx_HAL_Driver/Src/stm32f4xx_hal_rcc_ex.o
LOAD ./Drivers/STM32F4xx_HAL_Driver/Src/stm32f4xx_hal_tim.o
LOAD ./Drivers/STM32F4xx_HAL_Driver/Src/stm32f4xx_hal_tim_ex.o
LOAD ./Drivers/STM32F4xx_HAL_Driver/Src/stm32f4xx_hal_uart.o
START GROUP
LOAD D:/CODIng/Embedded C/MCU1/SETUP/STM32CubeIDE_1.16.0/STM32CubeIDE/plugins/com.st.stm32cube.ide.mcu.externaltools.gnu-tools-for-stm32.13.3.rel1.win32_1.0.0.202411081344/tools/bin/../lib/gcc/arm-none-eabi/13.3.1/../../../../arm-none-eabi/lib/thumb/v7e-m+fp/hard\libc_nano.a
LOAD D:/CODIng/Embedded C/MCU1/SETUP/STM32CubeIDE_1.16.0/STM32CubeIDE/plugins/com.st.stm32cube.ide.mcu.externaltools.gnu-tools-for-stm32.13.3.rel1.win32_1.0.0.202411081344/tools/bin/../lib/gcc/arm-none-eabi/13.3.1/../../../../arm-none-eabi/lib/thumb/v7e-m+fp/hard\libm.a
END GROUP
START GROUP
LOAD D:/CODIng/Embedded C/MCU1/SETUP/STM32CubeIDE_1.16.0/STM32CubeIDE/plugins/com.st.stm32cube.ide.mcu.externaltools.gnu-tools-for-stm32.13.3.rel1.win32_1.0.0.202411081344/tools/bin/../lib/gcc/arm-none-eabi/13.3.1/thumb/v7e-m+fp/hard\libgcc.a
LOAD D:/CODIng/Embedded C/MCU1/SETUP/STM32CubeIDE_1.16.0/STM32CubeIDE/plugins/com.st.stm32cube.ide.mcu.externaltools.gnu-tools-for-stm32.13.3.rel1.win32_1.0.0.202411081344/tools/bin/../lib/gcc/arm-none-eabi/13.3.1/../../../../arm-none-eabi/lib/thumb/v7e-m+fp/hard\libc_nano.a
END GROUP
START GROUP
LOAD D:/CODIng/Embedded C/MCU1/SETUP/STM32CubeIDE_1.16.0/STM32CubeIDE/plugins/com.st.stm32cube.ide.mcu.externaltools.gnu-tools-for-stm32.13.3.rel1.win32_1.0.0.202411081344/tools/bin/../lib/gcc/arm-none-eabi/13.3.1/thumb/v7e-m+fp/hard\libgcc.a
LOAD D:/CODIng/Embedded C/MCU1/SETUP/STM32CubeIDE_1.16.0/STM32CubeIDE/plugins/com.st.stm32cube.ide.mcu.externaltools.gnu-tools-for-stm32.13.3.rel1.win32_1.0.0.202411081344/tools/bin/../lib/gcc/arm-none-eabi/13.3.1/../../../../arm-none-eabi/lib/thumb/v7e-m+fp/hard\libc_nano.a
LOAD D:/CODIng/Embedded C/MCU1/SETUP/STM32CubeIDE_1.16.0/STM32CubeIDE/plugins/com.st.stm32cube.ide.mcu.externaltools.gnu-tools-for-stm32.13.3.rel1.win32_1.0.0.202411081344/tools/bin/../lib/gcc/arm-none-eabi/13.3.1/../../../../arm-none-eabi/lib/thumb/v7e-m+fp/hard\libnosys.a
END GROUP
START GROUP
LOAD D:/CODIng/Embedded C/MCU1/SETUP/STM32CubeIDE_1.16.0/STM32CubeIDE/plugins/com.st.stm32cube.ide.mcu.externaltools.gnu-tools-for-stm32.13.3.rel1.win32_1.0.0.202411081344/tools/bin/../lib/gcc/arm-none-eabi/13.3.1/thumb/v7e-m+fp/hard\libgcc.a
LOAD D:/CODIng/Embedded C/MCU1/SETUP/STM32CubeIDE_1.16.0/STM32CubeIDE/plugins/com.st.stm32cube.ide.mcu.externaltools.gnu-tools-for-stm32.13.3.rel1.win32_1.0.0.202411081344/tools/bin/../lib/gcc/arm-none-eabi/13.3.1/../../../../arm-none-eabi/lib/thumb/v7e-m+fp/hard\libc_nano.a
LOAD D:/CODIng/Embedded C/MCU1/SETUP/STM32CubeIDE_1.16.0/STM32CubeIDE/plugins/com.st.stm32cube.ide.mcu.externaltools.gnu-tools-for-stm32.13.3.rel1.win32_1.0.0.202411081344/tools/bin/../lib/gcc/arm-none-eabi/13.3.1/../../../../arm-none-eabi/lib/thumb/v7e-m+fp/hard\libnosys.a
END GROUP
LOAD D:/CODIng/Embedded C/MCU1/SETUP/STM32CubeIDE_1.16.0/STM32CubeIDE/plugins/com.st.stm32cube.ide.mcu.externaltools.gnu-tools-for-stm32.13.3.rel1.win32_1.0.0.202411081344/tools/bin/../lib/gcc/arm-none-eabi/13.3.1/thumb/v7e-m+fp/hard/crtend.o
LOAD D:/CODIng/Embedded C/MCU1/SETUP/STM32CubeIDE_1.16.0/STM32CubeIDE/plugins/com.st.stm32cube.ide.mcu.externaltools.gnu-tools-for-stm32.13.3.rel1.win32_1.0.0.202411081344/tools/bin/../lib/gcc/arm-none-eabi/13.3.1/thumb/v7e-m+fp/hard/crtn.o
                0x20030000                        _estack = (ORIGIN (RAM) + LENGTH (RAM))
                0x00000200                        _Min_Heap_Size = 0x200
                0x00000400                        _Min_Stack_Size = 0x400

.isr_vector     0x08000000      0x1ac
                0x08000000                        . = ALIGN (0x4)
 *(.isr_vector)
 .isr_vector    0x08000000      0x1ac ./Core/Startup/startup_stm32f429zitx.o
                0x08000000                g_pfnVectors
                0x080001ac                        . = ALIGN (0x4)

.text           0x080001b0     0x391c
                0x080001b0                        . = ALIGN (0x4)
 *(.text)
 .text          0x080001b0       0x40 D:/CODIng/Embedded C/MCU1/SETUP/STM32CubeIDE_1.16.0/STM32CubeIDE/plugins/com.st.stm32cube.ide.mcu.externaltools.gnu-tools-for-stm32.13.3.rel1.win32_1.0.0.202411081344/tools/bin/../lib/gcc/arm-none-eabi/13.3.1/thumb/v7e-m+fp/hard/crtbegin.o
 .text          0x080001f0       0x10 D:/CODIng/Embedded C/MCU1/SETUP/STM32CubeIDE_1.16.0/STM32CubeIDE/plugins/com.st.stm32cube.ide.mcu.externaltools.gnu-tools-for-stm32.13.3.rel1.win32_1.0.0.202411081344/tools/bin/../lib/gcc/arm-none-eabi/13.3.1/../../../../arm-none-eabi/lib/thumb/v7e-m+fp/hard\libc_nano.a(libc_a-strlen.o)
                0x080001f0                strlen
 .text          0x08000200       0xa0 D:/CODIng/Embedded C/MCU1/SETUP/STM32CubeIDE_1.16.0/STM32CubeIDE/plugins/com.st.stm32cube.ide.mcu.externaltools.gnu-tools-for-stm32.13.3.rel1.win32_1.0.0.202411081344/tools/bin/../lib/gcc/arm-none-eabi/13.3.1/../../../../arm-none-eabi/lib/thumb/v7e-m+fp/hard\libc_nano.a(libc_a-memchr.o)
                0x08000200                memchr
 .text          0x080002a0       0x30 D:/CODIng/Embedded C/MCU1/SETUP/STM32CubeIDE_1.16.0/STM32CubeIDE/plugins/com.st.stm32cube.ide.mcu.externaltools.gnu-tools-for-stm32.13.3.rel1.win32_1.0.0.202411081344/tools/bin/../lib/gcc/arm-none-eabi/13.3.1/thumb/v7e-m+fp/hard\libgcc.a(_aeabi_uldivmod.o)
                0x080002a0                __aeabi_uldivmod
 .text          0x080002d0      0x2f8 D:/CODIng/Embedded C/MCU1/SETUP/STM32CubeIDE_1.16.0/STM32CubeIDE/plugins/com.st.stm32cube.ide.mcu.externaltools.gnu-tools-for-stm32.13.3.rel1.win32_1.0.0.202411081344/tools/bin/../lib/gcc/arm-none-eabi/13.3.1/thumb/v7e-m+fp/hard\libgcc.a(_udivmoddi4.o)
                0x080002d0                __udivmoddi4
 .text          0x080005c8        0x4 D:/CODIng/Embedded C/MCU1/SETUP/STM32CubeIDE_1.16.0/STM32CubeIDE/plugins/com.st.stm32cube.ide.mcu.externaltools.gnu-tools-for-stm32.13.3.rel1.win32_1.0.0.202411081344/tools/bin/../lib/gcc/arm-none-eabi/13.3.1/thumb/v7e-m+fp/hard\libgcc.a(_dvmd_tls.o)
                0x080005c8                __aeabi_idiv0
                0x080005c8                __aeabi_ldiv0
 *(.text*)
 .text.Set7SegHexByte
                0x080005cc       0x40 ./Core/Src/7seg.o
                0x080005cc                Set7SegHexByte
 .text.Run7SegDisplay
                0x0800060c      0x1a8 ./Core/Src/7seg.o
                0x0800060c                Run7SegDisplay
 .text.IrGetBitTime
                0x080007b4       0x74 ./Core/Src/irda.o
                0x080007b4                IrGetBitTime
 .text.IrDecode
                0x08000828       0x70 ./Core/Src/irda.o
                0x08000828                IrDecode
 .text.DisplayLEDsRaw
                0x08000898      0x140 ./Core/Src/main.o
                0x08000898                DisplayLEDsRaw
 .text.DisplayLEDs
                0x080009d8      0x110 ./Core/Src/main.o
                0x080009d8                DisplayLEDs
 .text.main     0x08000ae8      0x14c ./Core/Src/main.o
                0x08000ae8                main
 .text.SystemClock_Config
                0x08000c34       0xe0 ./Core/Src/main.o
                0x08000c34                SystemClock_Config
 .text.MX_TIM6_Init
                0x08000d14       0x68 ./Core/Src/main.o
 .text.MX_USART1_UART_Init
                0x08000d7c       0x54 ./Core/Src/main.o
 .text.MX_GPIO_Init
                0x08000dd0      0x164 ./Core/Src/main.o
 .text.Error_Handler
                0x08000f34        0xc ./Core/Src/main.o
                0x08000f34                Error_Handler
 .text.HAL_MspInit
                0x08000f40       0x50 ./Core/Src/stm32f4xx_hal_msp.o
                0x08000f40                HAL_MspInit
 .text.HAL_TIM_Base_MspInit
                0x08000f90       0x50 ./Core/Src/stm32f4xx_hal_msp.o
                0x08000f90                HAL_TIM_Base_MspInit
 .text.HAL_UART_MspInit
                0x08000fe0       0x90 ./Core/Src/stm32f4xx_hal_msp.o
                0x08000fe0                HAL_UART_MspInit
 .text.NMI_Handler
                0x08001070        0x8 ./Core/Src/stm32f4xx_it.o
                0x08001070                NMI_Handler
 .text.HardFault_Handler
                0x08001078        0x8 ./Core/Src/stm32f4xx_it.o
                0x08001078                HardFault_Handler
 .text.MemManage_Handler
                0x08001080        0x8 ./Core/Src/stm32f4xx_it.o
                0x08001080                MemManage_Handler
 .text.BusFault_Handler
                0x08001088        0x8 ./Core/Src/stm32f4xx_it.o
                0x08001088                BusFault_Handler
 .text.UsageFault_Handler
                0x08001090        0x8 ./Core/Src/stm32f4xx_it.o
                0x08001090                UsageFault_Handler
 .text.SVC_Handler
                0x08001098        0xe ./Core/Src/stm32f4xx_it.o
                0x08001098                SVC_Handler
 .text.DebugMon_Handler
                0x080010a6        0xe ./Core/Src/stm32f4xx_it.o
                0x080010a6                DebugMon_Handler
 .text.PendSV_Handler
                0x080010b4        0xe ./Core/Src/stm32f4xx_it.o
                0x080010b4                PendSV_Handler
 .text.SysTick_Handler
                0x080010c2        0xc ./Core/Src/stm32f4xx_it.o
                0x080010c2                SysTick_Handler
 *fill*         0x080010ce        0x2 
 .text.EXTI9_5_IRQHandler
                0x080010d0       0x24 ./Core/Src/stm32f4xx_it.o
                0x080010d0                EXTI9_5_IRQHandler
 .text.TIM6_DAC_IRQHandler
                0x080010f4       0x20 ./Core/Src/stm32f4xx_it.o
                0x080010f4                TIM6_DAC_IRQHandler
 .text._sbrk    0x08001114       0x6c ./Core/Src/sysmem.o
                0x08001114                _sbrk
 .text.SystemInit
                0x08001180       0x24 ./Core/Src/system_stm32f4xx.o
                0x08001180                SystemInit
 .text.Reset_Handler
                0x080011a4       0x50 ./Core/Startup/startup_stm32f429zitx.o
                0x080011a4                Reset_Handler
 .text.Default_Handler
                0x080011f4        0x2 ./Core/Startup/startup_stm32f429zitx.o
                0x080011f4                RTC_Alarm_IRQHandler
                0x080011f4                HASH_RNG_IRQHandler
                0x080011f4                EXTI2_IRQHandler
                0x080011f4                TIM8_CC_IRQHandler
                0x080011f4                UART8_IRQHandler
                0x080011f4                SPI4_IRQHandler
                0x080011f4                TIM1_CC_IRQHandler
                0x080011f4                DMA2_Stream5_IRQHandler
                0x080011f4                DMA1_Stream5_IRQHandler
                0x080011f4                PVD_IRQHandler
                0x080011f4                SDIO_IRQHandler
                0x080011f4                TAMP_STAMP_IRQHandler
                0x080011f4                CAN2_RX1_IRQHandler
                0x080011f4                EXTI3_IRQHandler
                0x080011f4                TIM8_TRG_COM_TIM14_IRQHandler
                0x080011f4                TIM1_UP_TIM10_IRQHandler
                0x080011f4                TIM8_UP_TIM13_IRQHandler
                0x080011f4                I2C3_ER_IRQHandler
                0x080011f4                EXTI0_IRQHandler
                0x080011f4                I2C2_EV_IRQHandler
                0x080011f4                DMA1_Stream2_IRQHandler
                0x080011f4                CAN1_RX0_IRQHandler
                0x080011f4                FPU_IRQHandler
                0x080011f4                OTG_HS_WKUP_IRQHandler
                0x080011f4                LTDC_ER_IRQHandler
                0x080011f4                CAN2_SCE_IRQHandler
                0x080011f4                DMA2_Stream2_IRQHandler
                0x080011f4                SPI1_IRQHandler
                0x080011f4                TIM1_BRK_TIM9_IRQHandler
                0x080011f4                DCMI_IRQHandler
                0x080011f4                CAN2_RX0_IRQHandler
                0x080011f4                DMA2_Stream3_IRQHandler
                0x080011f4                USART6_IRQHandler
                0x080011f4                USART3_IRQHandler
                0x080011f4                CAN1_RX1_IRQHandler
                0x080011f4                UART5_IRQHandler
                0x080011f4                DMA2_Stream0_IRQHandler
                0x080011f4                TIM4_IRQHandler
                0x080011f4                I2C1_EV_IRQHandler
                0x080011f4                DMA1_Stream6_IRQHandler
                0x080011f4                DMA1_Stream1_IRQHandler
                0x080011f4                UART4_IRQHandler
                0x080011f4                TIM3_IRQHandler
                0x080011f4                RCC_IRQHandler
                0x080011f4                TIM8_BRK_TIM12_IRQHandler
                0x080011f4                Default_Handler
                0x080011f4                EXTI15_10_IRQHandler
                0x080011f4                ADC_IRQHandler
                0x080011f4                DMA1_Stream7_IRQHandler
                0x080011f4                SPI5_IRQHandler
                0x080011f4                TIM7_IRQHandler
                0x080011f4                CAN2_TX_IRQHandler
                0x080011f4                TIM5_IRQHandler
                0x080011f4                DMA2_Stream7_IRQHandler
                0x080011f4                I2C3_EV_IRQHandler
                0x080011f4                RTC_WKUP_IRQHandler
                0x080011f4                LTDC_IRQHandler
                0x080011f4                ETH_WKUP_IRQHandler
                0x080011f4                SPI2_IRQHandler
                0x080011f4                OTG_HS_EP1_IN_IRQHandler
                0x080011f4                DMA1_Stream0_IRQHandler
                0x080011f4                CAN1_TX_IRQHandler
                0x080011f4                EXTI4_IRQHandler
                0x080011f4                ETH_IRQHandler
                0x080011f4                OTG_HS_EP1_OUT_IRQHandler
                0x080011f4                WWDG_IRQHandler
                0x080011f4                SPI6_IRQHandler
                0x080011f4                TIM2_IRQHandler
                0x080011f4                OTG_FS_WKUP_IRQHandler
                0x080011f4                TIM1_TRG_COM_TIM11_IRQHandler
                0x080011f4                OTG_HS_IRQHandler
                0x080011f4                DMA2D_IRQHandler
                0x080011f4                EXTI1_IRQHandler
                0x080011f4                UART7_IRQHandler
                0x080011f4                USART2_IRQHandler
                0x080011f4                I2C2_ER_IRQHandler
                0x080011f4                DMA2_Stream1_IRQHandler
                0x080011f4                CAN1_SCE_IRQHandler
                0x080011f4                FLASH_IRQHandler
                0x080011f4                DMA2_Stream4_IRQHandler
                0x080011f4                USART1_IRQHandler
                0x080011f4                OTG_FS_IRQHandler
                0x080011f4                SPI3_IRQHandler
                0x080011f4                DMA1_Stream4_IRQHandler
                0x080011f4                I2C1_ER_IRQHandler
                0x080011f4                FMC_IRQHandler
                0x080011f4                DMA2_Stream6_IRQHandler
                0x080011f4                SAI1_IRQHandler
                0x080011f4                DMA1_Stream3_IRQHandler
 *fill*         0x080011f6        0x2 
 .text.HAL_Init
                0x080011f8       0x44 ./Drivers/STM32F4xx_HAL_Driver/Src/stm32f4xx_hal.o
                0x080011f8                HAL_Init
 .text.HAL_InitTick
                0x0800123c       0x60 ./Drivers/STM32F4xx_HAL_Driver/Src/stm32f4xx_hal.o
                0x0800123c                HAL_InitTick
 .text.HAL_IncTick
                0x0800129c       0x28 ./Drivers/STM32F4xx_HAL_Driver/Src/stm32f4xx_hal.o
                0x0800129c                HAL_IncTick
 .text.HAL_GetTick
                0x080012c4       0x18 ./Drivers/STM32F4xx_HAL_Driver/Src/stm32f4xx_hal.o
                0x080012c4                HAL_GetTick
 .text.HAL_Delay
                0x080012dc       0x48 ./Drivers/STM32F4xx_HAL_Driver/Src/stm32f4xx_hal.o
                0x080012dc                HAL_Delay
 .text.__NVIC_SetPriorityGrouping
                0x08001324       0x48 ./Drivers/STM32F4xx_HAL_Driver/Src/stm32f4xx_hal_cortex.o
 .text.__NVIC_GetPriorityGrouping
                0x0800136c       0x1c ./Drivers/STM32F4xx_HAL_Driver/Src/stm32f4xx_hal_cortex.o
 .text.__NVIC_EnableIRQ
                0x08001388       0x3c ./Drivers/STM32F4xx_HAL_Driver/Src/stm32f4xx_hal_cortex.o
 .text.__NVIC_SetPriority
                0x080013c4       0x54 ./Drivers/STM32F4xx_HAL_Driver/Src/stm32f4xx_hal_cortex.o
 .text.NVIC_EncodePriority
                0x08001418       0x66 ./Drivers/STM32F4xx_HAL_Driver/Src/stm32f4xx_hal_cortex.o
 *fill*         0x0800147e        0x2 
 .text.SysTick_Config
                0x08001480       0x44 ./Drivers/STM32F4xx_HAL_Driver/Src/stm32f4xx_hal_cortex.o
 .text.HAL_NVIC_SetPriorityGrouping
                0x080014c4       0x16 ./Drivers/STM32F4xx_HAL_Driver/Src/stm32f4xx_hal_cortex.o
                0x080014c4                HAL_NVIC_SetPriorityGrouping
 .text.HAL_NVIC_SetPriority
                0x080014da       0x38 ./Drivers/STM32F4xx_HAL_Driver/Src/stm32f4xx_hal_cortex.o
                0x080014da                HAL_NVIC_SetPriority
 .text.HAL_NVIC_EnableIRQ
                0x08001512       0x1c ./Drivers/STM32F4xx_HAL_Driver/Src/stm32f4xx_hal_cortex.o
                0x08001512                HAL_NVIC_EnableIRQ
 .text.HAL_SYSTICK_Config
                0x0800152e       0x18 ./Drivers/STM32F4xx_HAL_Driver/Src/stm32f4xx_hal_cortex.o
                0x0800152e                HAL_SYSTICK_Config
 *fill*         0x08001546        0x2 
 .text.HAL_GPIO_Init
                0x08001548      0x358 ./Drivers/STM32F4xx_HAL_Driver/Src/stm32f4xx_hal_gpio.o
                0x08001548                HAL_GPIO_Init
 .text.HAL_GPIO_WritePin
                0x080018a0       0x32 ./Drivers/STM32F4xx_HAL_Driver/Src/stm32f4xx_hal_gpio.o
                0x080018a0                HAL_GPIO_WritePin
 .text.HAL_GPIO_TogglePin
                0x080018d2       0x34 ./Drivers/STM32F4xx_HAL_Driver/Src/stm32f4xx_hal_gpio.o
                0x080018d2                HAL_GPIO_TogglePin
 *fill*         0x08001906        0x2 
 .text.HAL_GPIO_EXTI_IRQHandler
                0x08001908       0x30 ./Drivers/STM32F4xx_HAL_Driver/Src/stm32f4xx_hal_gpio.o
                0x08001908                HAL_GPIO_EXTI_IRQHandler
 .text.HAL_GPIO_EXTI_Callback
                0x08001938       0x16 ./Drivers/STM32F4xx_HAL_Driver/Src/stm32f4xx_hal_gpio.o
                0x08001938                HAL_GPIO_EXTI_Callback
 *fill*         0x0800194e        0x2 
 .text.HAL_PWREx_EnableOverDrive
                0x08001950       0xa0 ./Drivers/STM32F4xx_HAL_Driver/Src/stm32f4xx_hal_pwr_ex.o
                0x08001950                HAL_PWREx_EnableOverDrive
 .text.HAL_RCC_OscConfig
                0x080019f0      0x4f0 ./Drivers/STM32F4xx_HAL_Driver/Src/stm32f4xx_hal_rcc.o
                0x080019f0                HAL_RCC_OscConfig
 .text.HAL_RCC_ClockConfig
                0x08001ee0      0x1cc ./Drivers/STM32F4xx_HAL_Driver/Src/stm32f4xx_hal_rcc.o
                0x08001ee0                HAL_RCC_ClockConfig
 .text.HAL_RCC_GetSysClockFreq
                0x080020ac      0x20c ./Drivers/STM32F4xx_HAL_Driver/Src/stm32f4xx_hal_rcc.o
                0x080020ac                HAL_RCC_GetSysClockFreq
 .text.HAL_RCC_GetHCLKFreq
                0x080022b8       0x18 ./Drivers/STM32F4xx_HAL_Driver/Src/stm32f4xx_hal_rcc.o
                0x080022b8                HAL_RCC_GetHCLKFreq
 .text.HAL_RCC_GetPCLK1Freq
                0x080022d0       0x28 ./Drivers/STM32F4xx_HAL_Driver/Src/stm32f4xx_hal_rcc.o
                0x080022d0                HAL_RCC_GetPCLK1Freq
 .text.HAL_RCC_GetPCLK2Freq
                0x080022f8       0x28 ./Drivers/STM32F4xx_HAL_Driver/Src/stm32f4xx_hal_rcc.o
                0x080022f8                HAL_RCC_GetPCLK2Freq
 .text.HAL_TIM_Base_Init
                0x08002320       0x9e ./Drivers/STM32F4xx_HAL_Driver/Src/stm32f4xx_hal_tim.o
                0x08002320                HAL_TIM_Base_Init
 *fill*         0x080023be        0x2 
 .text.HAL_TIM_Base_Start_IT
                0x080023c0       0xe0 ./Drivers/STM32F4xx_HAL_Driver/Src/stm32f4xx_hal_tim.o
                0x080023c0                HAL_TIM_Base_Start_IT
 .text.HAL_TIM_IRQHandler
                0x080024a0      0x1e0 ./Drivers/STM32F4xx_HAL_Driver/Src/stm32f4xx_hal_tim.o
                0x080024a0                HAL_TIM_IRQHandler
 .text.HAL_TIM_PeriodElapsedCallback
                0x08002680       0x14 ./Drivers/STM32F4xx_HAL_Driver/Src/stm32f4xx_hal_tim.o
                0x08002680                HAL_TIM_PeriodElapsedCallback
 .text.HAL_TIM_OC_DelayElapsedCallback
                0x08002694       0x14 ./Drivers/STM32F4xx_HAL_Driver/Src/stm32f4xx_hal_tim.o
                0x08002694                HAL_TIM_OC_DelayElapsedCallback
 .text.HAL_TIM_IC_CaptureCallback
                0x080026a8       0x14 ./Drivers/STM32F4xx_HAL_Driver/Src/stm32f4xx_hal_tim.o
                0x080026a8                HAL_TIM_IC_CaptureCallback
 .text.HAL_TIM_PWM_PulseFinishedCallback
                0x080026bc       0x14 ./Drivers/STM32F4xx_HAL_Driver/Src/stm32f4xx_hal_tim.o
                0x080026bc                HAL_TIM_PWM_PulseFinishedCallback
 .text.HAL_TIM_TriggerCallback
                0x080026d0       0x14 ./Drivers/STM32F4xx_HAL_Driver/Src/stm32f4xx_hal_tim.o
                0x080026d0                HAL_TIM_TriggerCallback
 .text.TIM_Base_SetConfig
                0x080026e4      0x158 ./Drivers/STM32F4xx_HAL_Driver/Src/stm32f4xx_hal_tim.o
                0x080026e4                TIM_Base_SetConfig
 .text.HAL_TIMEx_MasterConfigSynchronization
                0x0800283c       0xf8 ./Drivers/STM32F4xx_HAL_Driver/Src/stm32f4xx_hal_tim_ex.o
                0x0800283c                HAL_TIMEx_MasterConfigSynchronization
 .text.HAL_TIMEx_CommutCallback
                0x08002934       0x14 ./Drivers/STM32F4xx_HAL_Driver/Src/stm32f4xx_hal_tim_ex.o
                0x08002934                HAL_TIMEx_CommutCallback
 .text.HAL_TIMEx_BreakCallback
                0x08002948       0x14 ./Drivers/STM32F4xx_HAL_Driver/Src/stm32f4xx_hal_tim_ex.o
                0x08002948                HAL_TIMEx_BreakCallback
 .text.HAL_UART_Init
                0x0800295c       0xa0 ./Drivers/STM32F4xx_HAL_Driver/Src/stm32f4xx_hal_uart.o
                0x0800295c                HAL_UART_Init
 .text.HAL_UART_Transmit
                0x080029fc      0x116 ./Drivers/STM32F4xx_HAL_Driver/Src/stm32f4xx_hal_uart.o
                0x080029fc                HAL_UART_Transmit
 .text.UART_WaitOnFlagUntilTimeout
                0x08002b12       0xb2 ./Drivers/STM32F4xx_HAL_Driver/Src/stm32f4xx_hal_uart.o
 .text.UART_EndRxTransfer
                0x08002bc4       0xc6 ./Drivers/STM32F4xx_HAL_Driver/Src/stm32f4xx_hal_uart.o
 *fill*         0x08002c8a        0x2 
 .text.UART_SetConfig
                0x08002c8c      0x4e8 ./Drivers/STM32F4xx_HAL_Driver/Src/stm32f4xx_hal_uart.o
 .text.sprintf  0x08003174       0x44 D:/CODIng/Embedded C/MCU1/SETUP/STM32CubeIDE_1.16.0/STM32CubeIDE/plugins/com.st.stm32cube.ide.mcu.externaltools.gnu-tools-for-stm32.13.3.rel1.win32_1.0.0.202411081344/tools/bin/../lib/gcc/arm-none-eabi/13.3.1/../../../../arm-none-eabi/lib/thumb/v7e-m+fp/hard\libc_nano.a(libc_a-sprintf.o)
                0x08003174                siprintf
                0x08003174                sprintf
 .text.memset   0x080031b8       0x10 D:/CODIng/Embedded C/MCU1/SETUP/STM32CubeIDE_1.16.0/STM32CubeIDE/plugins/com.st.stm32cube.ide.mcu.externaltools.gnu-tools-for-stm32.13.3.rel1.win32_1.0.0.202411081344/tools/bin/../lib/gcc/arm-none-eabi/13.3.1/../../../../arm-none-eabi/lib/thumb/v7e-m+fp/hard\libc_nano.a(libc_a-memset.o)
                0x080031b8                memset
 .text.__errno  0x080031c8        0xc D:/CODIng/Embedded C/MCU1/SETUP/STM32CubeIDE_1.16.0/STM32CubeIDE/plugins/com.st.stm32cube.ide.mcu.externaltools.gnu-tools-for-stm32.13.3.rel1.win32_1.0.0.202411081344/tools/bin/../lib/gcc/arm-none-eabi/13.3.1/../../../../arm-none-eabi/lib/thumb/v7e-m+fp/hard\libc_nano.a(libc_a-errno.o)
                0x080031c8                __errno
 .text.__libc_init_array
                0x080031d4       0x48 D:/CODIng/Embedded C/MCU1/SETUP/STM32CubeIDE_1.16.0/STM32CubeIDE/plugins/com.st.stm32cube.ide.mcu.externaltools.gnu-tools-for-stm32.13.3.rel1.win32_1.0.0.202411081344/tools/bin/../lib/gcc/arm-none-eabi/13.3.1/../../../../arm-none-eabi/lib/thumb/v7e-m+fp/hard\libc_nano.a(libc_a-init.o)
                0x080031d4                __libc_init_array
 .text.__retarget_lock_acquire_recursive
                0x0800321c        0x2 D:/CODIng/Embedded C/MCU1/SETUP/STM32CubeIDE_1.16.0/STM32CubeIDE/plugins/com.st.stm32cube.ide.mcu.externaltools.gnu-tools-for-stm32.13.3.rel1.win32_1.0.0.202411081344/tools/bin/../lib/gcc/arm-none-eabi/13.3.1/../../../../arm-none-eabi/lib/thumb/v7e-m+fp/hard\libc_nano.a(libc_a-lock.o)
                0x0800321c                __retarget_lock_acquire_recursive
 .text.__retarget_lock_release_recursive
                0x0800321e        0x2 D:/CODIng/Embedded C/MCU1/SETUP/STM32CubeIDE_1.16.0/STM32CubeIDE/plugins/com.st.stm32cube.ide.mcu.externaltools.gnu-tools-for-stm32.13.3.rel1.win32_1.0.0.202411081344/tools/bin/../lib/gcc/arm-none-eabi/13.3.1/../../../../arm-none-eabi/lib/thumb/v7e-m+fp/hard\libc_nano.a(libc_a-lock.o)
                0x0800321e                __retarget_lock_release_recursive
 .text._free_r  0x08003220       0x94 D:/CODIng/Embedded C/MCU1/SETUP/STM32CubeIDE_1.16.0/STM32CubeIDE/plugins/com.st.stm32cube.ide.mcu.externaltools.gnu-tools-for-stm32.13.3.rel1.win32_1.0.0.202411081344/tools/bin/../lib/gcc/arm-none-eabi/13.3.1/../../../../arm-none-eabi/lib/thumb/v7e-m+fp/hard\libc_nano.a(libc_a-freer.o)
                0x08003220                _free_r
 .text.sbrk_aligned
                0x080032b4       0x44 D:/CODIng/Embedded C/MCU1/SETUP/STM32CubeIDE_1.16.0/STM32CubeIDE/plugins/com.st.stm32cube.ide.mcu.externaltools.gnu-tools-for-stm32.13.3.rel1.win32_1.0.0.202411081344/tools/bin/../lib/gcc/arm-none-eabi/13.3.1/../../../../arm-none-eabi/lib/thumb/v7e-m+fp/hard\libc_nano.a(libc_a-mallocr.o)
 .text._malloc_r
                0x080032f8      0x100 D:/CODIng/Embedded C/MCU1/SETUP/STM32CubeIDE_1.16.0/STM32CubeIDE/plugins/com.st.stm32cube.ide.mcu.externaltools.gnu-tools-for-stm32.13.3.rel1.win32_1.0.0.202411081344/tools/bin/../lib/gcc/arm-none-eabi/13.3.1/../../../../arm-none-eabi/lib/thumb/v7e-m+fp/hard\libc_nano.a(libc_a-mallocr.o)
                0x080032f8                _malloc_r
 .text.__malloc_lock
                0x080033f8        0xc D:/CODIng/Embedded C/MCU1/SETUP/STM32CubeIDE_1.16.0/STM32CubeIDE/plugins/com.st.stm32cube.ide.mcu.externaltools.gnu-tools-for-stm32.13.3.rel1.win32_1.0.0.202411081344/tools/bin/../lib/gcc/arm-none-eabi/13.3.1/../../../../arm-none-eabi/lib/thumb/v7e-m+fp/hard\libc_nano.a(libc_a-mlock.o)
                0x080033f8                __malloc_lock
 .text.__malloc_unlock
                0x08003404        0xc D:/CODIng/Embedded C/MCU1/SETUP/STM32CubeIDE_1.16.0/STM32CubeIDE/plugins/com.st.stm32cube.ide.mcu.externaltools.gnu-tools-for-stm32.13.3.rel1.win32_1.0.0.202411081344/tools/bin/../lib/gcc/arm-none-eabi/13.3.1/../../../../arm-none-eabi/lib/thumb/v7e-m+fp/hard\libc_nano.a(libc_a-mlock.o)
                0x08003404                __malloc_unlock
 .text.__ssputs_r
                0x08003410       0xb6 D:/CODIng/Embedded C/MCU1/SETUP/STM32CubeIDE_1.16.0/STM32CubeIDE/plugins/com.st.stm32cube.ide.mcu.externaltools.gnu-tools-for-stm32.13.3.rel1.win32_1.0.0.202411081344/tools/bin/../lib/gcc/arm-none-eabi/13.3.1/../../../../arm-none-eabi/lib/thumb/v7e-m+fp/hard\libc_nano.a(libc_a-nano-svfprintf.o)
                0x08003410                __ssputs_r
 *fill*         0x080034c6        0x2 
 .text._svfprintf_r
                0x080034c8      0x1f8 D:/CODIng/Embedded C/MCU1/SETUP/STM32CubeIDE_1.16.0/STM32CubeIDE/plugins/com.st.stm32cube.ide.mcu.externaltools.gnu-tools-for-stm32.13.3.rel1.win32_1.0.0.202411081344/tools/bin/../lib/gcc/arm-none-eabi/13.3.1/../../../../arm-none-eabi/lib/thumb/v7e-m+fp/hard\libc_nano.a(libc_a-nano-svfprintf.o)
                0x080034c8                _svfiprintf_r
                0x080034c8                _svfprintf_r
 .text._printf_common
                0x080036c0       0xda D:/CODIng/Embedded C/MCU1/SETUP/STM32CubeIDE_1.16.0/STM32CubeIDE/plugins/com.st.stm32cube.ide.mcu.externaltools.gnu-tools-for-stm32.13.3.rel1.win32_1.0.0.202411081344/tools/bin/../lib/gcc/arm-none-eabi/13.3.1/../../../../arm-none-eabi/lib/thumb/v7e-m+fp/hard\libc_nano.a(libc_a-nano-vfprintf_i.o)
                0x080036c0                _printf_common
 *fill*         0x0800379a        0x2 
 .text._printf_i
                0x0800379c      0x23c D:/CODIng/Embedded C/MCU1/SETUP/STM32CubeIDE_1.16.0/STM32CubeIDE/plugins/com.st.stm32cube.ide.mcu.externaltools.gnu-tools-for-stm32.13.3.rel1.win32_1.0.0.202411081344/tools/bin/../lib/gcc/arm-none-eabi/13.3.1/../../../../arm-none-eabi/lib/thumb/v7e-m+fp/hard\libc_nano.a(libc_a-nano-vfprintf_i.o)
                0x0800379c                _printf_i
 .text.memmove  0x080039d8       0x34 D:/CODIng/Embedded C/MCU1/SETUP/STM32CubeIDE_1.16.0/STM32CubeIDE/plugins/com.st.stm32cube.ide.mcu.externaltools.gnu-tools-for-stm32.13.3.rel1.win32_1.0.0.202411081344/tools/bin/../lib/gcc/arm-none-eabi/13.3.1/../../../../arm-none-eabi/lib/thumb/v7e-m+fp/hard\libc_nano.a(libc_a-memmove.o)
                0x080039d8                memmove
 .text._sbrk_r  0x08003a0c       0x20 D:/CODIng/Embedded C/MCU1/SETUP/STM32CubeIDE_1.16.0/STM32CubeIDE/plugins/com.st.stm32cube.ide.mcu.externaltools.gnu-tools-for-stm32.13.3.rel1.win32_1.0.0.202411081344/tools/bin/../lib/gcc/arm-none-eabi/13.3.1/../../../../arm-none-eabi/lib/thumb/v7e-m+fp/hard\libc_nano.a(libc_a-sbrkr.o)
                0x08003a0c                _sbrk_r
 .text.memcpy   0x08003a2c       0x1c D:/CODIng/Embedded C/MCU1/SETUP/STM32CubeIDE_1.16.0/STM32CubeIDE/plugins/com.st.stm32cube.ide.mcu.externaltools.gnu-tools-for-stm32.13.3.rel1.win32_1.0.0.202411081344/tools/bin/../lib/gcc/arm-none-eabi/13.3.1/../../../../arm-none-eabi/lib/thumb/v7e-m+fp/hard\libc_nano.a(libc_a-memcpy-stub.o)
                0x08003a2c                memcpy
 .text._realloc_r
                0x08003a48       0x5c D:/CODIng/Embedded C/MCU1/SETUP/STM32CubeIDE_1.16.0/STM32CubeIDE/plugins/com.st.stm32cube.ide.mcu.externaltools.gnu-tools-for-stm32.13.3.rel1.win32_1.0.0.202411081344/tools/bin/../lib/gcc/arm-none-eabi/13.3.1/../../../../arm-none-eabi/lib/thumb/v7e-m+fp/hard\libc_nano.a(libc_a-reallocr.o)
                0x08003a48                _realloc_r
 .text._malloc_usable_size_r
                0x08003aa4       0x10 D:/CODIng/Embedded C/MCU1/SETUP/STM32CubeIDE_1.16.0/STM32CubeIDE/plugins/com.st.stm32cube.ide.mcu.externaltools.gnu-tools-for-stm32.13.3.rel1.win32_1.0.0.202411081344/tools/bin/../lib/gcc/arm-none-eabi/13.3.1/../../../../arm-none-eabi/lib/thumb/v7e-m+fp/hard\libc_nano.a(libc_a-msizer.o)
                0x08003aa4                _malloc_usable_size_r
 *(.glue_7)
 .glue_7        0x08003ab4        0x0 linker stubs
 *(.glue_7t)
 .glue_7t       0x08003ab4        0x0 linker stubs
 *(.eh_frame)
 .eh_frame      0x08003ab4        0x0 D:/CODIng/Embedded C/MCU1/SETUP/STM32CubeIDE_1.16.0/STM32CubeIDE/plugins/com.st.stm32cube.ide.mcu.externaltools.gnu-tools-for-stm32.13.3.rel1.win32_1.0.0.202411081344/tools/bin/../lib/gcc/arm-none-eabi/13.3.1/thumb/v7e-m+fp/hard/crtbegin.o
 *(.init)
 .init          0x08003ab4        0x4 D:/CODIng/Embedded C/MCU1/SETUP/STM32CubeIDE_1.16.0/STM32CubeIDE/plugins/com.st.stm32cube.ide.mcu.externaltools.gnu-tools-for-stm32.13.3.rel1.win32_1.0.0.202411081344/tools/bin/../lib/gcc/arm-none-eabi/13.3.1/thumb/v7e-m+fp/hard/crti.o
                0x08003ab4                _init
 .init          0x08003ab8        0x8 D:/CODIng/Embedded C/MCU1/SETUP/STM32CubeIDE_1.16.0/STM32CubeIDE/plugins/com.st.stm32cube.ide.mcu.externaltools.gnu-tools-for-stm32.13.3.rel1.win32_1.0.0.202411081344/tools/bin/../lib/gcc/arm-none-eabi/13.3.1/thumb/v7e-m+fp/hard/crtn.o
 *(.fini)
 .fini          0x08003ac0        0x4 D:/CODIng/Embedded C/MCU1/SETUP/STM32CubeIDE_1.16.0/STM32CubeIDE/plugins/com.st.stm32cube.ide.mcu.externaltools.gnu-tools-for-stm32.13.3.rel1.win32_1.0.0.202411081344/tools/bin/../lib/gcc/arm-none-eabi/13.3.1/thumb/v7e-m+fp/hard/crti.o
                0x08003ac0                _fini
 .fini          0x08003ac4        0x8 D:/CODIng/Embedded C/MCU1/SETUP/STM32CubeIDE_1.16.0/STM32CubeIDE/plugins/com.st.stm32cube.ide.mcu.externaltools.gnu-tools-for-stm32.13.3.rel1.win32_1.0.0.202411081344/tools/bin/../lib/gcc/arm-none-eabi/13.3.1/thumb/v7e-m+fp/hard/crtn.o
                0x08003acc                        . = ALIGN (0x4)
                0x08003acc                        _etext = .

.vfp11_veneer   0x08003acc        0x0
 .vfp11_veneer  0x08003acc        0x0 linker stubs

.v4_bx          0x08003acc        0x0
 .v4_bx         0x08003acc        0x0 linker stubs

.iplt           0x08003acc        0x0
 .iplt          0x08003acc        0x0 D:/CODIng/Embedded C/MCU1/SETUP/STM32CubeIDE_1.16.0/STM32CubeIDE/plugins/com.st.stm32cube.ide.mcu.externaltools.gnu-tools-for-stm32.13.3.rel1.win32_1.0.0.202411081344/tools/bin/../lib/gcc/arm-none-eabi/13.3.1/thumb/v7e-m+fp/hard/crtbegin.o

.rodata         0x08003acc       0x68
                0x08003acc                        . = ALIGN (0x4)
 *(.rodata)
 .rodata        0x08003acc       0x1a ./Core/Src/main.o
 *(.rodata*)
 *fill*         0x08003ae6        0x2 
 .rodata.AHBPrescTable
                0x08003ae8       0x10 ./Core/Src/system_stm32f4xx.o
                0x08003ae8                AHBPrescTable
 .rodata.APBPrescTable
                0x08003af8        0x8 ./Core/Src/system_stm32f4xx.o
                0x08003af8                APBPrescTable
 .rodata._svfprintf_r.str1.1
                0x08003b00       0x33 D:/CODIng/Embedded C/MCU1/SETUP/STM32CubeIDE_1.16.0/STM32CubeIDE/plugins/com.st.stm32cube.ide.mcu.externaltools.gnu-tools-for-stm32.13.3.rel1.win32_1.0.0.202411081344/tools/bin/../lib/gcc/arm-none-eabi/13.3.1/../../../../arm-none-eabi/lib/thumb/v7e-m+fp/hard\libc_nano.a(libc_a-nano-svfprintf.o)
                                 0x11 (size before relaxing)
 .rodata._printf_i.str1.1
                0x08003b33       0x22 D:/CODIng/Embedded C/MCU1/SETUP/STM32CubeIDE_1.16.0/STM32CubeIDE/plugins/com.st.stm32cube.ide.mcu.externaltools.gnu-tools-for-stm32.13.3.rel1.win32_1.0.0.202411081344/tools/bin/../lib/gcc/arm-none-eabi/13.3.1/../../../../arm-none-eabi/lib/thumb/v7e-m+fp/hard\libc_nano.a(libc_a-nano-vfprintf_i.o)
                0x08003b58                        . = ALIGN (0x4)
 *fill*         0x08003b33        0x1 

.ARM.extab      0x08003b34        0x0
                0x08003b34                        . = ALIGN (0x4)
 *(.ARM.extab* .gnu.linkonce.armextab.*)
                0x08003b34                        . = ALIGN (0x4)

.ARM            0x08003b34        0x8
                0x08003b34                        . = ALIGN (0x4)
                0x08003b34                        __exidx_start = .
 *(.ARM.exidx*)
 .ARM.exidx     0x08003b34        0x8 D:/CODIng/Embedded C/MCU1/SETUP/STM32CubeIDE_1.16.0/STM32CubeIDE/plugins/com.st.stm32cube.ide.mcu.externaltools.gnu-tools-for-stm32.13.3.rel1.win32_1.0.0.202411081344/tools/bin/../lib/gcc/arm-none-eabi/13.3.1/../../../../arm-none-eabi/lib/thumb/v7e-m+fp/hard\libc_nano.a(libc_a-strlen.o)
 .ARM.exidx     0x08003b3c        0x0 D:/CODIng/Embedded C/MCU1/SETUP/STM32CubeIDE_1.16.0/STM32CubeIDE/plugins/com.st.stm32cube.ide.mcu.externaltools.gnu-tools-for-stm32.13.3.rel1.win32_1.0.0.202411081344/tools/bin/../lib/gcc/arm-none-eabi/13.3.1/../../../../arm-none-eabi/lib/thumb/v7e-m+fp/hard\libc_nano.a(libc_a-memchr.o)
                                  0x8 (size before relaxing)
 .ARM.exidx     0x08003b3c        0x0 D:/CODIng/Embedded C/MCU1/SETUP/STM32CubeIDE_1.16.0/STM32CubeIDE/plugins/com.st.stm32cube.ide.mcu.externaltools.gnu-tools-for-stm32.13.3.rel1.win32_1.0.0.202411081344/tools/bin/../lib/gcc/arm-none-eabi/13.3.1/thumb/v7e-m+fp/hard\libgcc.a(_udivmoddi4.o)
                                  0x8 (size before relaxing)
                0x08003b3c                        __exidx_end = .
                0x08003b3c                        . = ALIGN (0x4)

.preinit_array  0x08003b3c        0x0
                0x08003b3c                        . = ALIGN (0x4)
                0x08003b3c                        PROVIDE (__preinit_array_start = .)
 *(.preinit_array*)
                0x08003b3c                        PROVIDE (__preinit_array_end = .)
                0x08003b3c                        . = ALIGN (0x4)

.init_array     0x08003b3c        0x4
                0x08003b3c                        . = ALIGN (0x4)
                0x08003b3c                        PROVIDE (__init_array_start = .)
 *(SORT_BY_NAME(.init_array.*))
 *(.init_array*)
 .init_array    0x08003b3c        0x4 D:/CODIng/Embedded C/MCU1/SETUP/STM32CubeIDE_1.16.0/STM32CubeIDE/plugins/com.st.stm32cube.ide.mcu.externaltools.gnu-tools-for-stm32.13.3.rel1.win32_1.0.0.202411081344/tools/bin/../lib/gcc/arm-none-eabi/13.3.1/thumb/v7e-m+fp/hard/crtbegin.o
                0x08003b40                        PROVIDE (__init_array_end = .)
                0x08003b40                        . = ALIGN (0x4)

.fini_array     0x08003b40        0x4
                0x08003b40                        . = ALIGN (0x4)
                [!provide]                        PROVIDE (__fini_array_start = .)
 *(SORT_BY_NAME(.fini_array.*))
 *(.fini_array*)
 .fini_array    0x08003b40        0x4 D:/CODIng/Embedded C/MCU1/SETUP/STM32CubeIDE_1.16.0/STM32CubeIDE/plugins/com.st.stm32cube.ide.mcu.externaltools.gnu-tools-for-stm32.13.3.rel1.win32_1.0.0.202411081344/tools/bin/../lib/gcc/arm-none-eabi/13.3.1/thumb/v7e-m+fp/hard/crtbegin.o
                [!provide]                        PROVIDE (__fini_array_end = .)
                0x08003b44                        . = ALIGN (0x4)
                0x08003b44                        _sidata = LOADADDR (.data)

.rel.dyn        0x08003b44        0x0
 .rel.iplt      0x08003b44        0x0 D:/CODIng/Embedded C/MCU1/SETUP/STM32CubeIDE_1.16.0/STM32CubeIDE/plugins/com.st.stm32cube.ide.mcu.externaltools.gnu-tools-for-stm32.13.3.rel1.win32_1.0.0.202411081344/tools/bin/../lib/gcc/arm-none-eabi/13.3.1/thumb/v7e-m+fp/hard/crtbegin.o

.data           0x20000000       0x70 load address 0x08003b44
                0x20000000                        . = ALIGN (0x4)
                0x20000000                        _sdata = .
 *(.data)
 *(.data*)
 .data.Mask     0x20000000       0x10 ./Core/Src/7seg.o
                0x20000000                Mask
 .data.LED_Value
                0x20000010        0x1 ./Core/Src/main.o
                0x20000010                LED_Value
 *fill*         0x20000011        0x3 
 .data.SystemCoreClock
                0x20000014        0x4 ./Core/Src/system_stm32f4xx.o
                0x20000014                SystemCoreClock
 .data.uwTickPrio
                0x20000018        0x4 ./Drivers/STM32F4xx_HAL_Driver/Src/stm32f4xx_hal.o
                0x20000018                uwTickPrio
 .data.uwTickFreq
                0x2000001c        0x1 ./Drivers/STM32F4xx_HAL_Driver/Src/stm32f4xx_hal.o
                0x2000001c                uwTickFreq
 *fill*         0x2000001d        0x3 
 .data._impure_ptr
                0x20000020        0x4 D:/CODIng/Embedded C/MCU1/SETUP/STM32CubeIDE_1.16.0/STM32CubeIDE/plugins/com.st.stm32cube.ide.mcu.externaltools.gnu-tools-for-stm32.13.3.rel1.win32_1.0.0.202411081344/tools/bin/../lib/gcc/arm-none-eabi/13.3.1/../../../../arm-none-eabi/lib/thumb/v7e-m+fp/hard\libc_nano.a(libc_a-impure.o)
                0x20000020                _impure_ptr
 .data._impure_data
                0x20000024       0x4c D:/CODIng/Embedded C/MCU1/SETUP/STM32CubeIDE_1.16.0/STM32CubeIDE/plugins/com.st.stm32cube.ide.mcu.externaltools.gnu-tools-for-stm32.13.3.rel1.win32_1.0.0.202411081344/tools/bin/../lib/gcc/arm-none-eabi/13.3.1/../../../../arm-none-eabi/lib/thumb/v7e-m+fp/hard\libc_nano.a(libc_a-impure.o)
                0x20000024                _impure_data
 *(.RamFunc)
 *(.RamFunc*)
                0x20000070                        . = ALIGN (0x4)
                0x20000070                        _edata = .
                0x08003bb4                        _siccmram = LOADADDR (.ccmram)

.igot.plt       0x20000070        0x0 load address 0x08003bb4
 .igot.plt      0x20000070        0x0 D:/CODIng/Embedded C/MCU1/SETUP/STM32CubeIDE_1.16.0/STM32CubeIDE/plugins/com.st.stm32cube.ide.mcu.externaltools.gnu-tools-for-stm32.13.3.rel1.win32_1.0.0.202411081344/tools/bin/../lib/gcc/arm-none-eabi/13.3.1/thumb/v7e-m+fp/hard/crtbegin.o

.ccmram         0x10000000        0x0 load address 0x08003bb4
                0x10000000                        . = ALIGN (0x4)
                0x10000000                        _sccmram = .
 *(.ccmram)
 *(.ccmram*)
                0x10000000                        . = ALIGN (0x4)
                0x10000000                        _eccmram = .
                0x10000000                        . = ALIGN (0x4)

.bss            0x20000070      0x2ac
                0x20000070                        _sbss = .
                0x20000070                        __bss_start__ = _sbss
 *(.bss)
 .bss           0x20000070       0x1c D:/CODIng/Embedded C/MCU1/SETUP/STM32CubeIDE_1.16.0/STM32CubeIDE/plugins/com.st.stm32cube.ide.mcu.externaltools.gnu-tools-for-stm32.13.3.rel1.win32_1.0.0.202411081344/tools/bin/../lib/gcc/arm-none-eabi/13.3.1/thumb/v7e-m+fp/hard/crtbegin.o
 *(.bss*)
 .bss.DisplayHigh
                0x2000008c        0x4 ./Core/Src/7seg.o
                0x2000008c                DisplayHigh
 .bss.DisplayLow
                0x20000090        0x4 ./Core/Src/7seg.o
                0x20000090                DisplayLow
 .bss.pos       0x20000094        0x4 ./Core/Src/7seg.o
                0x20000094                pos
 .bss.bit_time  0x20000098       0x84 ./Core/Src/irda.o
                0x20000098                bit_time
 .bss.bit_count
                0x2000011c        0x4 ./Core/Src/irda.o
                0x2000011c                bit_count
 .bss.command_ok
                0x20000120        0x4 ./Core/Src/irda.o
                0x20000120                command_ok
 .bss.irda_cmd  0x20000124        0x4 ./Core/Src/irda.o
                0x20000124                irda_cmd
 .bss.htim6     0x20000128       0x48 ./Core/Src/main.o
                0x20000128                htim6
 .bss.huart1    0x20000170       0x48 ./Core/Src/main.o
                0x20000170                huart1
 .bss.tim6_count
                0x200001b8        0x4 ./Core/Src/main.o
                0x200001b8                tim6_count
 .bss.flash_step.3
                0x200001bc        0x4 ./Core/Src/main.o
 .bss.bumper_step.2
                0x200001c0        0x4 ./Core/Src/main.o
 .bss.current_mode.1
                0x200001c4        0x4 ./Core/Src/main.o
 .bss.send      0x200001c8        0x1 ./Core/Src/stm32f4xx_it.o
                0x200001c8                send
 *fill*         0x200001c9        0x3 
 .bss.__sbrk_heap_end
                0x200001cc        0x4 ./Core/Src/sysmem.o
 .bss.uwTick    0x200001d0        0x4 ./Drivers/STM32F4xx_HAL_Driver/Src/stm32f4xx_hal.o
                0x200001d0                uwTick
 .bss.__sf      0x200001d4      0x138 D:/CODIng/Embedded C/MCU1/SETUP/STM32CubeIDE_1.16.0/STM32CubeIDE/plugins/com.st.stm32cube.ide.mcu.externaltools.gnu-tools-for-stm32.13.3.rel1.win32_1.0.0.202411081344/tools/bin/../lib/gcc/arm-none-eabi/13.3.1/../../../../arm-none-eabi/lib/thumb/v7e-m+fp/hard\libc_nano.a(libc_a-findfp.o)
                0x200001d4                __sf
 .bss.errno     0x2000030c        0x4 D:/CODIng/Embedded C/MCU1/SETUP/STM32CubeIDE_1.16.0/STM32CubeIDE/plugins/com.st.stm32cube.ide.mcu.externaltools.gnu-tools-for-stm32.13.3.rel1.win32_1.0.0.202411081344/tools/bin/../lib/gcc/arm-none-eabi/13.3.1/../../../../arm-none-eabi/lib/thumb/v7e-m+fp/hard\libc_nano.a(libc_a-reent.o)
                0x2000030c                errno
 .bss.__lock___malloc_recursive_mutex
                0x20000310        0x1 D:/CODIng/Embedded C/MCU1/SETUP/STM32CubeIDE_1.16.0/STM32CubeIDE/plugins/com.st.stm32cube.ide.mcu.externaltools.gnu-tools-for-stm32.13.3.rel1.win32_1.0.0.202411081344/tools/bin/../lib/gcc/arm-none-eabi/13.3.1/../../../../arm-none-eabi/lib/thumb/v7e-m+fp/hard\libc_nano.a(libc_a-lock.o)
                0x20000310                __lock___malloc_recursive_mutex
 *fill*         0x20000311        0x3 
 .bss.__malloc_sbrk_start
                0x20000314        0x4 D:/CODIng/Embedded C/MCU1/SETUP/STM32CubeIDE_1.16.0/STM32CubeIDE/plugins/com.st.stm32cube.ide.mcu.externaltools.gnu-tools-for-stm32.13.3.rel1.win32_1.0.0.202411081344/tools/bin/../lib/gcc/arm-none-eabi/13.3.1/../../../../arm-none-eabi/lib/thumb/v7e-m+fp/hard\libc_nano.a(libc_a-mallocr.o)
                0x20000314                __malloc_sbrk_start
 .bss.__malloc_free_list
                0x20000318        0x4 D:/CODIng/Embedded C/MCU1/SETUP/STM32CubeIDE_1.16.0/STM32CubeIDE/plugins/com.st.stm32cube.ide.mcu.externaltools.gnu-tools-for-stm32.13.3.rel1.win32_1.0.0.202411081344/tools/bin/../lib/gcc/arm-none-eabi/13.3.1/../../../../arm-none-eabi/lib/thumb/v7e-m+fp/hard\libc_nano.a(libc_a-mallocr.o)
                0x20000318                __malloc_free_list
 *(COMMON)
                0x2000031c                        . = ALIGN (0x4)
                0x2000031c                        _ebss = .
                0x2000031c                        __bss_end__ = _ebss

._user_heap_stack
                0x2000031c      0x604
                0x20000320                        . = ALIGN (0x8)
 *fill*         0x2000031c        0x4 
                [!provide]                        PROVIDE (end = .)
                0x20000320                        PROVIDE (_end = .)
                0x20000520                        . = (. + _Min_Heap_Size)
 *fill*         0x20000320      0x200 
                0x20000920                        . = (. + _Min_Stack_Size)
 *fill*         0x20000520      0x400 
                0x20000920                        . = ALIGN (0x8)

/DISCARD/
 libc.a(*)
 libm.a(*)
 libgcc.a(*)

.ARM.attributes
                0x00000000       0x30
 *(.ARM.attributes)
 .ARM.attributes
                0x00000000       0x22 D:/CODIng/Embedded C/MCU1/SETUP/STM32CubeIDE_1.16.0/STM32CubeIDE/plugins/com.st.stm32cube.ide.mcu.externaltools.gnu-tools-for-stm32.13.3.rel1.win32_1.0.0.202411081344/tools/bin/../lib/gcc/arm-none-eabi/13.3.1/thumb/v7e-m+fp/hard/crti.o
 .ARM.attributes
                0x00000022       0x34 D:/CODIng/Embedded C/MCU1/SETUP/STM32CubeIDE_1.16.0/STM32CubeIDE/plugins/com.st.stm32cube.ide.mcu.externaltools.gnu-tools-for-stm32.13.3.rel1.win32_1.0.0.202411081344/tools/bin/../lib/gcc/arm-none-eabi/13.3.1/thumb/v7e-m+fp/hard/crtbegin.o
 .ARM.attributes
                0x00000056       0x34 ./Core/Src/7seg.o
 .ARM.attributes
                0x0000008a       0x34 ./Core/Src/irda.o
 .ARM.attributes
                0x000000be       0x34 ./Core/Src/main.o
 .ARM.attributes
                0x000000f2       0x34 ./Core/Src/stm32f4xx_hal_msp.o
 .ARM.attributes
                0x00000126       0x34 ./Core/Src/stm32f4xx_it.o
 .ARM.attributes
                0x0000015a       0x34 ./Core/Src/sysmem.o
 .ARM.attributes
                0x0000018e       0x34 ./Core/Src/system_stm32f4xx.o
 .ARM.attributes
                0x000001c2       0x21 ./Core/Startup/startup_stm32f429zitx.o
 .ARM.attributes
                0x000001e3       0x34 ./Drivers/STM32F4xx_HAL_Driver/Src/stm32f4xx_hal.o
 .ARM.attributes
                0x00000217       0x34 ./Drivers/STM32F4xx_HAL_Driver/Src/stm32f4xx_hal_cortex.o
 .ARM.attributes
                0x0000024b       0x34 ./Drivers/STM32F4xx_HAL_Driver/Src/stm32f4xx_hal_gpio.o
 .ARM.attributes
                0x0000027f       0x34 ./Drivers/STM32F4xx_HAL_Driver/Src/stm32f4xx_hal_pwr_ex.o
 .ARM.attributes
                0x000002b3       0x34 ./Drivers/STM32F4xx_HAL_Driver/Src/stm32f4xx_hal_rcc.o
 .ARM.attributes
                0x000002e7       0x34 ./Drivers/STM32F4xx_HAL_Driver/Src/stm32f4xx_hal_tim.o
 .ARM.attributes
                0x0000031b       0x34 ./Drivers/STM32F4xx_HAL_Driver/Src/stm32f4xx_hal_tim_ex.o
 .ARM.attributes
                0x0000034f       0x34 ./Drivers/STM32F4xx_HAL_Driver/Src/stm32f4xx_hal_uart.o
 .ARM.attributes
                0x00000383       0x34 D:/CODIng/Embedded C/MCU1/SETUP/STM32CubeIDE_1.16.0/STM32CubeIDE/plugins/com.st.stm32cube.ide.mcu.externaltools.gnu-tools-for-stm32.13.3.rel1.win32_1.0.0.202411081344/tools/bin/../lib/gcc/arm-none-eabi/13.3.1/../../../../arm-none-eabi/lib/thumb/v7e-m+fp/hard\libc_nano.a(libc_a-findfp.o)
 .ARM.attributes
                0x000003b7       0x34 D:/CODIng/Embedded C/MCU1/SETUP/STM32CubeIDE_1.16.0/STM32CubeIDE/plugins/com.st.stm32cube.ide.mcu.externaltools.gnu-tools-for-stm32.13.3.rel1.win32_1.0.0.202411081344/tools/bin/../lib/gcc/arm-none-eabi/13.3.1/../../../../arm-none-eabi/lib/thumb/v7e-m+fp/hard\libc_nano.a(libc_a-sprintf.o)
 .ARM.attributes
                0x000003eb       0x34 D:/CODIng/Embedded C/MCU1/SETUP/STM32CubeIDE_1.16.0/STM32CubeIDE/plugins/com.st.stm32cube.ide.mcu.externaltools.gnu-tools-for-stm32.13.3.rel1.win32_1.0.0.202411081344/tools/bin/../lib/gcc/arm-none-eabi/13.3.1/../../../../arm-none-eabi/lib/thumb/v7e-m+fp/hard\libc_nano.a(libc_a-memset.o)
 .ARM.attributes
                0x0000041f       0x34 D:/CODIng/Embedded C/MCU1/SETUP/STM32CubeIDE_1.16.0/STM32CubeIDE/plugins/com.st.stm32cube.ide.mcu.externaltools.gnu-tools-for-stm32.13.3.rel1.win32_1.0.0.202411081344/tools/bin/../lib/gcc/arm-none-eabi/13.3.1/../../../../arm-none-eabi/lib/thumb/v7e-m+fp/hard\libc_nano.a(libc_a-reent.o)
 .ARM.attributes
                0x00000453       0x34 D:/CODIng/Embedded C/MCU1/SETUP/STM32CubeIDE_1.16.0/STM32CubeIDE/plugins/com.st.stm32cube.ide.mcu.externaltools.gnu-tools-for-stm32.13.3.rel1.win32_1.0.0.202411081344/tools/bin/../lib/gcc/arm-none-eabi/13.3.1/../../../../arm-none-eabi/lib/thumb/v7e-m+fp/hard\libc_nano.a(libc_a-impure.o)
 .ARM.attributes
                0x00000487       0x34 D:/CODIng/Embedded C/MCU1/SETUP/STM32CubeIDE_1.16.0/STM32CubeIDE/plugins/com.st.stm32cube.ide.mcu.externaltools.gnu-tools-for-stm32.13.3.rel1.win32_1.0.0.202411081344/tools/bin/../lib/gcc/arm-none-eabi/13.3.1/../../../../arm-none-eabi/lib/thumb/v7e-m+fp/hard\libc_nano.a(libc_a-errno.o)
 .ARM.attributes
                0x000004bb       0x34 D:/CODIng/Embedded C/MCU1/SETUP/STM32CubeIDE_1.16.0/STM32CubeIDE/plugins/com.st.stm32cube.ide.mcu.externaltools.gnu-tools-for-stm32.13.3.rel1.win32_1.0.0.202411081344/tools/bin/../lib/gcc/arm-none-eabi/13.3.1/../../../../arm-none-eabi/lib/thumb/v7e-m+fp/hard\libc_nano.a(libc_a-init.o)
 .ARM.attributes
                0x000004ef       0x34 D:/CODIng/Embedded C/MCU1/SETUP/STM32CubeIDE_1.16.0/STM32CubeIDE/plugins/com.st.stm32cube.ide.mcu.externaltools.gnu-tools-for-stm32.13.3.rel1.win32_1.0.0.202411081344/tools/bin/../lib/gcc/arm-none-eabi/13.3.1/../../../../arm-none-eabi/lib/thumb/v7e-m+fp/hard\libc_nano.a(libc_a-lock.o)
 .ARM.attributes
                0x00000523       0x17 D:/CODIng/Embedded C/MCU1/SETUP/STM32CubeIDE_1.16.0/STM32CubeIDE/plugins/com.st.stm32cube.ide.mcu.externaltools.gnu-tools-for-stm32.13.3.rel1.win32_1.0.0.202411081344/tools/bin/../lib/gcc/arm-none-eabi/13.3.1/../../../../arm-none-eabi/lib/thumb/v7e-m+fp/hard\libc_nano.a(libc_a-strlen.o)
 .ARM.attributes
                0x0000053a       0x34 D:/CODIng/Embedded C/MCU1/SETUP/STM32CubeIDE_1.16.0/STM32CubeIDE/plugins/com.st.stm32cube.ide.mcu.externaltools.gnu-tools-for-stm32.13.3.rel1.win32_1.0.0.202411081344/tools/bin/../lib/gcc/arm-none-eabi/13.3.1/../../../../arm-none-eabi/lib/thumb/v7e-m+fp/hard\libc_nano.a(libc_a-freer.o)
 .ARM.attributes
                0x0000056e       0x34 D:/CODIng/Embedded C/MCU1/SETUP/STM32CubeIDE_1.16.0/STM32CubeIDE/plugins/com.st.stm32cube.ide.mcu.externaltools.gnu-tools-for-stm32.13.3.rel1.win32_1.0.0.202411081344/tools/bin/../lib/gcc/arm-none-eabi/13.3.1/../../../../arm-none-eabi/lib/thumb/v7e-m+fp/hard\libc_nano.a(libc_a-mallocr.o)
 .ARM.attributes
                0x000005a2       0x34 D:/CODIng/Embedded C/MCU1/SETUP/STM32CubeIDE_1.16.0/STM32CubeIDE/plugins/com.st.stm32cube.ide.mcu.externaltools.gnu-tools-for-stm32.13.3.rel1.win32_1.0.0.202411081344/tools/bin/../lib/gcc/arm-none-eabi/13.3.1/../../../../arm-none-eabi/lib/thumb/v7e-m+fp/hard\libc_nano.a(libc_a-mlock.o)
 .ARM.attributes
                0x000005d6       0x34 D:/CODIng/Embedded C/MCU1/SETUP/STM32CubeIDE_1.16.0/STM32CubeIDE/plugins/com.st.stm32cube.ide.mcu.externaltools.gnu-tools-for-stm32.13.3.rel1.win32_1.0.0.202411081344/tools/bin/../lib/gcc/arm-none-eabi/13.3.1/../../../../arm-none-eabi/lib/thumb/v7e-m+fp/hard\libc_nano.a(libc_a-nano-svfprintf.o)
 .ARM.attributes
                0x0000060a       0x34 D:/CODIng/Embedded C/MCU1/SETUP/STM32CubeIDE_1.16.0/STM32CubeIDE/plugins/com.st.stm32cube.ide.mcu.externaltools.gnu-tools-for-stm32.13.3.rel1.win32_1.0.0.202411081344/tools/bin/../lib/gcc/arm-none-eabi/13.3.1/../../../../arm-none-eabi/lib/thumb/v7e-m+fp/hard\libc_nano.a(libc_a-nano-vfprintf_i.o)
 .ARM.attributes
                0x0000063e       0x34 D:/CODIng/Embedded C/MCU1/SETUP/STM32CubeIDE_1.16.0/STM32CubeIDE/plugins/com.st.stm32cube.ide.mcu.externaltools.gnu-tools-for-stm32.13.3.rel1.win32_1.0.0.202411081344/tools/bin/../lib/gcc/arm-none-eabi/13.3.1/../../../../arm-none-eabi/lib/thumb/v7e-m+fp/hard\libc_nano.a(libc_a-memmove.o)
 .ARM.attributes
                0x00000672       0x34 D:/CODIng/Embedded C/MCU1/SETUP/STM32CubeIDE_1.16.0/STM32CubeIDE/plugins/com.st.stm32cube.ide.mcu.externaltools.gnu-tools-for-stm32.13.3.rel1.win32_1.0.0.202411081344/tools/bin/../lib/gcc/arm-none-eabi/13.3.1/../../../../arm-none-eabi/lib/thumb/v7e-m+fp/hard\libc_nano.a(libc_a-sbrkr.o)
 .ARM.attributes
                0x000006a6       0x1c D:/CODIng/Embedded C/MCU1/SETUP/STM32CubeIDE_1.16.0/STM32CubeIDE/plugins/com.st.stm32cube.ide.mcu.externaltools.gnu-tools-for-stm32.13.3.rel1.win32_1.0.0.202411081344/tools/bin/../lib/gcc/arm-none-eabi/13.3.1/../../../../arm-none-eabi/lib/thumb/v7e-m+fp/hard\libc_nano.a(libc_a-memchr.o)
 .ARM.attributes
                0x000006c2       0x34 D:/CODIng/Embedded C/MCU1/SETUP/STM32CubeIDE_1.16.0/STM32CubeIDE/plugins/com.st.stm32cube.ide.mcu.externaltools.gnu-tools-for-stm32.13.3.rel1.win32_1.0.0.202411081344/tools/bin/../lib/gcc/arm-none-eabi/13.3.1/../../../../arm-none-eabi/lib/thumb/v7e-m+fp/hard\libc_nano.a(libc_a-memcpy-stub.o)
 .ARM.attributes
                0x000006f6       0x34 D:/CODIng/Embedded C/MCU1/SETUP/STM32CubeIDE_1.16.0/STM32CubeIDE/plugins/com.st.stm32cube.ide.mcu.externaltools.gnu-tools-for-stm32.13.3.rel1.win32_1.0.0.202411081344/tools/bin/../lib/gcc/arm-none-eabi/13.3.1/../../../../arm-none-eabi/lib/thumb/v7e-m+fp/hard\libc_nano.a(libc_a-reallocr.o)
 .ARM.attributes
                0x0000072a       0x34 D:/CODIng/Embedded C/MCU1/SETUP/STM32CubeIDE_1.16.0/STM32CubeIDE/plugins/com.st.stm32cube.ide.mcu.externaltools.gnu-tools-for-stm32.13.3.rel1.win32_1.0.0.202411081344/tools/bin/../lib/gcc/arm-none-eabi/13.3.1/../../../../arm-none-eabi/lib/thumb/v7e-m+fp/hard\libc_nano.a(libc_a-msizer.o)
 .ARM.attributes
                0x0000075e       0x22 D:/CODIng/Embedded C/MCU1/SETUP/STM32CubeIDE_1.16.0/STM32CubeIDE/plugins/com.st.stm32cube.ide.mcu.externaltools.gnu-tools-for-stm32.13.3.rel1.win32_1.0.0.202411081344/tools/bin/../lib/gcc/arm-none-eabi/13.3.1/thumb/v7e-m+fp/hard\libgcc.a(_aeabi_uldivmod.o)
 .ARM.attributes
                0x00000780       0x34 D:/CODIng/Embedded C/MCU1/SETUP/STM32CubeIDE_1.16.0/STM32CubeIDE/plugins/com.st.stm32cube.ide.mcu.externaltools.gnu-tools-for-stm32.13.3.rel1.win32_1.0.0.202411081344/tools/bin/../lib/gcc/arm-none-eabi/13.3.1/thumb/v7e-m+fp/hard\libgcc.a(_udivmoddi4.o)
 .ARM.attributes
                0x000007b4       0x22 D:/CODIng/Embedded C/MCU1/SETUP/STM32CubeIDE_1.16.0/STM32CubeIDE/plugins/com.st.stm32cube.ide.mcu.externaltools.gnu-tools-for-stm32.13.3.rel1.win32_1.0.0.202411081344/tools/bin/../lib/gcc/arm-none-eabi/13.3.1/thumb/v7e-m+fp/hard\libgcc.a(_dvmd_tls.o)
 .ARM.attributes
                0x000007d6       0x22 D:/CODIng/Embedded C/MCU1/SETUP/STM32CubeIDE_1.16.0/STM32CubeIDE/plugins/com.st.stm32cube.ide.mcu.externaltools.gnu-tools-for-stm32.13.3.rel1.win32_1.0.0.202411081344/tools/bin/../lib/gcc/arm-none-eabi/13.3.1/thumb/v7e-m+fp/hard/crtn.o
OUTPUT(IrRemoteControl.elf elf32-littlearm)
LOAD linker stubs
LOAD D:/CODIng/Embedded C/MCU1/SETUP/STM32CubeIDE_1.16.0/STM32CubeIDE/plugins/com.st.stm32cube.ide.mcu.externaltools.gnu-tools-for-stm32.13.3.rel1.win32_1.0.0.202411081344/tools/bin/../lib/gcc/arm-none-eabi/13.3.1/../../../../arm-none-eabi/lib/thumb/v7e-m+fp/hard\libc.a
LOAD D:/CODIng/Embedded C/MCU1/SETUP/STM32CubeIDE_1.16.0/STM32CubeIDE/plugins/com.st.stm32cube.ide.mcu.externaltools.gnu-tools-for-stm32.13.3.rel1.win32_1.0.0.202411081344/tools/bin/../lib/gcc/arm-none-eabi/13.3.1/../../../../arm-none-eabi/lib/thumb/v7e-m+fp/hard\libm.a
LOAD D:/CODIng/Embedded C/MCU1/SETUP/STM32CubeIDE_1.16.0/STM32CubeIDE/plugins/com.st.stm32cube.ide.mcu.externaltools.gnu-tools-for-stm32.13.3.rel1.win32_1.0.0.202411081344/tools/bin/../lib/gcc/arm-none-eabi/13.3.1/thumb/v7e-m+fp/hard\libgcc.a

.debug_info     0x00000000     0xd267
 .debug_info    0x00000000      0x22c ./Core/Src/7seg.o
 .debug_info    0x0000022c      0x25c ./Core/Src/irda.o
 .debug_info    0x00000488     0x1487 ./Core/Src/main.o
 .debug_info    0x0000190f      0xf77 ./Core/Src/stm32f4xx_hal_msp.o
 .debug_info    0x00002886      0x778 ./Core/Src/stm32f4xx_it.o
 .debug_info    0x00002ffe      0x168 ./Core/Src/sysmem.o
 .debug_info    0x00003166      0x52e ./Core/Src/system_stm32f4xx.o
 .debug_info    0x00003694       0x30 ./Core/Startup/startup_stm32f429zitx.o
 .debug_info    0x000036c4      0x9ba ./Drivers/STM32F4xx_HAL_Driver/Src/stm32f4xx_hal.o
 .debug_info    0x0000407e      0xdc2 ./Drivers/STM32F4xx_HAL_Driver/Src/stm32f4xx_hal_cortex.o
 .debug_info    0x00004e40      0x6db ./Drivers/STM32F4xx_HAL_Driver/Src/stm32f4xx_hal_gpio.o
 .debug_info    0x0000551b      0x6be ./Drivers/STM32F4xx_HAL_Driver/Src/stm32f4xx_hal_pwr_ex.o
 .debug_info    0x00005bd9      0x8c7 ./Drivers/STM32F4xx_HAL_Driver/Src/stm32f4xx_hal_rcc.o
 .debug_info    0x000064a0     0x299d ./Drivers/STM32F4xx_HAL_Driver/Src/stm32f4xx_hal_tim.o
 .debug_info    0x00008e3d     0x14db ./Drivers/STM32F4xx_HAL_Driver/Src/stm32f4xx_hal_tim_ex.o
 .debug_info    0x0000a318     0x2f4f ./Drivers/STM32F4xx_HAL_Driver/Src/stm32f4xx_hal_uart.o

.debug_abbrev   0x00000000     0x1f75
 .debug_abbrev  0x00000000      0x154 ./Core/Src/7seg.o
 .debug_abbrev  0x00000154      0x156 ./Core/Src/irda.o
 .debug_abbrev  0x000002aa      0x348 ./Core/Src/main.o
 .debug_abbrev  0x000005f2      0x1de ./Core/Src/stm32f4xx_hal_msp.o
 .debug_abbrev  0x000007d0      0x217 ./Core/Src/stm32f4xx_it.o
 .debug_abbrev  0x000009e7       0xbc ./Core/Src/sysmem.o
 .debug_abbrev  0x00000aa3      0x11a ./Core/Src/system_stm32f4xx.o
 .debug_abbrev  0x00000bbd       0x24 ./Core/Startup/startup_stm32f429zitx.o
 .debug_abbrev  0x00000be1      0x214 ./Drivers/STM32F4xx_HAL_Driver/Src/stm32f4xx_hal.o
 .debug_abbrev  0x00000df5      0x31d ./Drivers/STM32F4xx_HAL_Driver/Src/stm32f4xx_hal_cortex.o
 .debug_abbrev  0x00001112      0x1d4 ./Drivers/STM32F4xx_HAL_Driver/Src/stm32f4xx_hal_gpio.o
 .debug_abbrev  0x000012e6      0x1cf ./Drivers/STM32F4xx_HAL_Driver/Src/stm32f4xx_hal_pwr_ex.o
 .debug_abbrev  0x000014b5      0x2b7 ./Drivers/STM32F4xx_HAL_Driver/Src/stm32f4xx_hal_rcc.o
 .debug_abbrev  0x0000176c      0x278 ./Drivers/STM32F4xx_HAL_Driver/Src/stm32f4xx_hal_tim.o
 .debug_abbrev  0x000019e4      0x283 ./Drivers/STM32F4xx_HAL_Driver/Src/stm32f4xx_hal_tim_ex.o
 .debug_abbrev  0x00001c67      0x30e ./Drivers/STM32F4xx_HAL_Driver/Src/stm32f4xx_hal_uart.o

.debug_aranges  0x00000000      0xc78
 .debug_aranges
                0x00000000       0x28 ./Core/Src/7seg.o
 .debug_aranges
                0x00000028       0x28 ./Core/Src/irda.o
 .debug_aranges
                0x00000050       0x58 ./Core/Src/main.o
 .debug_aranges
                0x000000a8       0x40 ./Core/Src/stm32f4xx_hal_msp.o
 .debug_aranges
                0x000000e8       0x70 ./Core/Src/stm32f4xx_it.o
 .debug_aranges
                0x00000158       0x20 ./Core/Src/sysmem.o
 .debug_aranges
                0x00000178       0x28 ./Core/Src/system_stm32f4xx.o
 .debug_aranges
                0x000001a0       0x28 ./Core/Startup/startup_stm32f429zitx.o
 .debug_aranges
                0x000001c8      0x100 ./Drivers/STM32F4xx_HAL_Driver/Src/stm32f4xx_hal.o
 .debug_aranges
                0x000002c8      0x130 ./Drivers/STM32F4xx_HAL_Driver/Src/stm32f4xx_hal_cortex.o
 .debug_aranges
                0x000003f8       0x58 ./Drivers/STM32F4xx_HAL_Driver/Src/stm32f4xx_hal_gpio.o
 .debug_aranges
                0x00000450       0x60 ./Drivers/STM32F4xx_HAL_Driver/Src/stm32f4xx_hal_pwr_ex.o
 .debug_aranges
                0x000004b0       0x88 ./Drivers/STM32F4xx_HAL_Driver/Src/stm32f4xx_hal_rcc.o
 .debug_aranges
                0x00000538      0x3d0 ./Drivers/STM32F4xx_HAL_Driver/Src/stm32f4xx_hal_tim.o
 .debug_aranges
                0x00000908      0x168 ./Drivers/STM32F4xx_HAL_Driver/Src/stm32f4xx_hal_tim_ex.o
 .debug_aranges
                0x00000a70      0x208 ./Drivers/STM32F4xx_HAL_Driver/Src/stm32f4xx_hal_uart.o

.debug_rnglists
                0x00000000      0x9d2
 .debug_rnglists
                0x00000000       0x1a ./Core/Src/7seg.o
 .debug_rnglists
                0x0000001a       0x19 ./Core/Src/irda.o
 .debug_rnglists
                0x00000033       0x5c ./Core/Src/main.o
 .debug_rnglists
                0x0000008f       0x2c ./Core/Src/stm32f4xx_hal_msp.o
 .debug_rnglists
                0x000000bb       0x4f ./Core/Src/stm32f4xx_it.o
 .debug_rnglists
                0x0000010a       0x13 ./Core/Src/sysmem.o
 .debug_rnglists
                0x0000011d       0x1a ./Core/Src/system_stm32f4xx.o
 .debug_rnglists
                0x00000137       0x19 ./Core/Startup/startup_stm32f429zitx.o
 .debug_rnglists
                0x00000150       0xbb ./Drivers/STM32F4xx_HAL_Driver/Src/stm32f4xx_hal.o
 .debug_rnglists
                0x0000020b       0xe0 ./Drivers/STM32F4xx_HAL_Driver/Src/stm32f4xx_hal_cortex.o
 .debug_rnglists
                0x000002eb       0x3f ./Drivers/STM32F4xx_HAL_Driver/Src/stm32f4xx_hal_gpio.o
 .debug_rnglists
                0x0000032a       0x47 ./Drivers/STM32F4xx_HAL_Driver/Src/stm32f4xx_hal_pwr_ex.o
 .debug_rnglists
                0x00000371       0x66 ./Drivers/STM32F4xx_HAL_Driver/Src/stm32f4xx_hal_rcc.o
 .debug_rnglists
                0x000003d7      0x31a ./Drivers/STM32F4xx_HAL_Driver/Src/stm32f4xx_hal_tim.o
 .debug_rnglists
                0x000006f1      0x125 ./Drivers/STM32F4xx_HAL_Driver/Src/stm32f4xx_hal_tim_ex.o
 .debug_rnglists
                0x00000816      0x1bc ./Drivers/STM32F4xx_HAL_Driver/Src/stm32f4xx_hal_uart.o

.debug_macro    0x00000000    0x23c0b
 .debug_macro   0x00000000      0x1e1 ./Core/Src/7seg.o
 .debug_macro   0x000001e1      0xad8 ./Core/Src/7seg.o
 .debug_macro   0x00000cb9      0x29b ./Core/Src/7seg.o
 .debug_macro   0x00000f54       0x2e ./Core/Src/7seg.o
 .debug_macro   0x00000f82       0x28 ./Core/Src/7seg.o
 .debug_macro   0x00000faa       0x22 ./Core/Src/7seg.o
 .debug_macro   0x00000fcc       0x8e ./Core/Src/7seg.o
 .debug_macro   0x0000105a       0x51 ./Core/Src/7seg.o
 .debug_macro   0x000010ab      0x103 ./Core/Src/7seg.o
 .debug_macro   0x000011ae       0x6a ./Core/Src/7seg.o
 .debug_macro   0x00001218      0x1df ./Core/Src/7seg.o
 .debug_macro   0x000013f7       0x1c ./Core/Src/7seg.o
 .debug_macro   0x00001413       0x22 ./Core/Src/7seg.o
 .debug_macro   0x00001435       0xfb ./Core/Src/7seg.o
 .debug_macro   0x00001530     0x1011 ./Core/Src/7seg.o
 .debug_macro   0x00002541      0x11f ./Core/Src/7seg.o
 .debug_macro   0x00002660    0x17fd8 ./Core/Src/7seg.o
 .debug_macro   0x0001a638       0x6d ./Core/Src/7seg.o
 .debug_macro   0x0001a6a5     0x3711 ./Core/Src/7seg.o
 .debug_macro   0x0001ddb6      0x190 ./Core/Src/7seg.o
 .debug_macro   0x0001df46       0x5c ./Core/Src/7seg.o
 .debug_macro   0x0001dfa2      0xcba ./Core/Src/7seg.o
 .debug_macro   0x0001ec5c      0x9e9 ./Core/Src/7seg.o
 .debug_macro   0x0001f645      0x115 ./Core/Src/7seg.o
 .debug_macro   0x0001f75a      0x156 ./Core/Src/7seg.o
 .debug_macro   0x0001f8b0       0xa5 ./Core/Src/7seg.o
 .debug_macro   0x0001f955      0x182 ./Core/Src/7seg.o
 .debug_macro   0x0001fad7      0x287 ./Core/Src/7seg.o
 .debug_macro   0x0001fd5e       0x5f ./Core/Src/7seg.o
 .debug_macro   0x0001fdbd      0x236 ./Core/Src/7seg.o
 .debug_macro   0x0001fff3      0x132 ./Core/Src/7seg.o
 .debug_macro   0x00020125      0x41d ./Core/Src/7seg.o
 .debug_macro   0x00020542       0x2e ./Core/Src/7seg.o
 .debug_macro   0x00020570      0x127 ./Core/Src/7seg.o
 .debug_macro   0x00020697       0xe2 ./Core/Src/7seg.o
 .debug_macro   0x00020779       0x89 ./Core/Src/7seg.o
 .debug_macro   0x00020802      0x8ed ./Core/Src/7seg.o
 .debug_macro   0x000210ef       0x4d ./Core/Src/7seg.o
 .debug_macro   0x0002113c      0x2aa ./Core/Src/7seg.o
 .debug_macro   0x000213e6      0x134 ./Core/Src/7seg.o
 .debug_macro   0x0002151a       0x82 ./Core/Src/7seg.o
 .debug_macro   0x0002159c      0x1d8 ./Core/Src/irda.o
 .debug_macro   0x00021774      0x2f3 ./Core/Src/main.o
 .debug_macro   0x00021a67       0x61 ./Core/Src/main.o
 .debug_macro   0x00021ac8       0x2a ./Core/Src/main.o
 .debug_macro   0x00021af2       0x43 ./Core/Src/main.o
 .debug_macro   0x00021b35       0x34 ./Core/Src/main.o
 .debug_macro   0x00021b69       0x16 ./Core/Src/main.o
 .debug_macro   0x00021b7f       0x3c ./Core/Src/main.o
 .debug_macro   0x00021bbb      0x370 ./Core/Src/main.o
 .debug_macro   0x00021f2b       0x10 ./Core/Src/main.o
 .debug_macro   0x00021f3b       0x16 ./Core/Src/main.o
 .debug_macro   0x00021f51       0x4a ./Core/Src/main.o
 .debug_macro   0x00021f9b       0x34 ./Core/Src/main.o
 .debug_macro   0x00021fcf       0x10 ./Core/Src/main.o
 .debug_macro   0x00021fdf       0x58 ./Core/Src/main.o
 .debug_macro   0x00022037       0x8e ./Core/Src/main.o
 .debug_macro   0x000220c5       0x1c ./Core/Src/main.o
 .debug_macro   0x000220e1      0x185 ./Core/Src/main.o
 .debug_macro   0x00022266       0x16 ./Core/Src/main.o
 .debug_macro   0x0002227c       0x16 ./Core/Src/main.o
 .debug_macro   0x00022292      0x146 ./Core/Src/main.o
 .debug_macro   0x000223d8       0x16 ./Core/Src/main.o
 .debug_macro   0x000223ee       0x20 ./Core/Src/main.o
 .debug_macro   0x0002240e      0x1d8 ./Core/Src/stm32f4xx_hal_msp.o
 .debug_macro   0x000225e6      0x1f5 ./Core/Src/stm32f4xx_it.o
 .debug_macro   0x000227db      0x112 ./Core/Src/sysmem.o
 .debug_macro   0x000228ed      0x23c ./Core/Src/sysmem.o
 .debug_macro   0x00022b29      0x1ce ./Core/Src/system_stm32f4xx.o
 .debug_macro   0x00022cf7      0x22e ./Drivers/STM32F4xx_HAL_Driver/Src/stm32f4xx_hal.o
 .debug_macro   0x00022f25      0x1ce ./Drivers/STM32F4xx_HAL_Driver/Src/stm32f4xx_hal_cortex.o
 .debug_macro   0x000230f3      0x1d4 ./Drivers/STM32F4xx_HAL_Driver/Src/stm32f4xx_hal_gpio.o
 .debug_macro   0x000232c7      0x1e6 ./Drivers/STM32F4xx_HAL_Driver/Src/stm32f4xx_hal_pwr_ex.o
 .debug_macro   0x000234ad      0x1f2 ./Drivers/STM32F4xx_HAL_Driver/Src/stm32f4xx_hal_rcc.o
 .debug_macro   0x0002369f      0x1cf ./Drivers/STM32F4xx_HAL_Driver/Src/stm32f4xx_hal_tim.o
 .debug_macro   0x0002386e      0x1ce ./Drivers/STM32F4xx_HAL_Driver/Src/stm32f4xx_hal_tim_ex.o
 .debug_macro   0x00023a3c      0x1cf ./Drivers/STM32F4xx_HAL_Driver/Src/stm32f4xx_hal_uart.o

.debug_line     0x00000000     0xe8fb
 .debug_line    0x00000000      0x801 ./Core/Src/7seg.o
 .debug_line    0x00000801      0x787 ./Core/Src/irda.o
 .debug_line    0x00000f88      0xbb1 ./Core/Src/main.o
 .debug_line    0x00001b39      0x7a6 ./Core/Src/stm32f4xx_hal_msp.o
 .debug_line    0x000022df      0x817 ./Core/Src/stm32f4xx_it.o
 .debug_line    0x00002af6      0x57a ./Core/Src/sysmem.o
 .debug_line    0x00003070      0x7a3 ./Core/Src/system_stm32f4xx.o
 .debug_line    0x00003813       0x7a ./Core/Startup/startup_stm32f429zitx.o
 .debug_line    0x0000388d      0xa46 ./Drivers/STM32F4xx_HAL_Driver/Src/stm32f4xx_hal.o
 .debug_line    0x000042d3      0xce0 ./Drivers/STM32F4xx_HAL_Driver/Src/stm32f4xx_hal_cortex.o
 .debug_line    0x00004fb3      0xb90 ./Drivers/STM32F4xx_HAL_Driver/Src/stm32f4xx_hal_gpio.o
 .debug_line    0x00005b43      0x97d ./Drivers/STM32F4xx_HAL_Driver/Src/stm32f4xx_hal_pwr_ex.o
 .debug_line    0x000064c0      0xe1f ./Drivers/STM32F4xx_HAL_Driver/Src/stm32f4xx_hal_rcc.o
 .debug_line    0x000072df     0x378d ./Drivers/STM32F4xx_HAL_Driver/Src/stm32f4xx_hal_tim.o
 .debug_line    0x0000aa6c     0x1970 ./Drivers/STM32F4xx_HAL_Driver/Src/stm32f4xx_hal_tim_ex.o
 .debug_line    0x0000c3dc     0x251f ./Drivers/STM32F4xx_HAL_Driver/Src/stm32f4xx_hal_uart.o

.debug_str      0x00000000    0xda4f8
 .debug_str     0x00000000    0xda4f8 ./Core/Src/7seg.o
                              0xd2f84 (size before relaxing)
 .debug_str     0x000da4f8    0xd2de1 ./Core/Src/irda.o
 .debug_str     0x000da4f8    0xd7912 ./Core/Src/main.o
 .debug_str     0x000da4f8    0xd3bfa ./Core/Src/stm32f4xx_hal_msp.o
 .debug_str     0x000da4f8    0xd3554 ./Core/Src/stm32f4xx_it.o
 .debug_str     0x000da4f8     0x7772 ./Core/Src/sysmem.o
 .debug_str     0x000da4f8    0xd2ee8 ./Core/Src/system_stm32f4xx.o
 .debug_str     0x000da4f8       0x74 ./Core/Startup/startup_stm32f429zitx.o
 .debug_str     0x000da4f8    0xd3b0b ./Drivers/STM32F4xx_HAL_Driver/Src/stm32f4xx_hal.o
 .debug_str     0x000da4f8    0xd3839 ./Drivers/STM32F4xx_HAL_Driver/Src/stm32f4xx_hal_cortex.o
 .debug_str     0x000da4f8    0xd3063 ./Drivers/STM32F4xx_HAL_Driver/Src/stm32f4xx_hal_gpio.o
 .debug_str     0x000da4f8    0xd30c0 ./Drivers/STM32F4xx_HAL_Driver/Src/stm32f4xx_hal_pwr_ex.o
 .debug_str     0x000da4f8    0xd331c ./Drivers/STM32F4xx_HAL_Driver/Src/stm32f4xx_hal_rcc.o
 .debug_str     0x000da4f8    0xd425f ./Drivers/STM32F4xx_HAL_Driver/Src/stm32f4xx_hal_tim.o
 .debug_str     0x000da4f8    0xd3a6b ./Drivers/STM32F4xx_HAL_Driver/Src/stm32f4xx_hal_tim_ex.o
 .debug_str     0x000da4f8    0xd38ea ./Drivers/STM32F4xx_HAL_Driver/Src/stm32f4xx_hal_uart.o

.comment        0x00000000       0x43
 .comment       0x00000000       0x43 ./Core/Src/7seg.o
                                 0x44 (size before relaxing)
 .comment       0x00000043       0x44 ./Core/Src/irda.o
 .comment       0x00000043       0x44 ./Core/Src/main.o
 .comment       0x00000043       0x44 ./Core/Src/stm32f4xx_hal_msp.o
 .comment       0x00000043       0x44 ./Core/Src/stm32f4xx_it.o
 .comment       0x00000043       0x44 ./Core/Src/sysmem.o
 .comment       0x00000043       0x44 ./Core/Src/system_stm32f4xx.o
 .comment       0x00000043       0x44 ./Drivers/STM32F4xx_HAL_Driver/Src/stm32f4xx_hal.o
 .comment       0x00000043       0x44 ./Drivers/STM32F4xx_HAL_Driver/Src/stm32f4xx_hal_cortex.o
 .comment       0x00000043       0x44 ./Drivers/STM32F4xx_HAL_Driver/Src/stm32f4xx_hal_gpio.o
 .comment       0x00000043       0x44 ./Drivers/STM32F4xx_HAL_Driver/Src/stm32f4xx_hal_pwr_ex.o
 .comment       0x00000043       0x44 ./Drivers/STM32F4xx_HAL_Driver/Src/stm32f4xx_hal_rcc.o
 .comment       0x00000043       0x44 ./Drivers/STM32F4xx_HAL_Driver/Src/stm32f4xx_hal_tim.o
 .comment       0x00000043       0x44 ./Drivers/STM32F4xx_HAL_Driver/Src/stm32f4xx_hal_tim_ex.o
 .comment       0x00000043       0x44 ./Drivers/STM32F4xx_HAL_Driver/Src/stm32f4xx_hal_uart.o

.debug_frame    0x00000000     0x38d4
 .debug_frame   0x00000000       0x5c ./Core/Src/7seg.o
 .debug_frame   0x0000005c       0x54 ./Core/Src/irda.o
 .debug_frame   0x000000b0      0x114 ./Core/Src/main.o
 .debug_frame   0x000001c4       0xc8 ./Core/Src/stm32f4xx_hal_msp.o
 .debug_frame   0x0000028c      0x13c ./Core/Src/stm32f4xx_it.o
 .debug_frame   0x000003c8       0x34 ./Core/Src/sysmem.o
 .debug_frame   0x000003fc       0x58 ./Core/Src/system_stm32f4xx.o
 .debug_frame   0x00000454      0x3b4 ./Drivers/STM32F4xx_HAL_Driver/Src/stm32f4xx_hal.o
 .debug_frame   0x00000808      0x508 ./Drivers/STM32F4xx_HAL_Driver/Src/stm32f4xx_hal_cortex.o
 .debug_frame   0x00000d10      0x14c ./Drivers/STM32F4xx_HAL_Driver/Src/stm32f4xx_hal_gpio.o
 .debug_frame   0x00000e5c      0x14c ./Drivers/STM32F4xx_HAL_Driver/Src/stm32f4xx_hal_pwr_ex.o
 .debug_frame   0x00000fa8      0x1f4 ./Drivers/STM32F4xx_HAL_Driver/Src/stm32f4xx_hal_rcc.o
 .debug_frame   0x0000119c     0x11c0 ./Drivers/STM32F4xx_HAL_Driver/Src/stm32f4xx_hal_tim.o
 .debug_frame   0x0000235c      0x638 ./Drivers/STM32F4xx_HAL_Driver/Src/stm32f4xx_hal_tim_ex.o
 .debug_frame   0x00002994      0x954 ./Drivers/STM32F4xx_HAL_Driver/Src/stm32f4xx_hal_uart.o
 .debug_frame   0x000032e8      0x144 D:/CODIng/Embedded C/MCU1/SETUP/STM32CubeIDE_1.16.0/STM32CubeIDE/plugins/com.st.stm32cube.ide.mcu.externaltools.gnu-tools-for-stm32.13.3.rel1.win32_1.0.0.202411081344/tools/bin/../lib/gcc/arm-none-eabi/13.3.1/../../../../arm-none-eabi/lib/thumb/v7e-m+fp/hard\libc_nano.a(libc_a-findfp.o)
 .debug_frame   0x0000342c       0x74 D:/CODIng/Embedded C/MCU1/SETUP/STM32CubeIDE_1.16.0/STM32CubeIDE/plugins/com.st.stm32cube.ide.mcu.externaltools.gnu-tools-for-stm32.13.3.rel1.win32_1.0.0.202411081344/tools/bin/../lib/gcc/arm-none-eabi/13.3.1/../../../../arm-none-eabi/lib/thumb/v7e-m+fp/hard\libc_nano.a(libc_a-sprintf.o)
 .debug_frame   0x000034a0       0x20 D:/CODIng/Embedded C/MCU1/SETUP/STM32CubeIDE_1.16.0/STM32CubeIDE/plugins/com.st.stm32cube.ide.mcu.externaltools.gnu-tools-for-stm32.13.3.rel1.win32_1.0.0.202411081344/tools/bin/../lib/gcc/arm-none-eabi/13.3.1/../../../../arm-none-eabi/lib/thumb/v7e-m+fp/hard\libc_nano.a(libc_a-memset.o)
 .debug_frame   0x000034c0       0x38 D:/CODIng/Embedded C/MCU1/SETUP/STM32CubeIDE_1.16.0/STM32CubeIDE/plugins/com.st.stm32cube.ide.mcu.externaltools.gnu-tools-for-stm32.13.3.rel1.win32_1.0.0.202411081344/tools/bin/../lib/gcc/arm-none-eabi/13.3.1/../../../../arm-none-eabi/lib/thumb/v7e-m+fp/hard\libc_nano.a(libc_a-reent.o)
 .debug_frame   0x000034f8       0x20 D:/CODIng/Embedded C/MCU1/SETUP/STM32CubeIDE_1.16.0/STM32CubeIDE/plugins/com.st.stm32cube.ide.mcu.externaltools.gnu-tools-for-stm32.13.3.rel1.win32_1.0.0.202411081344/tools/bin/../lib/gcc/arm-none-eabi/13.3.1/../../../../arm-none-eabi/lib/thumb/v7e-m+fp/hard\libc_nano.a(libc_a-errno.o)
 .debug_frame   0x00003518       0x2c D:/CODIng/Embedded C/MCU1/SETUP/STM32CubeIDE_1.16.0/STM32CubeIDE/plugins/com.st.stm32cube.ide.mcu.externaltools.gnu-tools-for-stm32.13.3.rel1.win32_1.0.0.202411081344/tools/bin/../lib/gcc/arm-none-eabi/13.3.1/../../../../arm-none-eabi/lib/thumb/v7e-m+fp/hard\libc_nano.a(libc_a-init.o)
 .debug_frame   0x00003544       0xb0 D:/CODIng/Embedded C/MCU1/SETUP/STM32CubeIDE_1.16.0/STM32CubeIDE/plugins/com.st.stm32cube.ide.mcu.externaltools.gnu-tools-for-stm32.13.3.rel1.win32_1.0.0.202411081344/tools/bin/../lib/gcc/arm-none-eabi/13.3.1/../../../../arm-none-eabi/lib/thumb/v7e-m+fp/hard\libc_nano.a(libc_a-lock.o)
 .debug_frame   0x000035f4       0x38 D:/CODIng/Embedded C/MCU1/SETUP/STM32CubeIDE_1.16.0/STM32CubeIDE/plugins/com.st.stm32cube.ide.mcu.externaltools.gnu-tools-for-stm32.13.3.rel1.win32_1.0.0.202411081344/tools/bin/../lib/gcc/arm-none-eabi/13.3.1/../../../../arm-none-eabi/lib/thumb/v7e-m+fp/hard\libc_nano.a(libc_a-freer.o)
 .debug_frame   0x0000362c       0x50 D:/CODIng/Embedded C/MCU1/SETUP/STM32CubeIDE_1.16.0/STM32CubeIDE/plugins/com.st.stm32cube.ide.mcu.externaltools.gnu-tools-for-stm32.13.3.rel1.win32_1.0.0.202411081344/tools/bin/../lib/gcc/arm-none-eabi/13.3.1/../../../../arm-none-eabi/lib/thumb/v7e-m+fp/hard\libc_nano.a(libc_a-mallocr.o)
 .debug_frame   0x0000367c       0x30 D:/CODIng/Embedded C/MCU1/SETUP/STM32CubeIDE_1.16.0/STM32CubeIDE/plugins/com.st.stm32cube.ide.mcu.externaltools.gnu-tools-for-stm32.13.3.rel1.win32_1.0.0.202411081344/tools/bin/../lib/gcc/arm-none-eabi/13.3.1/../../../../arm-none-eabi/lib/thumb/v7e-m+fp/hard\libc_nano.a(libc_a-mlock.o)
 .debug_frame   0x000036ac       0x90 D:/CODIng/Embedded C/MCU1/SETUP/STM32CubeIDE_1.16.0/STM32CubeIDE/plugins/com.st.stm32cube.ide.mcu.externaltools.gnu-tools-for-stm32.13.3.rel1.win32_1.0.0.202411081344/tools/bin/../lib/gcc/arm-none-eabi/13.3.1/../../../../arm-none-eabi/lib/thumb/v7e-m+fp/hard\libc_nano.a(libc_a-nano-svfprintf.o)
 .debug_frame   0x0000373c       0x60 D:/CODIng/Embedded C/MCU1/SETUP/STM32CubeIDE_1.16.0/STM32CubeIDE/plugins/com.st.stm32cube.ide.mcu.externaltools.gnu-tools-for-stm32.13.3.rel1.win32_1.0.0.202411081344/tools/bin/../lib/gcc/arm-none-eabi/13.3.1/../../../../arm-none-eabi/lib/thumb/v7e-m+fp/hard\libc_nano.a(libc_a-nano-vfprintf_i.o)
 .debug_frame   0x0000379c       0x28 D:/CODIng/Embedded C/MCU1/SETUP/STM32CubeIDE_1.16.0/STM32CubeIDE/plugins/com.st.stm32cube.ide.mcu.externaltools.gnu-tools-for-stm32.13.3.rel1.win32_1.0.0.202411081344/tools/bin/../lib/gcc/arm-none-eabi/13.3.1/../../../../arm-none-eabi/lib/thumb/v7e-m+fp/hard\libc_nano.a(libc_a-memmove.o)
 .debug_frame   0x000037c4       0x2c D:/CODIng/Embedded C/MCU1/SETUP/STM32CubeIDE_1.16.0/STM32CubeIDE/plugins/com.st.stm32cube.ide.mcu.externaltools.gnu-tools-for-stm32.13.3.rel1.win32_1.0.0.202411081344/tools/bin/../lib/gcc/arm-none-eabi/13.3.1/../../../../arm-none-eabi/lib/thumb/v7e-m+fp/hard\libc_nano.a(libc_a-sbrkr.o)
 .debug_frame   0x000037f0       0x28 D:/CODIng/Embedded C/MCU1/SETUP/STM32CubeIDE_1.16.0/STM32CubeIDE/plugins/com.st.stm32cube.ide.mcu.externaltools.gnu-tools-for-stm32.13.3.rel1.win32_1.0.0.202411081344/tools/bin/../lib/gcc/arm-none-eabi/13.3.1/../../../../arm-none-eabi/lib/thumb/v7e-m+fp/hard\libc_nano.a(libc_a-memcpy-stub.o)
 .debug_frame   0x00003818       0x3c D:/CODIng/Embedded C/MCU1/SETUP/STM32CubeIDE_1.16.0/STM32CubeIDE/plugins/com.st.stm32cube.ide.mcu.externaltools.gnu-tools-for-stm32.13.3.rel1.win32_1.0.0.202411081344/tools/bin/../lib/gcc/arm-none-eabi/13.3.1/../../../../arm-none-eabi/lib/thumb/v7e-m+fp/hard\libc_nano.a(libc_a-reallocr.o)
 .debug_frame   0x00003854       0x20 D:/CODIng/Embedded C/MCU1/SETUP/STM32CubeIDE_1.16.0/STM32CubeIDE/plugins/com.st.stm32cube.ide.mcu.externaltools.gnu-tools-for-stm32.13.3.rel1.win32_1.0.0.202411081344/tools/bin/../lib/gcc/arm-none-eabi/13.3.1/../../../../arm-none-eabi/lib/thumb/v7e-m+fp/hard\libc_nano.a(libc_a-msizer.o)
 .debug_frame   0x00003874       0x2c D:/CODIng/Embedded C/MCU1/SETUP/STM32CubeIDE_1.16.0/STM32CubeIDE/plugins/com.st.stm32cube.ide.mcu.externaltools.gnu-tools-for-stm32.13.3.rel1.win32_1.0.0.202411081344/tools/bin/../lib/gcc/arm-none-eabi/13.3.1/thumb/v7e-m+fp/hard\libgcc.a(_aeabi_uldivmod.o)
 .debug_frame   0x000038a0       0x34 D:/CODIng/Embedded C/MCU1/SETUP/STM32CubeIDE_1.16.0/STM32CubeIDE/plugins/com.st.stm32cube.ide.mcu.externaltools.gnu-tools-for-stm32.13.3.rel1.win32_1.0.0.202411081344/tools/bin/../lib/gcc/arm-none-eabi/13.3.1/thumb/v7e-m+fp/hard\libgcc.a(_udivmoddi4.o)

.debug_line_str
                0x00000000       0x58
 .debug_line_str
                0x00000000       0x58 ./Core/Startup/startup_stm32f429zitx.o
